Archive member included because of file (symbol)

..\libgfxusbmsdPIC32MX795F512L_ADK.a(Button.o)
                              build/default/production/_ext/1360937237/MainDemo.o (BtnCreate)
..\libgfxusbmsdPIC32MX795F512L_ADK.a(GOL.o)
                              ..\libgfxusbmsdPIC32MX795F512L_ADK.a(Button.o) (GOLSetFocus)
..\libgfxusbmsdPIC32MX795F512L_ADK.a(GOLFontDefault.o)
                              build/default/production/_ext/1360937237/MainDemo.o (GOLFontDefault)
..\libgfxusbmsdPIC32MX795F512L_ADK.a(Primitive.o)
                              build/default/production/_ext/1360937237/MainDemo.o (InitGraph)
..\libgfxusbmsdPIC32MX795F512L_ADK.a(RadioButton.o)
                              build/default/production/_ext/1360937237/MainDemo.o (RbCreate)
..\libgfxusbmsdPIC32MX795F512L_ADK.a(Slider.o)
                              build/default/production/_ext/1360937237/MainDemo.o (SldCreate)
..\libgfxusbmsdPIC32MX795F512L_ADK.a(TimeDelay.o)
                              build/default/production/_ext/1360937237/MainDemo.o (DelayMs)
..\libgfxusbmsdPIC32MX795F512L_ADK.a(DisplayDriver.o)
                              ..\libgfxusbmsdPIC32MX795F512L_ADK.a(Primitive.o) (ResetDevice)
..\libgfxusbmsdPIC32MX795F512L_ADK.a(FSIO.o)
                              build/default/production/_ext/1360937237/MainDemo.o (FSInit)
..\libgfxusbmsdPIC32MX795F512L_ADK.a(usb_host_msd.o)
                              build/default/production/_ext/1360937237/MainDemo.o (USBHostMSDTasks)
..\libgfxusbmsdPIC32MX795F512L_ADK.a(usb_host_msd_scsi.o)
                              build/default/production/_ext/1360937237/MainDemo.o (USBHostMSDSCSIMediaDetect)
..\libgfxusbmsdPIC32MX795F512L_ADK.a(usb_host.o)
                              ..\libgfxusbmsdPIC32MX795F512L_ADK.a(usb_host_msd.o) (USBHostClearEndpointErrors)
..\libgfxusbmsdPIC32MX795F512L_ADK.a(Tick.o)
                              build/default/production/_ext/1360937237/MainDemo.o (TickInit)
..\libgfxusbmsdPIC32MX795F512L_ADK.a(usb_config.o)
                              ..\libgfxusbmsdPIC32MX795F512L_ADK.a(usb_host_msd.o) (usbMediaInterfaceTable)
c:/program files (x86)/microchip/mplabc32/v2.02/bin/../lib/gcc/pic32mx/4.5.1/speed\libgcc.a(_udivdi3.o)
                              build/default/production/_ext/1360937237/MainDemo.o (__udivdi3)
c:/program files (x86)/microchip/mplabc32/v2.02/bin/../lib/gcc/pic32mx/4.5.1/speed\libgcc.a(_umoddi3.o)
                              ..\libgfxusbmsdPIC32MX795F512L_ADK.a(FSIO.o) (__umoddi3)
c:/program files (x86)/microchip/mplabc32/v2.02/bin/../lib/gcc/pic32mx/4.5.1/../../../../pic32mx/lib/speed\libc.a(memset.o)
                              ..\libgfxusbmsdPIC32MX795F512L_ADK.a(FSIO.o) (memset)
c:/program files (x86)/microchip/mplabc32/v2.02/bin/../lib/gcc/pic32mx/4.5.1/../../../../pic32mx/lib/speed\libc.a(strcpy.o)
                              ..\libgfxusbmsdPIC32MX795F512L_ADK.a(FSIO.o) (strcpy)
c:/program files (x86)/microchip/mplabc32/v2.02/bin/../lib/gcc/pic32mx/4.5.1/../../../../pic32mx/lib/speed\libc.a(strlen.o)
                              build/default/production/_ext/1360937237/MainDemo.o (strlen)
c:/program files (x86)/microchip/mplabc32/v2.02/bin/../lib/gcc/pic32mx/4.5.1/../../../../pic32mx/lib/speed\libc.a(general-exception.o)
                              c:/program files (x86)/microchip/mplabc32/v2.02/bin/../lib/gcc/pic32mx/4.5.1/../../../../pic32mx/lib/speed/crt0.o (_general_exception_context)
c:/program files (x86)/microchip/mplabc32/v2.02/bin/../lib/gcc/pic32mx/4.5.1/../../../../pic32mx/lib/speed\libc.a(ctype.o)
                              ..\libgfxusbmsdPIC32MX795F512L_ADK.a(FSIO.o) (_ctype)
c:/program files (x86)/microchip/mplabc32/v2.02/bin/../lib/gcc/pic32mx/4.5.1/../../../../pic32mx/lib/speed\libc.a(ctypef.o)
                              ..\libgfxusbmsdPIC32MX795F512L_ADK.a(FSIO.o) (tolower)
c:/program files (x86)/microchip/mplabc32/v2.02/bin/../lib/gcc/pic32mx/4.5.1/../../../../pic32mx/lib/speed\libc.a(malloc.o)
                              build/default/production/_ext/1360937237/WM8960Drv.o (malloc)
c:/program files (x86)/microchip/mplabc32/v2.02/bin/../lib/gcc/pic32mx/4.5.1/../../../../pic32mx/lib/speed\libc.a(strchr.o)
                              ..\libgfxusbmsdPIC32MX795F512L_ADK.a(FSIO.o) (strchr)
c:/program files (x86)/microchip/mplabc32/v2.02/bin/../lib/gcc/pic32mx/4.5.1/../../../../pic32mx/lib/speed\libc.a(strncpy.o)
                              ..\libgfxusbmsdPIC32MX795F512L_ADK.a(FSIO.o) (strncpy)
c:/program files (x86)/microchip/mplabc32/v2.02/bin/../lib/gcc/pic32mx/4.5.1/../../../../pic32mx/lib/speed\libc.a(sprintf_cdnopuxX.eo)
                              build/default/production/_ext/1360937237/MainDemo.o (_sprintf_cdnopuxX)
c:/program files (x86)/microchip/mplabc32/v2.02/bin/../lib/gcc/pic32mx/4.5.1/../../../../pic32mx/lib/speed\libc.a(sbrk.o)
[...]
Memory Configuration

Name             Origin             Length             Attributes
kseg0_program_mem 0x9d000000         0x00080000         xr
kseg0_boot_mem   0x9fc00490         0x00000970
exception_mem    0x9fc01000         0x00001000
kseg1_boot_mem   0xbfc00000         0x00000490
debug_exec_mem   0xbfc02000         0x00000ff0
config3          0xbfc02ff0         0x00000004
config2          0xbfc02ff4         0x00000004
config1          0xbfc02ff8         0x00000004
config0          0xbfc02ffc         0x00000004
kseg1_data_mem   0xa0000000         0x00020000         w !x
sfrs             0xbf800000         0x00100000
configsfrs       0xbfc02ff0         0x00000010
*default*        0x00000000         0xffffffff

Linker script and memory map

LOAD c:/program files (x86)/microchip/mplabc32/v2.02/bin/../lib/gcc/pic32mx/4.5.1/../../../../pic32mx/lib/speed/crt0.o
LOAD build/default/production/_ext/1360937237/Font25PixelsHeight.o
LOAD build/default/production/_ext/1360937237/icons_adb.o
LOAD build/default/production/_ext/1360937237/MainDemo.o
LOAD build/default/production/_ext/1360937237/WM8960Drv.o
LOAD ..\libgfxusbmsdPIC32MX795F512L_ADK.a
                0x00000001                __MPLAB_BUILD = 0x1
                0x00005dc0                _min_heap_size = 0x5dc0
                0x00000800                _min_stack_size = 0x800
LOAD c:/program files (x86)/microchip/mplabc32/v2.02/bin/../lib/gcc/pic32mx/4.5.1/speed\libgcc.a
START GROUP
LOAD c:/program files (x86)/microchip/mplabc32/v2.02/bin/../lib/gcc/pic32mx/4.5.1/../../../../pic32mx/lib/speed\libdebug.a
LOAD c:/program files (x86)/microchip/mplabc32/v2.02/bin/../lib/gcc/pic32mx/4.5.1/../../../../pic32mx/lib/speed\libc.a
LOAD c:/program files (x86)/microchip/mplabc32/v2.02/bin/../lib/gcc/pic32mx/4.5.1/../../../../pic32mx/lib/speed\libm.a
LOAD c:/program files (x86)/microchip/mplabc32/v2.02/bin/../lib/gcc/pic32mx/4.5.1/../../../../pic32mx/lib/speed\libe.a
LOAD c:/program files (x86)/microchip/mplabc32/v2.02/bin/../lib/gcc/pic32mx/4.5.1/../../../../pic32mx/lib/speed\libdsp.a
LOAD c:/program files (x86)/microchip/mplabc32/v2.02/bin/../lib/gcc/pic32mx/4.5.1/../../../../pic32mx/lib/speed\libmchp_peripheral.a
LOAD c:/program files (x86)/microchip/mplabc32/v2.02/bin/../lib/gcc/pic32mx/4.5.1/../../../../pic32mx/lib/speed\libmchp_peripheral_32MX795F512L.a
END GROUP
LOAD c:/program files (x86)/microchip/mplabc32/v2.02/bin/../lib/gcc/pic32mx/4.5.1/speed\libgcc.a
                0x00000400                PROVIDE (_min_stack_size, 0x400)
                0x00000000                PROVIDE (_min_heap_size, 0x0)
LOAD c:/program files (x86)/microchip/mplabc32/v2.02/bin/../lib/gcc/pic32mx/4.5.1/../../../../pic32mx/lib/./proc/32MX795F512L\processor.o
                0x00000001                PROVIDE (_vector_spacing, 0x1)
                0x9fc01000                _ebase_address = 0x9fc01000
                0xbfc00000                _RESET_ADDR = 0xbfc00000
                0xbfc00380                _BEV_EXCPT_ADDR = 0xbfc00380
                0xbfc00480                _DBG_EXCPT_ADDR = 0xbfc00480
                0xbfc02000                _DBG_CODE_ADDR = 0xbfc02000
                0x00000ff0                _DBG_CODE_SIZE = 0xff0
                0x9fc01180                _GEN_EXCPT_ADDR = (_ebase_address + 0x180)

.config_BFC02FF0
 *(.config_BFC02FF0)

.config_BFC02FF4
                0xbfc02ff4        0x4
 *(.config_BFC02FF4)
 .config_BFC02FF4
                0xbfc02ff4        0x4 build/default/production/_ext/1360937237/MainDemo.o

.config_BFC02FF8
                0xbfc02ff8        0x4
 *(.config_BFC02FF8)
 .config_BFC02FF8
                0xbfc02ff8        0x4 build/default/production/_ext/1360937237/MainDemo.o

.config_BFC02FFC
                0xbfc02ffc        0x4
 *(.config_BFC02FFC)
 .config_BFC02FFC
                0xbfc02ffc        0x4 build/default/production/_ext/1360937237/MainDemo.o
                0xbfc02000                PROVIDE (_DBG_CODE_ADDR, 0xbfc02000)
                0x00000ff0                PROVIDE (_DBG_CODE_SIZE, 0xff0)

.reset          0xbfc00000      0x1f4
 *(.reset)
 .reset         0xbfc00000       0x10 c:/program files (x86)/microchip/mplabc32/v2.02/bin/../lib/gcc/pic32mx/4.5.1/../../../../pic32mx/lib/speed/crt0.o
                0xbfc00000                _reset
 *(.reset.startup)
 .reset.startup
                0xbfc00010      0x1e4 c:/program files (x86)/microchip/mplabc32/v2.02/bin/../lib/gcc/pic32mx/4.5.1/../../../../pic32mx/lib/speed/crt0.o

.bev_excpt      0xbfc00380       0x10
 *(.bev_handler)
 .bev_handler   0xbfc00380       0x10 c:/program files (x86)/microchip/mplabc32/v2.02/bin/../lib/gcc/pic32mx/4.5.1/../../../../pic32mx/lib/speed/crt0.o

.dbg_excpt      0xbfc00480        0x0
                0xbfc00480                . = (. + DEFINED (_DEBUGGER)?0x8:0x0)

.dbg_code       0xbfc02000        0x0
                0xbfc02000                . = (. + DEFINED (_DEBUGGER)?_DBG_CODE_SIZE:0x0)

.app_excpt      0x9fc01180       0x10
 *(.gen_handler)
 .gen_handler   0x9fc01180       0x10 c:/program files (x86)/microchip/mplabc32/v2.02/bin/../lib/gcc/pic32mx/4.5.1/../../../../pic32mx/lib/speed/crt0.o

.vector_0       0x9fc01200        0x0
 *(.vector_0)
                0x00000001                ASSERT (((_vector_spacing == 0x0) || (SIZEOF (.vector_0) <= (_vector_spacing << 0x5))), function at exception vector 0 too large)

.vector_1       0x9fc01220        0x0
 *(.vector_1)
                0x00000001                ASSERT (((_vector_spacing == 0x0) || (SIZEOF (.vector_1) <= (_vector_spacing << 0x5))), function at exception vector 1 too large)

.vector_2       0x9fc01240        0x0
 *(.vector_2)
                0x00000001                ASSERT (((_vector_spacing == 0x0) || (SIZEOF (.vector_2) <= (_vector_spacing << 0x5))), function at exception vector 2 too large)

.vector_3       0x9fc01260        0x0
 *(.vector_3)
                0x00000001                ASSERT (((_vector_spacing == 0x0) || (SIZEOF (.vector_3) <= (_vector_spacing << 0x5))), function at exception vector 3 too large)

.vector_4       0x9fc01280        0x8
 *(.vector_4)
 .vector_4      0x9fc01280        0x8 ..\libgfxusbmsdPIC32MX795F512L_ADK.a(Tick.o)
                0x00000001                ASSERT (((_vector_spacing == 0x0) || (SIZEOF (.vector_4) <= (_vector_spacing << 0x5))), function at exception vector 4 too large)

.vector_5       0x9fc012a0        0x0
 *(.vector_5)
                0x00000001                ASSERT (((_vector_spacing == 0x0) || (SIZEOF (.vector_5) <= (_vector_spacing << 0x5))), function at exception vector 5 too large)

.vector_6       0x9fc012c0        0x0
 *(.vector_6)
                0x00000001                ASSERT (((_vector_spacing == 0x0) || (SIZEOF (.vector_6) <= (_vector_spacing << 0x5))), function at exception vector 6 too large)

.vector_7       0x9fc012e0        0x0
 *(.vector_7)
                0x00000001                ASSERT (((_vector_spacing == 0x0) || (SIZEOF (.vector_7) <= (_vector_spacing << 0x5))), function at exception vector 7 too large)

.vector_8       0x9fc01300        0x0
 *(.vector_8)
                0x00000001                ASSERT (((_vector_spacing == 0x0) || (SIZEOF (.vector_8) <= (_vector_spacing << 0x5))), function at exception vector 8 too large)

.vector_9       0x9fc01320        0x0
 *(.vector_9)
                0x00000001                ASSERT (((_vector_spacing == 0x0) || (SIZEOF (.vector_9) <= (_vector_spacing << 0x5))), function at exception vector 9 too large)

.vector_10      0x9fc01340        0x0
 *(.vector_10)
                0x00000001                ASSERT (((_vector_spacing == 0x0) || (SIZEOF (.vector_10) <= (_vector_spacing << 0x5))), function at exception vector 10 too large)

.vector_11      0x9fc01360        0x0
 *(.vector_11)
                0x00000001                ASSERT (((_vector_spacing == 0x0) || (SIZEOF (.vector_11) <= (_vector_spacing << 0x5))), function at exception vector 11 too large)

.vector_12      0x9fc01380        0x0
 *(.vector_12)
                0x00000001                ASSERT (((_vector_spacing == 0x0) || (SIZEOF (.vector_12) <= (_vector_spacing << 0x5))), function at exception vector 12 too large)

.vector_13      0x9fc013a0        0x0
 *(.vector_13)
                0x00000001                ASSERT (((_vector_spacing == 0x0) || (SIZEOF (.vector_13) <= (_vector_spacing << 0x5))), function at exception vector 13 too large)

.vector_14      0x9fc013c0        0x0
 *(.vector_14)
                0x00000001                ASSERT (((_vector_spacing == 0x0) || (SIZEOF (.vector_14) <= (_vector_spacing << 0x5))), function at exception vector 14 too large)

.vector_15      0x9fc013e0        0x0
 *(.vector_15)
                0x00000001                ASSERT (((_vector_spacing == 0x0) || (SIZEOF (.vector_15) <= (_vector_spacing << 0x5))), function at exception vector 15 too large)

.vector_16      0x9fc01400        0x0
 *(.vector_16)
                0x00000001                ASSERT (((_vector_spacing == 0x0) || (SIZEOF (.vector_16) <= (_vector_spacing << 0x5))), function at exception vector 16 too large)

.vector_17      0x9fc01420        0x0
 *(.vector_17)
                0x00000001                ASSERT (((_vector_spacing == 0x0) || (SIZEOF (.vector_17) <= (_vector_spacing << 0x5))), function at exception vector 17 too large)

.vector_18      0x9fc01440        0x0
 *(.vector_18)
                0x00000001                ASSERT (((_vector_spacing == 0x0) || (SIZEOF (.vector_18) <= (_vector_spacing << 0x5))), function at exception vector 18 too large)

.vector_19      0x9fc01460        0x0
 *(.vector_19)
                0x00000001                ASSERT (((_vector_spacing == 0x0) || (SIZEOF (.vector_19) <= (_vector_spacing << 0x5))), function at exception vector 19 too large)

.vector_20      0x9fc01480        0x0
 *(.vector_20)
                0x00000001                ASSERT (((_vector_spacing == 0x0) || (SIZEOF (.vector_20) <= (_vector_spacing << 0x5))), function at exception vector 20 too large)

.vector_21      0x9fc014a0        0x0
 *(.vector_21)
                0x00000001                ASSERT (((_vector_spacing == 0x0) || (SIZEOF (.vector_21) <= (_vector_spacing << 0x5))), function at exception vector 21 too large)

.vector_22      0x9fc014c0        0x0
 *(.vector_22)
                0x00000001                ASSERT (((_vector_spacing == 0x0) || (SIZEOF (.vector_22) <= (_vector_spacing << 0x5))), function at exception vector 22 too large)

.vector_23      0x9fc014e0        0x0
 *(.vector_23)
                0x00000001                ASSERT (((_vector_spacing == 0x0) || (SIZEOF (.vector_23) <= (_vector_spacing << 0x5))), function at exception vector 23 too large)

.vector_24      0x9fc01500        0x0
 *(.vector_24)
                0x00000001                ASSERT (((_vector_spacing == 0x0) || (SIZEOF (.vector_24) <= (_vector_spacing << 0x5))), function at exception vector 24 too large)

.vector_25      0x9fc01520        0x0
 *(.vector_25)
                0x00000001                ASSERT (((_vector_spacing == 0x0) || (SIZEOF (.vector_25) <= (_vector_spacing << 0x5))), function at exception vector 25 too large)

.vector_26      0x9fc01540        0x0
 *(.vector_26)
                0x00000001                ASSERT (((_vector_spacing == 0x0) || (SIZEOF (.vector_26) <= (_vector_spacing << 0x5))), function at exception vector 26 too large)

.vector_27      0x9fc01560        0x0
 *(.vector_27)
                0x00000001                ASSERT (((_vector_spacing == 0x0) || (SIZEOF (.vector_27) <= (_vector_spacing << 0x5))), function at exception vector 27 too large)

.vector_28      0x9fc01580        0x0
 *(.vector_28)
                0x00000001                ASSERT (((_vector_spacing == 0x0) || (SIZEOF (.vector_28) <= (_vector_spacing << 0x5))), function at exception vector 28 too large)

.vector_29      0x9fc015a0        0x0
 *(.vector_29)
                0x00000001                ASSERT (((_vector_spacing == 0x0) || (SIZEOF (.vector_29) <= (_vector_spacing << 0x5))), function at exception vector 29 too large)

.vector_30      0x9fc015c0        0x0
 *(.vector_30)
                0x00000001                ASSERT (((_vector_spacing == 0x0) || (SIZEOF (.vector_30) <= (_vector_spacing << 0x5))), function at exception vector 30 too large)

.vector_31      0x9fc015e0        0x0
 *(.vector_31)
                0x00000001                ASSERT (((_vector_spacing == 0x0) || (SIZEOF (.vector_31) <= (_vector_spacing << 0x5))), function at exception vector 31 too large)

.vector_32      0x9fc01600        0x0
 *(.vector_32)
                0x00000001                ASSERT (((_vector_spacing == 0x0) || (SIZEOF (.vector_32) <= (_vector_spacing << 0x5))), function at exception vector 32 too large)

.vector_33      0x9fc01620        0x0
 *(.vector_33)
                0x00000001                ASSERT (((_vector_spacing == 0x0) || (SIZEOF (.vector_33) <= (_vector_spacing << 0x5))), function at exception vector 33 too large)

.vector_34      0x9fc01640        0x0
 *(.vector_34)
                0x00000001                ASSERT (((_vector_spacing == 0x0) || (SIZEOF (.vector_34) <= (_vector_spacing << 0x5))), function at exception vector 34 too large)

.vector_35      0x9fc01660        0x0
 *(.vector_35)
                0x00000001                ASSERT (((_vector_spacing == 0x0) || (SIZEOF (.vector_35) <= (_vector_spacing << 0x5))), function at exception vector 35 too large)

.vector_36      0x9fc01680        0x8
 *(.vector_36)
 .vector_36     0x9fc01680        0x8 build/default/production/_ext/1360937237/WM8960Drv.o
                0x00000001                ASSERT (((_vector_spacing == 0x0) || (SIZEOF (.vector_36) <= (_vector_spacing << 0x5))), function at exception vector 36 too large)

.vector_37      0x9fc016a0        0x8
 *(.vector_37)
 .vector_37     0x9fc016a0        0x8 build/default/production/_ext/1360937237/WM8960Drv.o
                0x00000001                ASSERT (((_vector_spacing == 0x0) || (SIZEOF (.vector_37) <= (_vector_spacing << 0x5))), function at exception vector 37 too large)

.vector_38      0x9fc016c0        0x0
 *(.vector_38)
                0x00000001                ASSERT (((_vector_spacing == 0x0) || (SIZEOF (.vector_38) <= (_vector_spacing << 0x5))), function at exception vector 38 too large)

.vector_39      0x9fc016e0        0x0
 *(.vector_39)
                0x00000001                ASSERT (((_vector_spacing == 0x0) || (SIZEOF (.vector_39) <= (_vector_spacing << 0x5))), function at exception vector 39 too large)

.vector_40      0x9fc01700        0x0
 *(.vector_40)
                0x00000001                ASSERT (((_vector_spacing == 0x0) || (SIZEOF (.vector_40) <= (_vector_spacing << 0x5))), function at exception vector 40 too large)

.vector_41      0x9fc01720        0x0
 *(.vector_41)
                0x00000001                ASSERT (((_vector_spacing == 0x0) || (SIZEOF (.vector_41) <= (_vector_spacing << 0x5))), function at exception vector 41 too large)

.vector_42      0x9fc01740        0x0
 *(.vector_42)
                0x00000001                ASSERT (((_vector_spacing == 0x0) || (SIZEOF (.vector_42) <= (_vector_spacing << 0x5))), function at exception vector 42 too large)

.vector_43      0x9fc01760        0x0
 *(.vector_43)
                0x00000001                ASSERT (((_vector_spacing == 0x0) || (SIZEOF (.vector_43) <= (_vector_spacing << 0x5))), function at exception vector 43 too large)

.vector_44      0x9fc01780        0x0
 *(.vector_44)
                0x00000001                ASSERT (((_vector_spacing == 0x0) || (SIZEOF (.vector_44) <= (_vector_spacing << 0x5))), function at exception vector 44 too large)

.vector_45      0x9fc017a0        0x8
 *(.vector_45)
 .vector_45     0x9fc017a0        0x8 ..\libgfxusbmsdPIC32MX795F512L_ADK.a(usb_host.o)
                0x00000001                ASSERT (((_vector_spacing == 0x0) || (SIZEOF (.vector_45) <= (_vector_spacing << 0x5))), function at exception vector 45 too large)

.vector_46      0x9fc017c0        0x0
 *(.vector_46)
                0x00000001                ASSERT (((_vector_spacing == 0x0) || (SIZEOF (.vector_46) <= (_vector_spacing << 0x5))), function at exception vector 46 too large)

.vector_47      0x9fc017e0        0x0
 *(.vector_47)
                0x00000001                ASSERT (((_vector_spacing == 0x0) || (SIZEOF (.vector_47) <= (_vector_spacing << 0x5))), function at exception vector 47 too large)

.vector_48      0x9fc01800        0x0
 *(.vector_48)
                0x00000001                ASSERT (((_vector_spacing == 0x0) || (SIZEOF (.vector_48) <= (_vector_spacing << 0x5))), function at exception vector 48 too large)

.vector_49      0x9fc01820        0x0
 *(.vector_49)
                0x00000001                ASSERT (((_vector_spacing == 0x0) || (SIZEOF (.vector_49) <= (_vector_spacing << 0x5))), function at exception vector 49 too large)

.vector_50      0x9fc01840        0x0
 *(.vector_50)
                0x00000001                ASSERT (((_vector_spacing == 0x0) || (SIZEOF (.vector_50) <= (_vector_spacing << 0x5))), function at exception vector 50 too large)

.vector_51      0x9fc01860        0x0
 *(.vector_51)
                0x00000001                ASSERT (((_vector_spacing == 0x0) || (SIZEOF (.vector_51) <= (_vector_spacing << 0x5))), function at exception vector 51 too large)

.vector_52      0x9fc01880        0x0
 *(.vector_52)
                0x00000001                ASSERT (((_vector_spacing == 0x0) || (SIZEOF (.vector_52) <= (_vector_spacing << 0x5))), function at exception vector 52 too large)

.vector_53      0x9fc018a0        0x0
 *(.vector_53)
                0x00000001                ASSERT (((_vector_spacing == 0x0) || (SIZEOF (.vector_53) <= (_vector_spacing << 0x5))), function at exception vector 53 too large)

.vector_54      0x9fc018c0        0x0
 *(.vector_54)
                0x00000001                ASSERT (((_vector_spacing == 0x0) || (SIZEOF (.vector_54) <= (_vector_spacing << 0x5))), function at exception vector 54 too large)

.vector_55      0x9fc018e0        0x0
 *(.vector_55)
                0x00000001                ASSERT (((_vector_spacing == 0x0) || (SIZEOF (.vector_55) <= (_vector_spacing << 0x5))), function at exception vector 55 too large)

.vector_56      0x9fc01900        0x0
 *(.vector_56)
                0x00000001                ASSERT (((_vector_spacing == 0x0) || (SIZEOF (.vector_56) <= (_vector_spacing << 0x5))), function at exception vector 56 too large)

.vector_57      0x9fc01920        0x0
 *(.vector_57)
                0x00000001                ASSERT (((_vector_spacing == 0x0) || (SIZEOF (.vector_57) <= (_vector_spacing << 0x5))), function at exception vector 57 too large)

.vector_58      0x9fc01940        0x0
 *(.vector_58)
                0x00000001                ASSERT (((_vector_spacing == 0x0) || (SIZEOF (.vector_58) <= (_vector_spacing << 0x5))), function at exception vector 58 too large)

.vector_59      0x9fc01960        0x0
 *(.vector_59)
                0x00000001                ASSERT (((_vector_spacing == 0x0) || (SIZEOF (.vector_59) <= (_vector_spacing << 0x5))), function at exception vector 59 too large)

.vector_60      0x9fc01980        0x0
 *(.vector_60)
                0x00000001                ASSERT (((_vector_spacing == 0x0) || (SIZEOF (.vector_60) <= (_vector_spacing << 0x5))), function at exception vector 60 too large)

.vector_61      0x9fc019a0        0x0
 *(.vector_61)
                0x00000001                ASSERT (((_vector_spacing == 0x0) || (SIZEOF (.vector_61) <= (_vector_spacing << 0x5))), function at exception vector 61 too large)

.vector_62      0x9fc019c0        0x0
 *(.vector_62)
                0x00000001                ASSERT (((_vector_spacing == 0x0) || (SIZEOF (.vector_62) <= (_vector_spacing << 0x5))), function at exception vector 62 too large)

.vector_63      0x9fc019e0        0x0
 *(.vector_63)
                0x00000001                ASSERT (((_vector_spacing == 0x0) || (SIZEOF (.vector_63) <= (_vector_spacing << 0x5))), function at exception vector 63 too large)

.startup
 *(.startup)

.text
 *(.stub .gnu.linkonce.t.*)
 *(.text.*personality*)
 *(.mips16.fn.*)
 *(.mips16.call.*)
 *(.gnu.warning)

.rodata         0x9d000000        0x0
 *(.rodata.* .gnu.linkonce.r.*)
 *(.rodata1)
                0x9d000000                . = ALIGN (0x4)

.sdata2         0x9fc00490        0x0
 *(.sdata2 .sdata2.* .gnu.linkonce.s2.*)
                0x9fc00490                . = ALIGN (0x4)

.sbss2          0x9fc00490        0x0
 *(.sbss2 .sbss2.* .gnu.linkonce.sb2.*)
                0x9fc00490                . = ALIGN (0x4)

.eh_frame_hdr
 *(.eh_frame_hdr)

.eh_frame
 *(.eh_frame)

.dbg_data       0xa0000000        0x0
                0xa0000000                . = (. + DEFINED (_DEBUGGER)?0x200:0x0)

.persist        0xa0000000        0x0
                0xa0000000                _persist_begin = .
 *(.persist .persist.*)
                0xa0000000                . = ALIGN (0x4)
                0xa0000000                _persist_end = .

.eh_frame       0xa0000000       0x3c
 *(.eh_frame)
 .eh_frame      0xa0000000       0x28 c:/program files (x86)/microchip/mplabc32/v2.02/bin/../lib/gcc/pic32mx/4.5.1/speed\libgcc.a(_udivdi3.o)
 .eh_frame      0xa0000028       0x14 c:/program files (x86)/microchip/mplabc32/v2.02/bin/../lib/gcc/pic32mx/4.5.1/speed\libgcc.a(_umoddi3.o)
                                 0x28 (size before relaxing)
                0xa000003c                . = .
                0xa0008030                _gp = (ALIGN (0x10) + 0x7ff0)

.got
 *(.got.plt)
 *(.got)

.sdata          0xa000003c       0x58
                0xa000003c                _sdata_begin = .
 *(.sdata .sdata.* .gnu.linkonce.s.*)
 .sdata         0xa000003c       0x34 build/default/production/_ext/1360937237/MainDemo.o
                0xa000003c                playFlag
                0xa0000040                muteFlag
                0xa0000044                playbackFlag
                0xa0000048                volADC
                0xa000004c                volDAC
                0xa0000050                tabSetting
                0xa0000054                audioIn
                0xa0000058                countDemo
                0xa000005c                countSetting
 .sdata         0xa0000070        0x4 ..\libgfxusbmsdPIC32MX795F512L_ADK.a(Primitive.o)
 .sdata         0xa0000074        0xc ..\libgfxusbmsdPIC32MX795F512L_ADK.a(FSIO.o)
                0xa0000074                gLastFATSectorRead
                0xa0000078                gLastDataSectorRead
                0xa000007c                cwdptr
 .sdata         0xa0000080        0x4 ..\libgfxusbmsdPIC32MX795F512L_ADK.a(usb_host_msd.o)
 .sdata         0xa0000084        0x8 ..\libgfxusbmsdPIC32MX795F512L_ADK.a(usb_config.o)
                0xa0000084                usbTPL
 .sdata         0xa000008c        0x4 c:/program files (x86)/microchip/mplabc32/v2.02/bin/../lib/gcc/pic32mx/4.5.1/../../../../pic32mx/lib/speed\libc.a(_iob.o)
                0xa000008c                _Files
 .sdata         0xa0000090        0x4 c:/program files (x86)/microchip/mplabc32/v2.02/bin/../lib/gcc/pic32mx/4.5.1/../../../../pic32mx/lib/speed\libc.a(c32_uart.o)
                0xa0000090                __C32_UART
                0xa0000094                _sdata_end = .

.lit8
 *(.lit8)

.lit4
 *(.lit4)
                0xa0000094                . = ALIGN (0x4)
                0xa0000094                _data_end = .
                0xa0000094                _bss_begin = .

.sbss           0xa0000094      0x260
                0xa0000094                _sbss_begin = .
 *(.dynsbss)
 *(.sbss .sbss.* .gnu.linkonce.sb.*)
 .sbss          0xa0000094       0x28 build/default/production/_ext/1360937237/MainDemo.o
                0xa0000094                stateScreen
                0xa0000098                screenTab
                0xa000009c                buttonsFlag
                0xa00000a0                recordFlag
                0xa00000a4                secCount
                0xa00000a8                currentSampleRate
 .sbss          0xa00000bc        0x4 build/default/production/_ext/1360937237/WM8960Drv.o
 .sbss          0xa00000c0       0x10 ..\libgfxusbmsdPIC32MX795F512L_ADK.a(Button.o)
 .sbss          0xa00000d0       0x28 ..\libgfxusbmsdPIC32MX795F512L_ADK.a(GOL.o)
                0xa00000d0                _pGolObjects
                0xa00000d4                _pDefaultGolScheme
                0xa00000d8                _pObjectFocused
                0xa00000dc                GRADIENT
                0xa00000e0                _pRpnlBitmap
 .sbss          0xa00000f8       0x8c ..\libgfxusbmsdPIC32MX795F512L_ADK.a(Primitive.o)
                0xa00000f8                _bevelDrawType
 .sbss          0xa0000184       0x18 ..\libgfxusbmsdPIC32MX795F512L_ADK.a(RadioButton.o)
                0xa0000184                _pListButtons
 .sbss          0xa000019c       0x2c ..\libgfxusbmsdPIC32MX795F512L_ADK.a(Slider.o)
 .sbss          0xa00001c8       0x18 ..\libgfxusbmsdPIC32MX795F512L_ADK.a(FSIO.o)
                0xa00001c8                gNeedFATWrite
                0xa00001cc                gBufferOwner
                0xa00001d0                gNeedDataWrite
                0xa00001d4                nextClusterIsLast
                0xa00001d8                gBufferZeroed
                0xa00001dc                recache
 .sbss          0xa00001e0        0xc ..\libgfxusbmsdPIC32MX795F512L_ADK.a(usb_host_msd_scsi.o)
 .sbss          0xa00001ec       0x30 ..\libgfxusbmsdPIC32MX795F512L_ADK.a(usb_host.o)
                0xa00001ec                pCurrentConfigurationDescriptor
                0xa00001f0                pDeviceDescriptor
 .sbss          0xa000021c        0xc ..\libgfxusbmsdPIC32MX795F512L_ADK.a(Tick.o)
 .sbss          0xa0000228        0x8 c:/program files (x86)/microchip/mplabc32/v2.02/bin/../lib/gcc/pic32mx/4.5.1/../../../../pic32mx/lib/speed\libc.a(sbrk.o)
                0xa0000228                _minbrk
                0xa000022c                _maxbrk
 .sbss          0xa0000230        0x4 c:/program files (x86)/microchip/mplabc32/v2.02/bin/../lib/gcc/pic32mx/4.5.1/../../../../pic32mx/lib/speed\libc.a(errno.o)
                0xa0000230                errno
 .sbss          0xa0000234        0x1 c:/program files (x86)/microchip/mplabc32/v2.02/bin/../lib/gcc/pic32mx/4.5.1/../../../../pic32mx/lib/speed\libc.a(_iob.o)
                0xa0000234                _outdone
 *(.scommon)
 *fill*         0xa0000235        0x3 00
 .scommon       0xa0000238       0x38 build/default/production/_ext/1360937237/MainDemo.o
                0xa0000238                dataCount
                0xa000023c                playback
                0xa0000240                AUDIO_IN
                0xa0000244                pCodecHandle
                0xa0000248                tickStart
                0xa000024c                outData
                0xa0000250                volADCIndication
                0xa0000254                settings
                0xa0000258                record
                0xa000025c                graphicsMessage
                0xa0000264                altScheme
                0xa0000268                loopback
                0xa000026c                volDACIndication
 .scommon       0xa0000270        0x0 build/default/production/_ext/1360937237/WM8960Drv.o
 .scommon       0xa0000270       0x1a ..\libgfxusbmsdPIC32MX795F512L_ADK.a(GOL.o)
                0xa0000270                _rpnlFaceColor
                0xa0000274                _rpnlEmbossLtColor
                0xa0000276                _rpnlX1
                0xa0000278                _rpnlEmbossDkColor
                0xa000027c                _rpnlR
                0xa000027e                _rpnlGradientType
                0xa0000280                _rpnlX2
                0xa0000282                _rpnlGradientColor
                0xa0000284                _rpnlEmbossSize
                0xa0000286                _rpnlY1
                0xa0000288                _rpnlY2
 *fill*         0xa000028a        0x2 00
 .scommon       0xa000028c       0x21 ..\libgfxusbmsdPIC32MX795F512L_ADK.a(Primitive.o)
                0xa000028c                _fontFirstChar
                0xa0000290                _lineType
                0xa0000294                _fontLastChar
                0xa0000298                _cursorY
                0xa000029c                _fontHeight
                0xa00002a0                _lineThickness
                0xa00002a4                _font
                0xa00002a8                _cursorX
                0xa00002ac                _fontOrientation
 *fill*         0xa00002ad        0x1 00
 .scommon       0xa00002ae        0xe ..\libgfxusbmsdPIC32MX795F512L_ADK.a(DisplayDriver.o)
                0xa00002ae                _clipTop
                0xa00002b0                _clipBottom
                0xa00002b2                _color
                0xa00002b4                _clipLeft
                0xa00002b6                _page
                0xa00002b8                _clipRgn
                0xa00002ba                _clipRight
 .scommon       0xa00002bc       0x2a ..\libgfxusbmsdPIC32MX795F512L_ADK.a(FSIO.o)
                0xa00002bc                TempClusterCalc
                0xa00002c0                gTimeCrtTime
                0xa00002c4                gFileSlotOpen
                0xa00002c8                gTimeAccDate
                0xa00002cc                gTimeCrtDate
                0xa00002d0                FSerrno
                0xa00002d4                dirCleared
                0xa00002d8                gTimeWrtTime
                0xa00002dc                FatRootDirClusterValue
                0xa00002e0                gTimeCrtMS
                0xa00002e4                gTimeWrtDate
 *fill*         0xa00002e6        0x2 00
 .scommon       0xa00002e8        0x2 ..\libgfxusbmsdPIC32MX795F512L_ADK.a(usb_host.o)
                0xa00002e8                usbOverrideHostState
 *fill*         0xa00002ea        0x2 00
 .scommon       0xa00002ec        0x8 ..\libgfxusbmsdPIC32MX795F512L_ADK.a(Tick.o)
                0xa00002ec                dwTicksPerMillisecond
                0xa00002f0                dwTicksPerSecond
                0xa00002f4                _sbss_end = .

.bss            0xa00002f4     0x2d7c
 *(.dynbss)
 *(COMMON)
 COMMON         0xa00002f4     0x280a build/default/production/_ext/1360937237/MainDemo.o
                0xa00002f4                audio
                0xa0000af4                Sin
                0xa0001af4                Sout
                0xa0002af4                secBuffer
 *fill*         0xa0002afe        0x2 00
 COMMON         0xa0002b00      0x56d ..\libgfxusbmsdPIC32MX795F512L_ADK.a(FSIO.o)
                0xa0002b00                tempCWDobj
                0xa0002b3c                gDiskData
                0xa0002b64                gFATBuffer
                0xa0002d64                cwd
                0xa0002da0                gDataBuffer
                0xa0002fa0                gFileArray
                0xa0003018                gFileTemp
                0xa0003054                defaultArray
                0xa0003060                defaultString
                0xa0003070                . = ALIGN (0x4)
 *fill*         0xa000306d        0x3 00
                0xa0003070                . = ALIGN (0x4)
                0xa0003070                _end = .
                0xa0003070                _bss_end = .
                0x00020000                _bmxdudba_address = 0x20000
                0x00020000                _bmxdupba_address = 0x20000

/DISCARD/
 *(.pdr)
 *(.reginfo)
 *(.rel.dyn)
 *(.note.GNU-stack)
 *(.note.GNU-stack)
 *(.gnu_debuglink)
 *(.gnu.lto_*)
 *(.discard)

.stab
 *(.stab)

.stabstr
 *(.stabstr)

.stab.excl
 *(.stab.excl)

.stab.exclstr
 *(.stab.exclstr)

.stab.index
 *(.stab.index)

.stab.indexstr
 *(.stab.indexstr)

.comment        0x00000000      0x289
 *(.comment)
 .comment       0x00000000       0x51 build/default/production/_ext/1360937237/Font25PixelsHeight.o
                                 0x52 (size before relaxing)
 .comment       0x00000000       0x52 build/default/production/_ext/1360937237/icons_adb.o
 .comment       0x00000000       0x52 build/default/production/_ext/1360937237/MainDemo.o
 .comment       0x00000000       0x52 build/default/production/_ext/1360937237/WM8960Drv.o
 .comment       0x00000051       0x51 ..\libgfxusbmsdPIC32MX795F512L_ADK.a(Button.o)
                                 0x52 (size before relaxing)
 .comment       0x00000000       0x52 ..\libgfxusbmsdPIC32MX795F512L_ADK.a(GOL.o)
 .comment       0x00000000       0x52 ..\libgfxusbmsdPIC32MX795F512L_ADK.a(GOLFontDefault.o)
 .comment       0x00000000       0x52 ..\libgfxusbmsdPIC32MX795F512L_ADK.a(Primitive.o)
 .comment       0x00000000       0x52 ..\libgfxusbmsdPIC32MX795F512L_ADK.a(RadioButton.o)
 .comment       0x00000000       0x52 ..\libgfxusbmsdPIC32MX795F512L_ADK.a(Slider.o)
 .comment       0x00000000       0x52 ..\libgfxusbmsdPIC32MX795F512L_ADK.a(TimeDelay.o)
 .comment       0x00000000       0x52 ..\libgfxusbmsdPIC32MX795F512L_ADK.a(DisplayDriver.o)
 .comment       0x00000000       0x52 ..\libgfxusbmsdPIC32MX795F512L_ADK.a(FSIO.o)
 .comment       0x00000000       0x52 ..\libgfxusbmsdPIC32MX795F512L_ADK.a(usb_host_msd.o)
 .comment       0x00000000       0x52 ..\libgfxusbmsdPIC32MX795F512L_ADK.a(usb_host_msd_scsi.o)
 .comment       0x00000000       0x52 ..\libgfxusbmsdPIC32MX795F512L_ADK.a(usb_host.o)
 .comment       0x00000000       0x52 ..\libgfxusbmsdPIC32MX795F512L_ADK.a(Tick.o)
 .comment       0x00000000       0x52 ..\libgfxusbmsdPIC32MX795F512L_ADK.a(usb_config.o)
 .comment       0x00000000       0x52 c:/program files (x86)/microchip/mplabc32/v2.02/bin/../lib/gcc/pic32mx/4.5.1/speed\libgcc.a(_udivdi3.o)
 .comment       0x00000000       0x52 c:/program files (x86)/microchip/mplabc32/v2.02/bin/../lib/gcc/pic32mx/4.5.1/speed\libgcc.a(_umoddi3.o)
 .comment       0x000000a2       0x55 c:/program files (x86)/microchip/mplabc32/v2.02/bin/../lib/gcc/pic32mx/4.5.1/../../../../pic32mx/lib/speed\libc.a(memset.o)
                                 0x56 (size before relaxing)
 .comment       0x000000f7       0x55 c:/program files (x86)/microchip/mplabc32/v2.02/bin/../lib/gcc/pic32mx/4.5.1/../../../../pic32mx/lib/speed\libc.a(strcpy.o)
                                 0x56 (size before relaxing)
 .comment       0x0000014c       0x55 c:/program files (x86)/microchip/mplabc32/v2.02/bin/../lib/gcc/pic32mx/4.5.1/../../../../pic32mx/lib/speed\libc.a(strlen.o)
                                 0x56 (size before relaxing)
 .comment       0x000001a1       0x4e c:/program files (x86)/microchip/mplabc32/v2.02/bin/../lib/gcc/pic32mx/4.5.1/../../../../pic32mx/lib/speed\libc.a(ctype.o)
                                 0xa0 (size before relaxing)
 .comment       0x000001ef       0x4f c:/program files (x86)/microchip/mplabc32/v2.02/bin/../lib/gcc/pic32mx/4.5.1/../../../../pic32mx/lib/speed\libc.a(ctypef.o)
                                 0xa1 (size before relaxing)
 .comment       0x00000000       0x52 c:/program files (x86)/microchip/mplabc32/v2.02/bin/../lib/gcc/pic32mx/4.5.1/../../../../pic32mx/lib/speed\libc.a(malloc.o)
 .comment       0x00000000       0x52 c:/program files (x86)/microchip/mplabc32/v2.02/bin/../lib/gcc/pic32mx/4.5.1/../../../../pic32mx/lib/speed\libc.a(strchr.o)
 .comment       0x00000000       0x52 c:/program files (x86)/microchip/mplabc32/v2.02/bin/../lib/gcc/pic32mx/4.5.1/../../../../pic32mx/lib/speed\libc.a(strncpy.o)
 .comment       0x00000000       0x52 c:/program files (x86)/microchip/mplabc32/v2.02/bin/../lib/gcc/pic32mx/4.5.1/../../../../pic32mx/lib/speed\libc.a(sprintf_cdnopuxX.eo)
 .comment       0x0000023e       0x4b c:/program files (x86)/microchip/mplabc32/v2.02/bin/../lib/gcc/pic32mx/4.5.1/../../../../pic32mx/lib/speed\libc.a(sbrk.o)
                                 0x9d (size before relaxing)
 .comment       0x00000000       0x52 c:/program files (x86)/microchip/mplabc32/v2.02/bin/../lib/gcc/pic32mx/4.5.1/../../../../pic32mx/lib/speed\libc.a(default-general-exception-handler.o)
 .comment       0x00000000       0x52 c:/program files (x86)/microchip/mplabc32/v2.02/bin/../lib/gcc/pic32mx/4.5.1/../../../../pic32mx/lib/speed\libc.a(default-bootstrap-exception-handler.o)
 .comment       0x00000000       0x52 c:/program files (x86)/microchip/mplabc32/v2.02/bin/../lib/gcc/pic32mx/4.5.1/../../../../pic32mx/lib/speed\libc.a(default-on-reset.o)
 .comment       0x00000000       0x52 c:/program files (x86)/microchip/mplabc32/v2.02/bin/../lib/gcc/pic32mx/4.5.1/../../../../pic32mx/lib/speed\libc.a(default-on-bootstrap.o)
 .comment       0x00000000       0x52 c:/program files (x86)/microchip/mplabc32/v2.02/bin/../lib/gcc/pic32mx/4.5.1/../../../../pic32mx/lib/speed\libc.a(errno.o)
 .comment       0x00000000       0x52 c:/program files (x86)/microchip/mplabc32/v2.02/bin/../lib/gcc/pic32mx/4.5.1/../../../../pic32mx/lib/speed\libc.a(doprnt_cdnopuxX.eo)
 .comment       0x00000000       0x52 c:/program files (x86)/microchip/mplabc32/v2.02/bin/../lib/gcc/pic32mx/4.5.1/../../../../pic32mx/lib/speed\libc.a(_fputc_simple.o)
 .comment       0x00000000       0x52 c:/program files (x86)/microchip/mplabc32/v2.02/bin/../lib/gcc/pic32mx/4.5.1/../../../../pic32mx/lib/speed\libc.a(write.o)
 .comment       0x00000000       0x52 c:/program files (x86)/microchip/mplabc32/v2.02/bin/../lib/gcc/pic32mx/4.5.1/../../../../pic32mx/lib/speed\libc.a(_iob.o)
 .comment       0x00000000       0x52 c:/program files (x86)/microchip/mplabc32/v2.02/bin/../lib/gcc/pic32mx/4.5.1/../../../../pic32mx/lib/speed\libc.a(_flsbuf_simple.o)
 .comment       0x00000000       0x52 c:/program files (x86)/microchip/mplabc32/v2.02/bin/../lib/gcc/pic32mx/4.5.1/../../../../pic32mx/lib/speed\libc.a(_mon_putc.o)
 .comment       0x00000000       0x52 c:/program files (x86)/microchip/mplabc32/v2.02/bin/../lib/gcc/pic32mx/4.5.1/../../../../pic32mx/lib/speed\libc.a(c32_uart.o)
 .comment       0x00000000       0x52 c:/program files (x86)/microchip/mplabc32/v2.02/bin/../lib/gcc/pic32mx/4.5.1/../../../../pic32mx/lib/speed\libmchp_peripheral_32MX795F512L.a(pcache.o)
 .comment       0x00000000       0x52 c:/program files (x86)/microchip/mplabc32/v2.02/bin/../lib/gcc/pic32mx/4.5.1/../../../../pic32mx/lib/speed\libmchp_peripheral_32MX795F512L.a(int_disable_interrupts_lib.o)
 .comment       0x00000000       0x52 c:/program files (x86)/microchip/mplabc32/v2.02/bin/../lib/gcc/pic32mx/4.5.1/../../../../pic32mx/lib/speed\libmchp_peripheral_32MX795F512L.a(int_restore_interrupts_lib.o)
 .comment       0x00000000       0x52 c:/program files (x86)/microchip/mplabc32/v2.02/bin/../lib/gcc/pic32mx/4.5.1/../../../../pic32mx/lib/speed\libmchp_peripheral_32MX795F512L.a(int_enable_mv_int_lib.o)
 .comment       0x00000000       0x52 c:/program files (x86)/microchip/mplabc32/v2.02/bin/../lib/gcc/pic32mx/4.5.1/../../../../pic32mx/lib/speed\libmchp_peripheral_32MX795F512L.a(int_tbl_lib.o)
 .comment       0x00000000       0x52 c:/program files (x86)/microchip/mplabc32/v2.02/bin/../lib/gcc/pic32mx/4.5.1/../../../../pic32mx/lib/speed\libmchp_peripheral_32MX795F512L.a(int_tbl_legacy_lib.o)
 .comment       0x00000000       0x52 c:/program files (x86)/microchip/mplabc32/v2.02/bin/../lib/gcc/pic32mx/4.5.1/../../../../pic32mx/lib/speed\libmchp_peripheral_32MX795F512L.a(spi_chn_configure_lib.o)
 .comment       0x00000000       0x52 c:/program files (x86)/microchip/mplabc32/v2.02/bin/../lib/gcc/pic32mx/4.5.1/../../../../pic32mx/lib/speed\libmchp_peripheral_32MX795F512L.a(spi_chn_enable_lib.o)
 .comment       0x00000000       0x52 c:/program files (x86)/microchip/mplabc32/v2.02/bin/../lib/gcc/pic32mx/4.5.1/../../../../pic32mx/lib/speed\libmchp_peripheral_32MX795F512L.a(spi_map_tbl_libp.o)
 .comment       0x00000000       0x52 c:/program files (x86)/microchip/mplabc32/v2.02/bin/../lib/gcc/pic32mx/4.5.1/../../../../pic32mx/lib/speed\libmchp_peripheral_32MX795F512L.a(dma_chn_set_ev_enable_flags_lib.o)
 .comment       0x00000000       0x52 c:/program files (x86)/microchip/mplabc32/v2.02/bin/../lib/gcc/pic32mx/4.5.1/../../../../pic32mx/lib/speed\libmchp_peripheral_32MX795F512L.a(dma_chn_clr_ev_flags_lib.o)
 .comment       0x00000000       0x52 c:/program files (x86)/microchip/mplabc32/v2.02/bin/../lib/gcc/pic32mx/4.5.1/../../../../pic32mx/lib/speed\libmchp_peripheral_32MX795F512L.a(dma_chn_configure_lib.o)
 .comment       0x00000000       0x52 c:/program files (x86)/microchip/mplabc32/v2.02/bin/../lib/gcc/pic32mx/4.5.1/../../../../pic32mx/lib/speed\libmchp_peripheral_32MX795F512L.a(dma_chn_disable_lib.o)
 .comment       0x00000000       0x52 c:/program files (x86)/microchip/mplabc32/v2.02/bin/../lib/gcc/pic32mx/4.5.1/../../../../pic32mx/lib/speed\libmchp_peripheral_32MX795F512L.a(dma_chn_enable_lib.o)
 .comment       0x00000000       0x52 c:/program files (x86)/microchip/mplabc32/v2.02/bin/../lib/gcc/pic32mx/4.5.1/../../../../pic32mx/lib/speed\libmchp_peripheral_32MX795F512L.a(dma_chn_write_event_control_flags_lib.o)
 .comment       0x00000000       0x52 c:/program files (x86)/microchip/mplabc32/v2.02/bin/../lib/gcc/pic32mx/4.5.1/../../../../pic32mx/lib/speed\libmchp_peripheral_32MX795F512L.a(dma_chn_set_txfer_lib.o)
 .comment       0x00000000       0x52 c:/program files (x86)/microchip/mplabc32/v2.02/bin/../lib/gcc/pic32mx/4.5.1/../../../../pic32mx/lib/speed\libmchp_peripheral_32MX795F512L.a(dma_reg_map_tbl_lib.o)
 .comment       0x00000000       0x52 c:/program files (x86)/microchip/mplabc32/v2.02/bin/../lib/gcc/pic32mx/4.5.1/../../../../pic32mx/lib/speed\libmchp_peripheral_32MX795F512L.a(port_set_pins_digital_out_lib.o)
 .comment       0x00000000       0x52 c:/program files (x86)/microchip/mplabc32/v2.02/bin/../lib/gcc/pic32mx/4.5.1/../../../../pic32mx/lib/speed\libmchp_peripheral_32MX795F512L.a(port_clear_bits_lib.o)
 .comment       0x00000000       0x52 c:/program files (x86)/microchip/mplabc32/v2.02/bin/../lib/gcc/pic32mx/4.5.1/../../../../pic32mx/lib/speed\libmchp_peripheral_32MX795F512L.a(port_set_bits_lib.o)
 .comment       0x00000000       0x52 c:/program files (x86)/microchip/mplabc32/v2.02/bin/../lib/gcc/pic32mx/4.5.1/../../../../pic32mx/lib/speed\libmchp_peripheral_32MX795F512L.a(_ports_tbl_libp.o)
 .comment       0x00000000       0x52 c:/program files (x86)/microchip/mplabc32/v2.02/bin/../lib/gcc/pic32mx/4.5.1/../../../../pic32mx/lib/speed\libmchp_peripheral_32MX795F512L.a(I2CBusIsIdle.o)
 .comment       0x00000000       0x52 c:/program files (x86)/microchip/mplabc32/v2.02/bin/../lib/gcc/pic32mx/4.5.1/../../../../pic32mx/lib/speed\libmchp_peripheral_32MX795F512L.a(I2CByteWasAcknowledged.o)
 .comment       0x00000000       0x52 c:/program files (x86)/microchip/mplabc32/v2.02/bin/../lib/gcc/pic32mx/4.5.1/../../../../pic32mx/lib/speed\libmchp_peripheral_32MX795F512L.a(I2CConfigure.o)
 .comment       0x00000000       0x52 c:/program files (x86)/microchip/mplabc32/v2.02/bin/../lib/gcc/pic32mx/4.5.1/../../../../pic32mx/lib/speed\libmchp_peripheral_32MX795F512L.a(I2CEnable.o)
 .comment       0x00000000       0x52 c:/program files (x86)/microchip/mplabc32/v2.02/bin/../lib/gcc/pic32mx/4.5.1/../../../../pic32mx/lib/speed\libmchp_peripheral_32MX795F512L.a(I2CGetStatus.o)
 .comment       0x00000000       0x52 c:/program files (x86)/microchip/mplabc32/v2.02/bin/../lib/gcc/pic32mx/4.5.1/../../../../pic32mx/lib/speed\libmchp_peripheral_32MX795F512L.a(I2CSendByte.o)
 .comment       0x00000000       0x52 c:/program files (x86)/microchip/mplabc32/v2.02/bin/../lib/gcc/pic32mx/4.5.1/../../../../pic32mx/lib/speed\libmchp_peripheral_32MX795F512L.a(I2CSetFrequency.o)
 .comment       0x00000000       0x52 c:/program files (x86)/microchip/mplabc32/v2.02/bin/../lib/gcc/pic32mx/4.5.1/../../../../pic32mx/lib/speed\libmchp_peripheral_32MX795F512L.a(I2CStart.o)
 .comment       0x00000000       0x52 c:/program files (x86)/microchip/mplabc32/v2.02/bin/../lib/gcc/pic32mx/4.5.1/../../../../pic32mx/lib/speed\libmchp_peripheral_32MX795F512L.a(I2CStop.o)
 .comment       0x00000000       0x52 c:/program files (x86)/microchip/mplabc32/v2.02/bin/../lib/gcc/pic32mx/4.5.1/../../../../pic32mx/lib/speed\libmchp_peripheral_32MX795F512L.a(I2CTransmissionHasCompleted.o)
 .comment       0x00000000       0x52 c:/program files (x86)/microchip/mplabc32/v2.02/bin/../lib/gcc/pic32mx/4.5.1/../../../../pic32mx/lib/speed\libmchp_peripheral_32MX795F512L.a(int_enable_interrupts_lib.o)
 .comment       0x00000000       0x52 c:/program files (x86)/microchip/mplabc32/v2.02/bin/../lib/gcc/pic32mx/4.5.1/../../../../pic32mx/lib/speed\libmchp_peripheral_32MX795F512L.a(I2CPrivate.o)

.debug
 *(.debug)

.line
 *(.line)

.debug_srcinfo
 *(.debug_srcinfo)

.debug_sfnames
 *(.debug_sfnames)

.debug_aranges  0x00000000      0x858
 *(.debug_aranges)
 .debug_aranges
                0x00000000       0x20 ..\libgfxusbmsdPIC32MX795F512L_ADK.a(Button.o)
 .debug_aranges
                0x00000020       0x20 ..\libgfxusbmsdPIC32MX795F512L_ADK.a(GOL.o)
 .debug_aranges
                0x00000040       0x20 ..\libgfxusbmsdPIC32MX795F512L_ADK.a(Primitive.o)
 .debug_aranges
                0x00000060       0x20 ..\libgfxusbmsdPIC32MX795F512L_ADK.a(RadioButton.o)
 .debug_aranges
                0x00000080       0x20 ..\libgfxusbmsdPIC32MX795F512L_ADK.a(Slider.o)
 .debug_aranges
                0x000000a0       0x20 ..\libgfxusbmsdPIC32MX795F512L_ADK.a(TimeDelay.o)
 .debug_aranges
                0x000000c0       0x20 ..\libgfxusbmsdPIC32MX795F512L_ADK.a(DisplayDriver.o)
 .debug_aranges
                0x000000e0       0x20 ..\libgfxusbmsdPIC32MX795F512L_ADK.a(FSIO.o)
 .debug_aranges
                0x00000100       0x20 ..\libgfxusbmsdPIC32MX795F512L_ADK.a(usb_host_msd.o)
 .debug_aranges
                0x00000120       0x20 ..\libgfxusbmsdPIC32MX795F512L_ADK.a(usb_host_msd_scsi.o)
 .debug_aranges
                0x00000140       0x20 ..\libgfxusbmsdPIC32MX795F512L_ADK.a(usb_host.o)
 .debug_aranges
                0x00000160       0x20 ..\libgfxusbmsdPIC32MX795F512L_ADK.a(Tick.o)
 .debug_aranges
                0x00000180       0x20 c:/program files (x86)/microchip/mplabc32/v2.02/bin/../lib/gcc/pic32mx/4.5.1/speed\libgcc.a(_udivdi3.o)
 .debug_aranges
                0x000001a0       0x20 c:/program files (x86)/microchip/mplabc32/v2.02/bin/../lib/gcc/pic32mx/4.5.1/speed\libgcc.a(_umoddi3.o)
 .debug_aranges
                0x000001c0       0xa0 c:/program files (x86)/microchip/mplabc32/v2.02/bin/../lib/gcc/pic32mx/4.5.1/../../../../pic32mx/lib/speed\libc.a(ctypef.o)
 .debug_aranges
                0x00000260       0x30 c:/program files (x86)/microchip/mplabc32/v2.02/bin/../lib/gcc/pic32mx/4.5.1/../../../../pic32mx/lib/speed\libc.a(malloc.o)
 .debug_aranges
                0x00000290       0x20 c:/program files (x86)/microchip/mplabc32/v2.02/bin/../lib/gcc/pic32mx/4.5.1/../../../../pic32mx/lib/speed\libc.a(strchr.o)
 .debug_aranges
                0x000002b0       0x20 c:/program files (x86)/microchip/mplabc32/v2.02/bin/../lib/gcc/pic32mx/4.5.1/../../../../pic32mx/lib/speed\libc.a(strncpy.o)
 .debug_aranges
                0x000002d0       0x20 c:/program files (x86)/microchip/mplabc32/v2.02/bin/../lib/gcc/pic32mx/4.5.1/../../../../pic32mx/lib/speed\libc.a(sprintf_cdnopuxX.eo)
 .debug_aranges
                0x000002f0       0x40 c:/program files (x86)/microchip/mplabc32/v2.02/bin/../lib/gcc/pic32mx/4.5.1/../../../../pic32mx/lib/speed\libc.a(sbrk.o)
 .debug_aranges
                0x00000330       0x20 c:/program files (x86)/microchip/mplabc32/v2.02/bin/../lib/gcc/pic32mx/4.5.1/../../../../pic32mx/lib/speed\libc.a(default-general-exception-handler.o)
 .debug_aranges
                0x00000350       0x20 c:/program files (x86)/microchip/mplabc32/v2.02/bin/../lib/gcc/pic32mx/4.5.1/../../../../pic32mx/lib/speed\libc.a(default-bootstrap-exception-handler.o)
 .debug_aranges
                0x00000370       0x20 c:/program files (x86)/microchip/mplabc32/v2.02/bin/../lib/gcc/pic32mx/4.5.1/../../../../pic32mx/lib/speed\libc.a(default-on-reset.o)
 .debug_aranges
                0x00000390       0x20 c:/program files (x86)/microchip/mplabc32/v2.02/bin/../lib/gcc/pic32mx/4.5.1/../../../../pic32mx/lib/speed\libc.a(default-on-bootstrap.o)
 .debug_aranges
                0x000003b0       0x20 c:/program files (x86)/microchip/mplabc32/v2.02/bin/../lib/gcc/pic32mx/4.5.1/../../../../pic32mx/lib/speed\libc.a(doprnt_cdnopuxX.eo)
 .debug_aranges
                0x000003d0       0x20 c:/program files (x86)/microchip/mplabc32/v2.02/bin/../lib/gcc/pic32mx/4.5.1/../../../../pic32mx/lib/speed\libc.a(_fputc_simple.o)
 .debug_aranges
                0x000003f0       0x20 c:/program files (x86)/microchip/mplabc32/v2.02/bin/../lib/gcc/pic32mx/4.5.1/../../../../pic32mx/lib/speed\libc.a(write.o)
 .debug_aranges
                0x00000410       0x20 c:/program files (x86)/microchip/mplabc32/v2.02/bin/../lib/gcc/pic32mx/4.5.1/../../../../pic32mx/lib/speed\libc.a(_flsbuf_simple.o)
 .debug_aranges
                0x00000430       0x20 c:/program files (x86)/microchip/mplabc32/v2.02/bin/../lib/gcc/pic32mx/4.5.1/../../../../pic32mx/lib/speed\libc.a(_mon_putc.o)
 .debug_aranges
                0x00000450       0x28 c:/program files (x86)/microchip/mplabc32/v2.02/bin/../lib/gcc/pic32mx/4.5.1/../../../../pic32mx/lib/speed\libmchp_peripheral_32MX795F512L.a(pcache.o)
 .debug_aranges
                0x00000478       0x20 c:/program files (x86)/microchip/mplabc32/v2.02/bin/../lib/gcc/pic32mx/4.5.1/../../../../pic32mx/lib/speed\libmchp_peripheral_32MX795F512L.a(int_disable_interrupts_lib.o)
 .debug_aranges
                0x00000498       0x20 c:/program files (x86)/microchip/mplabc32/v2.02/bin/../lib/gcc/pic32mx/4.5.1/../../../../pic32mx/lib/speed\libmchp_peripheral_32MX795F512L.a(int_restore_interrupts_lib.o)
 .debug_aranges
                0x000004b8       0x20 c:/program files (x86)/microchip/mplabc32/v2.02/bin/../lib/gcc/pic32mx/4.5.1/../../../../pic32mx/lib/speed\libmchp_peripheral_32MX795F512L.a(int_enable_mv_int_lib.o)
 .debug_aranges
                0x000004d8       0x60 c:/program files (x86)/microchip/mplabc32/v2.02/bin/../lib/gcc/pic32mx/4.5.1/../../../../pic32mx/lib/speed\libmchp_peripheral_32MX795F512L.a(int_tbl_lib.o)
 .debug_aranges
                0x00000538       0x40 c:/program files (x86)/microchip/mplabc32/v2.02/bin/../lib/gcc/pic32mx/4.5.1/../../../../pic32mx/lib/speed\libmchp_peripheral_32MX795F512L.a(int_tbl_legacy_lib.o)
 .debug_aranges
                0x00000578       0x20 c:/program files (x86)/microchip/mplabc32/v2.02/bin/../lib/gcc/pic32mx/4.5.1/../../../../pic32mx/lib/speed\libmchp_peripheral_32MX795F512L.a(spi_chn_configure_lib.o)
 .debug_aranges
                0x00000598       0x20 c:/program files (x86)/microchip/mplabc32/v2.02/bin/../lib/gcc/pic32mx/4.5.1/../../../../pic32mx/lib/speed\libmchp_peripheral_32MX795F512L.a(spi_chn_enable_lib.o)
 .debug_aranges
                0x000005b8       0x20 c:/program files (x86)/microchip/mplabc32/v2.02/bin/../lib/gcc/pic32mx/4.5.1/../../../../pic32mx/lib/speed\libmchp_peripheral_32MX795F512L.a(dma_chn_set_ev_enable_flags_lib.o)
 .debug_aranges
                0x000005d8       0x20 c:/program files (x86)/microchip/mplabc32/v2.02/bin/../lib/gcc/pic32mx/4.5.1/../../../../pic32mx/lib/speed\libmchp_peripheral_32MX795F512L.a(dma_chn_clr_ev_flags_lib.o)
 .debug_aranges
                0x000005f8       0x20 c:/program files (x86)/microchip/mplabc32/v2.02/bin/../lib/gcc/pic32mx/4.5.1/../../../../pic32mx/lib/speed\libmchp_peripheral_32MX795F512L.a(dma_chn_configure_lib.o)
 .debug_aranges
                0x00000618       0x20 c:/program files (x86)/microchip/mplabc32/v2.02/bin/../lib/gcc/pic32mx/4.5.1/../../../../pic32mx/lib/speed\libmchp_peripheral_32MX795F512L.a(dma_chn_disable_lib.o)
 .debug_aranges
                0x00000638       0x20 c:/program files (x86)/microchip/mplabc32/v2.02/bin/../lib/gcc/pic32mx/4.5.1/../../../../pic32mx/lib/speed\libmchp_peripheral_32MX795F512L.a(dma_chn_enable_lib.o)
 .debug_aranges
                0x00000658       0x20 c:/program files (x86)/microchip/mplabc32/v2.02/bin/../lib/gcc/pic32mx/4.5.1/../../../../pic32mx/lib/speed\libmchp_peripheral_32MX795F512L.a(dma_chn_write_event_control_flags_lib.o)
 .debug_aranges
                0x00000678       0x20 c:/program files (x86)/microchip/mplabc32/v2.02/bin/../lib/gcc/pic32mx/4.5.1/../../../../pic32mx/lib/speed\libmchp_peripheral_32MX795F512L.a(dma_chn_set_txfer_lib.o)
 .debug_aranges
                0x00000698       0x20 c:/program files (x86)/microchip/mplabc32/v2.02/bin/../lib/gcc/pic32mx/4.5.1/../../../../pic32mx/lib/speed\libmchp_peripheral_32MX795F512L.a(port_set_pins_digital_out_lib.o)
 .debug_aranges
                0x000006b8       0x20 c:/program files (x86)/microchip/mplabc32/v2.02/bin/../lib/gcc/pic32mx/4.5.1/../../../../pic32mx/lib/speed\libmchp_peripheral_32MX795F512L.a(port_clear_bits_lib.o)
 .debug_aranges
                0x000006d8       0x20 c:/program files (x86)/microchip/mplabc32/v2.02/bin/../lib/gcc/pic32mx/4.5.1/../../../../pic32mx/lib/speed\libmchp_peripheral_32MX795F512L.a(port_set_bits_lib.o)
 .debug_aranges
                0x000006f8       0x20 c:/program files (x86)/microchip/mplabc32/v2.02/bin/../lib/gcc/pic32mx/4.5.1/../../../../pic32mx/lib/speed\libmchp_peripheral_32MX795F512L.a(I2CBusIsIdle.o)
 .debug_aranges
                0x00000718       0x20 c:/program files (x86)/microchip/mplabc32/v2.02/bin/../lib/gcc/pic32mx/4.5.1/../../../../pic32mx/lib/speed\libmchp_peripheral_32MX795F512L.a(I2CByteWasAcknowledged.o)
 .debug_aranges
                0x00000738       0x20 c:/program files (x86)/microchip/mplabc32/v2.02/bin/../lib/gcc/pic32mx/4.5.1/../../../../pic32mx/lib/speed\libmchp_peripheral_32MX795F512L.a(I2CConfigure.o)
 .debug_aranges
                0x00000758       0x20 c:/program files (x86)/microchip/mplabc32/v2.02/bin/../lib/gcc/pic32mx/4.5.1/../../../../pic32mx/lib/speed\libmchp_peripheral_32MX795F512L.a(I2CEnable.o)
 .debug_aranges
                0x00000778       0x20 c:/program files (x86)/microchip/mplabc32/v2.02/bin/../lib/gcc/pic32mx/4.5.1/../../../../pic32mx/lib/speed\libmchp_peripheral_32MX795F512L.a(I2CGetStatus.o)
 .debug_aranges
                0x00000798       0x20 c:/program files (x86)/microchip/mplabc32/v2.02/bin/../lib/gcc/pic32mx/4.5.1/../../../../pic32mx/lib/speed\libmchp_peripheral_32MX795F512L.a(I2CSendByte.o)
 .debug_aranges
                0x000007b8       0x20 c:/program files (x86)/microchip/mplabc32/v2.02/bin/../lib/gcc/pic32mx/4.5.1/../../../../pic32mx/lib/speed\libmchp_peripheral_32MX795F512L.a(I2CSetFrequency.o)
 .debug_aranges
                0x000007d8       0x20 c:/program files (x86)/microchip/mplabc32/v2.02/bin/../lib/gcc/pic32mx/4.5.1/../../../../pic32mx/lib/speed\libmchp_peripheral_32MX795F512L.a(I2CStart.o)
 .debug_aranges
                0x000007f8       0x20 c:/program files (x86)/microchip/mplabc32/v2.02/bin/../lib/gcc/pic32mx/4.5.1/../../../../pic32mx/lib/speed\libmchp_peripheral_32MX795F512L.a(I2CStop.o)
 .debug_aranges
                0x00000818       0x20 c:/program files (x86)/microchip/mplabc32/v2.02/bin/../lib/gcc/pic32mx/4.5.1/../../../../pic32mx/lib/speed\libmchp_peripheral_32MX795F512L.a(I2CTransmissionHasCompleted.o)
 .debug_aranges
                0x00000838       0x20 c:/program files (x86)/microchip/mplabc32/v2.02/bin/../lib/gcc/pic32mx/4.5.1/../../../../pic32mx/lib/speed\libmchp_peripheral_32MX795F512L.a(int_enable_interrupts_lib.o)

.debug_pubnames
                0x00000000     0x1d62
 *(.debug_pubnames)
 .debug_pubnames
                0x00000000       0x61 ..\libgfxusbmsdPIC32MX795F512L_ADK.a(Button.o)
 .debug_pubnames
                0x00000061      0x247 ..\libgfxusbmsdPIC32MX795F512L_ADK.a(GOL.o)
 .debug_pubnames
                0x000002a8       0x30 ..\libgfxusbmsdPIC32MX795F512L_ADK.a(GOLFontDefault.o)
 .debug_pubnames
                0x000002d8      0x21d ..\libgfxusbmsdPIC32MX795F512L_ADK.a(Primitive.o)
 .debug_pubnames
                0x000004f5       0x8c ..\libgfxusbmsdPIC32MX795F512L_ADK.a(RadioButton.o)
 .debug_pubnames
                0x00000581       0xc8 ..\libgfxusbmsdPIC32MX795F512L_ADK.a(Slider.o)
 .debug_pubnames
                0x00000649       0x2c ..\libgfxusbmsdPIC32MX795F512L_ADK.a(TimeDelay.o)
 .debug_pubnames
                0x00000675       0xcd ..\libgfxusbmsdPIC32MX795F512L_ADK.a(DisplayDriver.o)
 .debug_pubnames
                0x00000742      0x63a ..\libgfxusbmsdPIC32MX795F512L_ADK.a(FSIO.o)
 .debug_pubnames
                0x00000d7c      0x121 ..\libgfxusbmsdPIC32MX795F512L_ADK.a(usb_host_msd.o)
 .debug_pubnames
                0x00000e9d      0x10a ..\libgfxusbmsdPIC32MX795F512L_ADK.a(usb_host_msd_scsi.o)
 .debug_pubnames
                0x00000fa7      0x3e6 ..\libgfxusbmsdPIC32MX795F512L_ADK.a(usb_host.o)
 .debug_pubnames
                0x0000138d       0xad ..\libgfxusbmsdPIC32MX795F512L_ADK.a(Tick.o)
 .debug_pubnames
                0x0000143a       0x4e ..\libgfxusbmsdPIC32MX795F512L_ADK.a(usb_config.o)
 .debug_pubnames
                0x00001488       0x20 c:/program files (x86)/microchip/mplabc32/v2.02/bin/../lib/gcc/pic32mx/4.5.1/speed\libgcc.a(_udivdi3.o)
 .debug_pubnames
                0x000014a8       0x20 c:/program files (x86)/microchip/mplabc32/v2.02/bin/../lib/gcc/pic32mx/4.5.1/speed\libgcc.a(_umoddi3.o)
 .debug_pubnames
                0x000014c8       0xe1 c:/program files (x86)/microchip/mplabc32/v2.02/bin/../lib/gcc/pic32mx/4.5.1/../../../../pic32mx/lib/speed\libc.a(ctypef.o)
 .debug_pubnames
                0x000015a9       0x32 c:/program files (x86)/microchip/mplabc32/v2.02/bin/../lib/gcc/pic32mx/4.5.1/../../../../pic32mx/lib/speed\libc.a(malloc.o)
 .debug_pubnames
                0x000015db       0x1d c:/program files (x86)/microchip/mplabc32/v2.02/bin/../lib/gcc/pic32mx/4.5.1/../../../../pic32mx/lib/speed\libc.a(strchr.o)
 .debug_pubnames
                0x000015f8       0x1e c:/program files (x86)/microchip/mplabc32/v2.02/bin/../lib/gcc/pic32mx/4.5.1/../../../../pic32mx/lib/speed\libc.a(strncpy.o)
 .debug_pubnames
                0x00001616       0x28 c:/program files (x86)/microchip/mplabc32/v2.02/bin/../lib/gcc/pic32mx/4.5.1/../../../../pic32mx/lib/speed\libc.a(sprintf_cdnopuxX.eo)
 .debug_pubnames
                0x0000163e       0x5c c:/program files (x86)/microchip/mplabc32/v2.02/bin/../lib/gcc/pic32mx/4.5.1/../../../../pic32mx/lib/speed\libc.a(sbrk.o)
 .debug_pubnames
                0x0000169a       0x31 c:/program files (x86)/microchip/mplabc32/v2.02/bin/../lib/gcc/pic32mx/4.5.1/../../../../pic32mx/lib/speed\libc.a(default-general-exception-handler.o)
 .debug_pubnames
                0x000016cb       0x33 c:/program files (x86)/microchip/mplabc32/v2.02/bin/../lib/gcc/pic32mx/4.5.1/../../../../pic32mx/lib/speed\libc.a(default-bootstrap-exception-handler.o)
 .debug_pubnames
                0x000016fe       0x20 c:/program files (x86)/microchip/mplabc32/v2.02/bin/../lib/gcc/pic32mx/4.5.1/../../../../pic32mx/lib/speed\libc.a(default-on-reset.o)
 .debug_pubnames
                0x0000171e       0x24 c:/program files (x86)/microchip/mplabc32/v2.02/bin/../lib/gcc/pic32mx/4.5.1/../../../../pic32mx/lib/speed\libc.a(default-on-bootstrap.o)
 .debug_pubnames
                0x00001742       0x29 c:/program files (x86)/microchip/mplabc32/v2.02/bin/../lib/gcc/pic32mx/4.5.1/../../../../pic32mx/lib/speed\libc.a(doprnt_cdnopuxX.eo)
 .debug_pubnames
                0x0000176b       0x1c c:/program files (x86)/microchip/mplabc32/v2.02/bin/../lib/gcc/pic32mx/4.5.1/../../../../pic32mx/lib/speed\libc.a(_fputc_simple.o)
 .debug_pubnames
                0x00001787       0x1c c:/program files (x86)/microchip/mplabc32/v2.02/bin/../lib/gcc/pic32mx/4.5.1/../../../../pic32mx/lib/speed\libc.a(write.o)
 .debug_pubnames
                0x000017a3       0x1e c:/program files (x86)/microchip/mplabc32/v2.02/bin/../lib/gcc/pic32mx/4.5.1/../../../../pic32mx/lib/speed\libc.a(_flsbuf_simple.o)
 .debug_pubnames
                0x000017c1       0x20 c:/program files (x86)/microchip/mplabc32/v2.02/bin/../lib/gcc/pic32mx/4.5.1/../../../../pic32mx/lib/speed\libc.a(_mon_putc.o)
 .debug_pubnames
                0x000017e1       0x3b c:/program files (x86)/microchip/mplabc32/v2.02/bin/../lib/gcc/pic32mx/4.5.1/../../../../pic32mx/lib/speed\libmchp_peripheral_32MX795F512L.a(pcache.o)
 .debug_pubnames
                0x0000181c       0x2b c:/program files (x86)/microchip/mplabc32/v2.02/bin/../lib/gcc/pic32mx/4.5.1/../../../../pic32mx/lib/speed\libmchp_peripheral_32MX795F512L.a(int_disable_interrupts_lib.o)
 .debug_pubnames
                0x00001847       0x2b c:/program files (x86)/microchip/mplabc32/v2.02/bin/../lib/gcc/pic32mx/4.5.1/../../../../pic32mx/lib/speed\libmchp_peripheral_32MX795F512L.a(int_restore_interrupts_lib.o)
 .debug_pubnames
                0x00001872       0x36 c:/program files (x86)/microchip/mplabc32/v2.02/bin/../lib/gcc/pic32mx/4.5.1/../../../../pic32mx/lib/speed\libmchp_peripheral_32MX795F512L.a(int_enable_mv_int_lib.o)
 .debug_pubnames
                0x000018a8       0xca c:/program files (x86)/microchip/mplabc32/v2.02/bin/../lib/gcc/pic32mx/4.5.1/../../../../pic32mx/lib/speed\libmchp_peripheral_32MX795F512L.a(int_tbl_lib.o)
 .debug_pubnames
                0x00001972       0x85 c:/program files (x86)/microchip/mplabc32/v2.02/bin/../lib/gcc/pic32mx/4.5.1/../../../../pic32mx/lib/speed\libmchp_peripheral_32MX795F512L.a(int_tbl_legacy_lib.o)
 .debug_pubnames
                0x000019f7       0x26 c:/program files (x86)/microchip/mplabc32/v2.02/bin/../lib/gcc/pic32mx/4.5.1/../../../../pic32mx/lib/speed\libmchp_peripheral_32MX795F512L.a(spi_chn_configure_lib.o)
 .debug_pubnames
                0x00001a1d       0x23 c:/program files (x86)/microchip/mplabc32/v2.02/bin/../lib/gcc/pic32mx/4.5.1/../../../../pic32mx/lib/speed\libmchp_peripheral_32MX795F512L.a(spi_chn_enable_lib.o)
 .debug_pubnames
                0x00001a40       0x2d c:/program files (x86)/microchip/mplabc32/v2.02/bin/../lib/gcc/pic32mx/4.5.1/../../../../pic32mx/lib/speed\libmchp_peripheral_32MX795F512L.a(dma_chn_set_ev_enable_flags_lib.o)
 .debug_pubnames
                0x00001a6d       0x27 c:/program files (x86)/microchip/mplabc32/v2.02/bin/../lib/gcc/pic32mx/4.5.1/../../../../pic32mx/lib/speed\libmchp_peripheral_32MX795F512L.a(dma_chn_clr_ev_flags_lib.o)
 .debug_pubnames
                0x00001a94       0x26 c:/program files (x86)/microchip/mplabc32/v2.02/bin/../lib/gcc/pic32mx/4.5.1/../../../../pic32mx/lib/speed\libmchp_peripheral_32MX795F512L.a(dma_chn_configure_lib.o)
 .debug_pubnames
                0x00001aba       0x24 c:/program files (x86)/microchip/mplabc32/v2.02/bin/../lib/gcc/pic32mx/4.5.1/../../../../pic32mx/lib/speed\libmchp_peripheral_32MX795F512L.a(dma_chn_disable_lib.o)
 .debug_pubnames
                0x00001ade       0x23 c:/program files (x86)/microchip/mplabc32/v2.02/bin/../lib/gcc/pic32mx/4.5.1/../../../../pic32mx/lib/speed\libmchp_peripheral_32MX795F512L.a(dma_chn_enable_lib.o)
 .debug_pubnames
                0x00001b01       0x33 c:/program files (x86)/microchip/mplabc32/v2.02/bin/../lib/gcc/pic32mx/4.5.1/../../../../pic32mx/lib/speed\libmchp_peripheral_32MX795F512L.a(dma_chn_write_event_control_flags_lib.o)
 .debug_pubnames
                0x00001b34       0x25 c:/program files (x86)/microchip/mplabc32/v2.02/bin/../lib/gcc/pic32mx/4.5.1/../../../../pic32mx/lib/speed\libmchp_peripheral_32MX795F512L.a(dma_chn_set_txfer_lib.o)
 .debug_pubnames
                0x00001b59       0x2c c:/program files (x86)/microchip/mplabc32/v2.02/bin/../lib/gcc/pic32mx/4.5.1/../../../../pic32mx/lib/speed\libmchp_peripheral_32MX795F512L.a(port_set_pins_digital_out_lib.o)
 .debug_pubnames
                0x00001b85       0x24 c:/program files (x86)/microchip/mplabc32/v2.02/bin/../lib/gcc/pic32mx/4.5.1/../../../../pic32mx/lib/speed\libmchp_peripheral_32MX795F512L.a(port_clear_bits_lib.o)
 .debug_pubnames
                0x00001ba9       0x22 c:/program files (x86)/microchip/mplabc32/v2.02/bin/../lib/gcc/pic32mx/4.5.1/../../../../pic32mx/lib/speed\libmchp_peripheral_32MX795F512L.a(port_set_bits_lib.o)
 .debug_pubnames
                0x00001bcb       0x23 c:/program files (x86)/microchip/mplabc32/v2.02/bin/../lib/gcc/pic32mx/4.5.1/../../../../pic32mx/lib/speed\libmchp_peripheral_32MX795F512L.a(I2CBusIsIdle.o)
 .debug_pubnames
                0x00001bee       0x2d c:/program files (x86)/microchip/mplabc32/v2.02/bin/../lib/gcc/pic32mx/4.5.1/../../../../pic32mx/lib/speed\libmchp_peripheral_32MX795F512L.a(I2CByteWasAcknowledged.o)
 .debug_pubnames
                0x00001c1b       0x23 c:/program files (x86)/microchip/mplabc32/v2.02/bin/../lib/gcc/pic32mx/4.5.1/../../../../pic32mx/lib/speed\libmchp_peripheral_32MX795F512L.a(I2CConfigure.o)
 .debug_pubnames
                0x00001c3e       0x20 c:/program files (x86)/microchip/mplabc32/v2.02/bin/../lib/gcc/pic32mx/4.5.1/../../../../pic32mx/lib/speed\libmchp_peripheral_32MX795F512L.a(I2CEnable.o)
 .debug_pubnames
                0x00001c5e       0x23 c:/program files (x86)/microchip/mplabc32/v2.02/bin/../lib/gcc/pic32mx/4.5.1/../../../../pic32mx/lib/speed\libmchp_peripheral_32MX795F512L.a(I2CGetStatus.o)
 .debug_pubnames
                0x00001c81       0x22 c:/program files (x86)/microchip/mplabc32/v2.02/bin/../lib/gcc/pic32mx/4.5.1/../../../../pic32mx/lib/speed\libmchp_peripheral_32MX795F512L.a(I2CSendByte.o)
 .debug_pubnames
                0x00001ca3       0x26 c:/program files (x86)/microchip/mplabc32/v2.02/bin/../lib/gcc/pic32mx/4.5.1/../../../../pic32mx/lib/speed\libmchp_peripheral_32MX795F512L.a(I2CSetFrequency.o)
 .debug_pubnames
                0x00001cc9       0x1f c:/program files (x86)/microchip/mplabc32/v2.02/bin/../lib/gcc/pic32mx/4.5.1/../../../../pic32mx/lib/speed\libmchp_peripheral_32MX795F512L.a(I2CStart.o)
 .debug_pubnames
                0x00001ce8       0x1e c:/program files (x86)/microchip/mplabc32/v2.02/bin/../lib/gcc/pic32mx/4.5.1/../../../../pic32mx/lib/speed\libmchp_peripheral_32MX795F512L.a(I2CStop.o)
 .debug_pubnames
                0x00001d06       0x32 c:/program files (x86)/microchip/mplabc32/v2.02/bin/../lib/gcc/pic32mx/4.5.1/../../../../pic32mx/lib/speed\libmchp_peripheral_32MX795F512L.a(I2CTransmissionHasCompleted.o)
 .debug_pubnames
                0x00001d38       0x2a c:/program files (x86)/microchip/mplabc32/v2.02/bin/../lib/gcc/pic32mx/4.5.1/../../../../pic32mx/lib/speed\libmchp_peripheral_32MX795F512L.a(int_enable_interrupts_lib.o)

.debug_info     0x00000000    0x2c30a
 *(.debug_info .gnu.linkonce.wi.*)
 .debug_info    0x00000000     0x2355 ..\libgfxusbmsdPIC32MX795F512L_ADK.a(Button.o)
 .debug_info    0x00002355     0x2707 ..\libgfxusbmsdPIC32MX795F512L_ADK.a(GOL.o)
 .debug_info    0x00004a5c     0x1609 ..\libgfxusbmsdPIC32MX795F512L_ADK.a(GOLFontDefault.o)
 .debug_info    0x00006065     0x46a0 ..\libgfxusbmsdPIC32MX795F512L_ADK.a(Primitive.o)
 .debug_info    0x0000a705     0x28a0 ..\libgfxusbmsdPIC32MX795F512L_ADK.a(RadioButton.o)
 .debug_info    0x0000cfa5     0x2eda ..\libgfxusbmsdPIC32MX795F512L_ADK.a(Slider.o)
 .debug_info    0x0000fe7f     0x12a9 ..\libgfxusbmsdPIC32MX795F512L_ADK.a(TimeDelay.o)
 .debug_info    0x00011128     0x2cd6 ..\libgfxusbmsdPIC32MX795F512L_ADK.a(DisplayDriver.o)
 .debug_info    0x00013dfe     0x8ab6 ..\libgfxusbmsdPIC32MX795F512L_ADK.a(FSIO.o)
 .debug_info    0x0001c8b4     0x2191 ..\libgfxusbmsdPIC32MX795F512L_ADK.a(usb_host_msd.o)
 .debug_info    0x0001ea45     0x199a ..\libgfxusbmsdPIC32MX795F512L_ADK.a(usb_host_msd_scsi.o)
 .debug_info    0x000203df     0x5060 ..\libgfxusbmsdPIC32MX795F512L_ADK.a(usb_host.o)
 .debug_info    0x0002543f     0x20d8 ..\libgfxusbmsdPIC32MX795F512L_ADK.a(Tick.o)
 .debug_info    0x00027517     0x1820 ..\libgfxusbmsdPIC32MX795F512L_ADK.a(usb_config.o)
 .debug_info    0x00028d37      0x78c c:/program files (x86)/microchip/mplabc32/v2.02/bin/../lib/gcc/pic32mx/4.5.1/speed\libgcc.a(_udivdi3.o)
 .debug_info    0x000294c3      0x7c9 c:/program files (x86)/microchip/mplabc32/v2.02/bin/../lib/gcc/pic32mx/4.5.1/speed\libgcc.a(_umoddi3.o)
 .debug_info    0x00029c8c        0x0 c:/program files (x86)/microchip/mplabc32/v2.02/bin/../lib/gcc/pic32mx/4.5.1/../../../../pic32mx/lib/speed\libc.a(ctype.o)
 .debug_info    0x00029c8c      0x235 c:/program files (x86)/microchip/mplabc32/v2.02/bin/../lib/gcc/pic32mx/4.5.1/../../../../pic32mx/lib/speed\libc.a(ctypef.o)
 .debug_info    0x00029ec1      0x100 c:/program files (x86)/microchip/mplabc32/v2.02/bin/../lib/gcc/pic32mx/4.5.1/../../../../pic32mx/lib/speed\libc.a(malloc.o)
 .debug_info    0x00029fc1       0xd1 c:/program files (x86)/microchip/mplabc32/v2.02/bin/../lib/gcc/pic32mx/4.5.1/../../../../pic32mx/lib/speed\libc.a(strchr.o)
 .debug_info    0x0002a092       0xd3 c:/program files (x86)/microchip/mplabc32/v2.02/bin/../lib/gcc/pic32mx/4.5.1/../../../../pic32mx/lib/speed\libc.a(strncpy.o)
 .debug_info    0x0002a165       0xe8 c:/program files (x86)/microchip/mplabc32/v2.02/bin/../lib/gcc/pic32mx/4.5.1/../../../../pic32mx/lib/speed\libc.a(sprintf_cdnopuxX.eo)
 .debug_info    0x0002a24d      0x139 c:/program files (x86)/microchip/mplabc32/v2.02/bin/../lib/gcc/pic32mx/4.5.1/../../../../pic32mx/lib/speed\libc.a(sbrk.o)
 .debug_info    0x0002a386      0x102 c:/program files (x86)/microchip/mplabc32/v2.02/bin/../lib/gcc/pic32mx/4.5.1/../../../../pic32mx/lib/speed\libc.a(default-general-exception-handler.o)
 .debug_info    0x0002a488      0x106 c:/program files (x86)/microchip/mplabc32/v2.02/bin/../lib/gcc/pic32mx/4.5.1/../../../../pic32mx/lib/speed\libc.a(default-bootstrap-exception-handler.o)
 .debug_info    0x0002a58e       0xe0 c:/program files (x86)/microchip/mplabc32/v2.02/bin/../lib/gcc/pic32mx/4.5.1/../../../../pic32mx/lib/speed\libc.a(default-on-reset.o)
 .debug_info    0x0002a66e       0xe8 c:/program files (x86)/microchip/mplabc32/v2.02/bin/../lib/gcc/pic32mx/4.5.1/../../../../pic32mx/lib/speed\libc.a(default-on-bootstrap.o)
 .debug_info    0x0002a756        0x0 c:/program files (x86)/microchip/mplabc32/v2.02/bin/../lib/gcc/pic32mx/4.5.1/../../../../pic32mx/lib/speed\libc.a(errno.o)
 .debug_info    0x0002a756       0xe9 c:/program files (x86)/microchip/mplabc32/v2.02/bin/../lib/gcc/pic32mx/4.5.1/../../../../pic32mx/lib/speed\libc.a(doprnt_cdnopuxX.eo)
 .debug_info    0x0002a83f       0xda c:/program files (x86)/microchip/mplabc32/v2.02/bin/../lib/gcc/pic32mx/4.5.1/../../../../pic32mx/lib/speed\libc.a(_fputc_simple.o)
 .debug_info    0x0002a919       0xd1 c:/program files (x86)/microchip/mplabc32/v2.02/bin/../lib/gcc/pic32mx/4.5.1/../../../../pic32mx/lib/speed\libc.a(write.o)
 .debug_info    0x0002a9ea        0x0 c:/program files (x86)/microchip/mplabc32/v2.02/bin/../lib/gcc/pic32mx/4.5.1/../../../../pic32mx/lib/speed\libc.a(_iob.o)
 .debug_info    0x0002a9ea       0xdd c:/program files (x86)/microchip/mplabc32/v2.02/bin/../lib/gcc/pic32mx/4.5.1/../../../../pic32mx/lib/speed\libc.a(_flsbuf_simple.o)
 .debug_info    0x0002aac7       0xd9 c:/program files (x86)/microchip/mplabc32/v2.02/bin/../lib/gcc/pic32mx/4.5.1/../../../../pic32mx/lib/speed\libc.a(_mon_putc.o)
 .debug_info    0x0002aba0        0x0 c:/program files (x86)/microchip/mplabc32/v2.02/bin/../lib/gcc/pic32mx/4.5.1/../../../../pic32mx/lib/speed\libc.a(c32_uart.o)
 .debug_info    0x0002aba0       0xd4 c:/program files (x86)/microchip/mplabc32/v2.02/bin/../lib/gcc/pic32mx/4.5.1/../../../../pic32mx/lib/speed\libmchp_peripheral_32MX795F512L.a(pcache.o)
 .debug_info    0x0002ac74       0xcb c:/program files (x86)/microchip/mplabc32/v2.02/bin/../lib/gcc/pic32mx/4.5.1/../../../../pic32mx/lib/speed\libmchp_peripheral_32MX795F512L.a(int_disable_interrupts_lib.o)
 .debug_info    0x0002ad3f       0xcb c:/program files (x86)/microchip/mplabc32/v2.02/bin/../lib/gcc/pic32mx/4.5.1/../../../../pic32mx/lib/speed\libmchp_peripheral_32MX795F512L.a(int_restore_interrupts_lib.o)
 .debug_info    0x0002ae0a       0xd1 c:/program files (x86)/microchip/mplabc32/v2.02/bin/../lib/gcc/pic32mx/4.5.1/../../../../pic32mx/lib/speed\libmchp_peripheral_32MX795F512L.a(int_enable_mv_int_lib.o)
 .debug_info    0x0002aedb      0x1ab c:/program files (x86)/microchip/mplabc32/v2.02/bin/../lib/gcc/pic32mx/4.5.1/../../../../pic32mx/lib/speed\libmchp_peripheral_32MX795F512L.a(int_tbl_lib.o)
 .debug_info    0x0002b086      0x145 c:/program files (x86)/microchip/mplabc32/v2.02/bin/../lib/gcc/pic32mx/4.5.1/../../../../pic32mx/lib/speed\libmchp_peripheral_32MX795F512L.a(int_tbl_legacy_lib.o)
 .debug_info    0x0002b1cb       0xc1 c:/program files (x86)/microchip/mplabc32/v2.02/bin/../lib/gcc/pic32mx/4.5.1/../../../../pic32mx/lib/speed\libmchp_peripheral_32MX795F512L.a(spi_chn_configure_lib.o)
 .debug_info    0x0002b28c       0xbb c:/program files (x86)/microchip/mplabc32/v2.02/bin/../lib/gcc/pic32mx/4.5.1/../../../../pic32mx/lib/speed\libmchp_peripheral_32MX795F512L.a(spi_chn_enable_lib.o)
 .debug_info    0x0002b347        0x0 c:/program files (x86)/microchip/mplabc32/v2.02/bin/../lib/gcc/pic32mx/4.5.1/../../../../pic32mx/lib/speed\libmchp_peripheral_32MX795F512L.a(spi_map_tbl_libp.o)
 .debug_info    0x0002b347       0xd2 c:/program files (x86)/microchip/mplabc32/v2.02/bin/../lib/gcc/pic32mx/4.5.1/../../../../pic32mx/lib/speed\libmchp_peripheral_32MX795F512L.a(dma_chn_set_ev_enable_flags_lib.o)
 .debug_info    0x0002b419       0xc5 c:/program files (x86)/microchip/mplabc32/v2.02/bin/../lib/gcc/pic32mx/4.5.1/../../../../pic32mx/lib/speed\libmchp_peripheral_32MX795F512L.a(dma_chn_clr_ev_flags_lib.o)
 .debug_info    0x0002b4de       0xc1 c:/program files (x86)/microchip/mplabc32/v2.02/bin/../lib/gcc/pic32mx/4.5.1/../../../../pic32mx/lib/speed\libmchp_peripheral_32MX795F512L.a(dma_chn_configure_lib.o)
 .debug_info    0x0002b59f       0xbd c:/program files (x86)/microchip/mplabc32/v2.02/bin/../lib/gcc/pic32mx/4.5.1/../../../../pic32mx/lib/speed\libmchp_peripheral_32MX795F512L.a(dma_chn_disable_lib.o)
 .debug_info    0x0002b65c       0xbb c:/program files (x86)/microchip/mplabc32/v2.02/bin/../lib/gcc/pic32mx/4.5.1/../../../../pic32mx/lib/speed\libmchp_peripheral_32MX795F512L.a(dma_chn_enable_lib.o)
 .debug_info    0x0002b717       0xde c:/program files (x86)/microchip/mplabc32/v2.02/bin/../lib/gcc/pic32mx/4.5.1/../../../../pic32mx/lib/speed\libmchp_peripheral_32MX795F512L.a(dma_chn_write_event_control_flags_lib.o)
 .debug_info    0x0002b7f5       0xd1 c:/program files (x86)/microchip/mplabc32/v2.02/bin/../lib/gcc/pic32mx/4.5.1/../../../../pic32mx/lib/speed\libmchp_peripheral_32MX795F512L.a(dma_chn_set_txfer_lib.o)
 .debug_info    0x0002b8c6        0x0 c:/program files (x86)/microchip/mplabc32/v2.02/bin/../lib/gcc/pic32mx/4.5.1/../../../../pic32mx/lib/speed\libmchp_peripheral_32MX795F512L.a(dma_reg_map_tbl_lib.o)
 .debug_info    0x0002b8c6       0xd1 c:/program files (x86)/microchip/mplabc32/v2.02/bin/../lib/gcc/pic32mx/4.5.1/../../../../pic32mx/lib/speed\libmchp_peripheral_32MX795F512L.a(port_set_pins_digital_out_lib.o)
 .debug_info    0x0002b997       0xbf c:/program files (x86)/microchip/mplabc32/v2.02/bin/../lib/gcc/pic32mx/4.5.1/../../../../pic32mx/lib/speed\libmchp_peripheral_32MX795F512L.a(port_clear_bits_lib.o)
 .debug_info    0x0002ba56       0xbb c:/program files (x86)/microchip/mplabc32/v2.02/bin/../lib/gcc/pic32mx/4.5.1/../../../../pic32mx/lib/speed\libmchp_peripheral_32MX795F512L.a(port_set_bits_lib.o)
 .debug_info    0x0002bb11        0x0 c:/program files (x86)/microchip/mplabc32/v2.02/bin/../lib/gcc/pic32mx/4.5.1/../../../../pic32mx/lib/speed\libmchp_peripheral_32MX795F512L.a(_ports_tbl_libp.o)
 .debug_info    0x0002bb11       0xb5 c:/program files (x86)/microchip/mplabc32/v2.02/bin/../lib/gcc/pic32mx/4.5.1/../../../../pic32mx/lib/speed\libmchp_peripheral_32MX795F512L.a(I2CBusIsIdle.o)
 .debug_info    0x0002bbc6       0xc9 c:/program files (x86)/microchip/mplabc32/v2.02/bin/../lib/gcc/pic32mx/4.5.1/../../../../pic32mx/lib/speed\libmchp_peripheral_32MX795F512L.a(I2CByteWasAcknowledged.o)
 .debug_info    0x0002bc8f       0xb5 c:/program files (x86)/microchip/mplabc32/v2.02/bin/../lib/gcc/pic32mx/4.5.1/../../../../pic32mx/lib/speed\libmchp_peripheral_32MX795F512L.a(I2CConfigure.o)
 .debug_info    0x0002bd44       0xaf c:/program files (x86)/microchip/mplabc32/v2.02/bin/../lib/gcc/pic32mx/4.5.1/../../../../pic32mx/lib/speed\libmchp_peripheral_32MX795F512L.a(I2CEnable.o)
 .debug_info    0x0002bdf3       0xb5 c:/program files (x86)/microchip/mplabc32/v2.02/bin/../lib/gcc/pic32mx/4.5.1/../../../../pic32mx/lib/speed\libmchp_peripheral_32MX795F512L.a(I2CGetStatus.o)
 .debug_info    0x0002bea8       0xb3 c:/program files (x86)/microchip/mplabc32/v2.02/bin/../lib/gcc/pic32mx/4.5.1/../../../../pic32mx/lib/speed\libmchp_peripheral_32MX795F512L.a(I2CSendByte.o)
 .debug_info    0x0002bf5b       0xbb c:/program files (x86)/microchip/mplabc32/v2.02/bin/../lib/gcc/pic32mx/4.5.1/../../../../pic32mx/lib/speed\libmchp_peripheral_32MX795F512L.a(I2CSetFrequency.o)
 .debug_info    0x0002c016       0xad c:/program files (x86)/microchip/mplabc32/v2.02/bin/../lib/gcc/pic32mx/4.5.1/../../../../pic32mx/lib/speed\libmchp_peripheral_32MX795F512L.a(I2CStart.o)
 .debug_info    0x0002c0c3       0xab c:/program files (x86)/microchip/mplabc32/v2.02/bin/../lib/gcc/pic32mx/4.5.1/../../../../pic32mx/lib/speed\libmchp_peripheral_32MX795F512L.a(I2CStop.o)
 .debug_info    0x0002c16e       0xd3 c:/program files (x86)/microchip/mplabc32/v2.02/bin/../lib/gcc/pic32mx/4.5.1/../../../../pic32mx/lib/speed\libmchp_peripheral_32MX795F512L.a(I2CTransmissionHasCompleted.o)
 .debug_info    0x0002c241       0xc9 c:/program files (x86)/microchip/mplabc32/v2.02/bin/../lib/gcc/pic32mx/4.5.1/../../../../pic32mx/lib/speed\libmchp_peripheral_32MX795F512L.a(int_enable_interrupts_lib.o)
 .debug_info    0x0002c30a        0x0 c:/program files (x86)/microchip/mplabc32/v2.02/bin/../lib/gcc/pic32mx/4.5.1/../../../../pic32mx/lib/speed\libmchp_peripheral_32MX795F512L.a(I2CPrivate.o)

.debug_abbrev   0x00000000     0x34da
 *(.debug_abbrev)
 .debug_abbrev  0x00000000      0x2de ..\libgfxusbmsdPIC32MX795F512L_ADK.a(Button.o)
 .debug_abbrev  0x000002de      0x444 ..\libgfxusbmsdPIC32MX795F512L_ADK.a(GOL.o)
 .debug_abbrev  0x00000722      0x196 ..\libgfxusbmsdPIC32MX795F512L_ADK.a(GOLFontDefault.o)
 .debug_abbrev  0x000008b8      0x3d9 ..\libgfxusbmsdPIC32MX795F512L_ADK.a(Primitive.o)
 .debug_abbrev  0x00000c91      0x2bc ..\libgfxusbmsdPIC32MX795F512L_ADK.a(RadioButton.o)
 .debug_abbrev  0x00000f4d      0x3de ..\libgfxusbmsdPIC32MX795F512L_ADK.a(Slider.o)
 .debug_abbrev  0x0000132b      0x19b ..\libgfxusbmsdPIC32MX795F512L_ADK.a(TimeDelay.o)
 .debug_abbrev  0x000014c6      0x343 ..\libgfxusbmsdPIC32MX795F512L_ADK.a(DisplayDriver.o)
 .debug_abbrev  0x00001809      0x466 ..\libgfxusbmsdPIC32MX795F512L_ADK.a(FSIO.o)
 .debug_abbrev  0x00001c6f      0x385 ..\libgfxusbmsdPIC32MX795F512L_ADK.a(usb_host_msd.o)
 .debug_abbrev  0x00001ff4      0x2b6 ..\libgfxusbmsdPIC32MX795F512L_ADK.a(usb_host_msd_scsi.o)
 .debug_abbrev  0x000022aa      0x493 ..\libgfxusbmsdPIC32MX795F512L_ADK.a(usb_host.o)
 .debug_abbrev  0x0000273d      0x25d ..\libgfxusbmsdPIC32MX795F512L_ADK.a(Tick.o)
 .debug_abbrev  0x0000299a      0x205 ..\libgfxusbmsdPIC32MX795F512L_ADK.a(usb_config.o)
 .debug_abbrev  0x00002b9f      0x13d c:/program files (x86)/microchip/mplabc32/v2.02/bin/../lib/gcc/pic32mx/4.5.1/speed\libgcc.a(_udivdi3.o)
 .debug_abbrev  0x00002cdc      0x15c c:/program files (x86)/microchip/mplabc32/v2.02/bin/../lib/gcc/pic32mx/4.5.1/speed\libgcc.a(_umoddi3.o)
 .debug_abbrev  0x00002e38        0x1 c:/program files (x86)/microchip/mplabc32/v2.02/bin/../lib/gcc/pic32mx/4.5.1/../../../../pic32mx/lib/speed\libc.a(ctype.o)
 .debug_abbrev  0x00002e39       0x25 c:/program files (x86)/microchip/mplabc32/v2.02/bin/../lib/gcc/pic32mx/4.5.1/../../../../pic32mx/lib/speed\libc.a(ctypef.o)
 .debug_abbrev  0x00002e5e       0x41 c:/program files (x86)/microchip/mplabc32/v2.02/bin/../lib/gcc/pic32mx/4.5.1/../../../../pic32mx/lib/speed\libc.a(malloc.o)
 .debug_abbrev  0x00002e9f       0x25 c:/program files (x86)/microchip/mplabc32/v2.02/bin/../lib/gcc/pic32mx/4.5.1/../../../../pic32mx/lib/speed\libc.a(strchr.o)
 .debug_abbrev  0x00002ec4       0x25 c:/program files (x86)/microchip/mplabc32/v2.02/bin/../lib/gcc/pic32mx/4.5.1/../../../../pic32mx/lib/speed\libc.a(strncpy.o)
 .debug_abbrev  0x00002ee9       0x25 c:/program files (x86)/microchip/mplabc32/v2.02/bin/../lib/gcc/pic32mx/4.5.1/../../../../pic32mx/lib/speed\libc.a(sprintf_cdnopuxX.eo)
 .debug_abbrev  0x00002f0e       0x38 c:/program files (x86)/microchip/mplabc32/v2.02/bin/../lib/gcc/pic32mx/4.5.1/../../../../pic32mx/lib/speed\libc.a(sbrk.o)
 .debug_abbrev  0x00002f46       0x25 c:/program files (x86)/microchip/mplabc32/v2.02/bin/../lib/gcc/pic32mx/4.5.1/../../../../pic32mx/lib/speed\libc.a(default-general-exception-handler.o)
 .debug_abbrev  0x00002f6b       0x25 c:/program files (x86)/microchip/mplabc32/v2.02/bin/../lib/gcc/pic32mx/4.5.1/../../../../pic32mx/lib/speed\libc.a(default-bootstrap-exception-handler.o)
 .debug_abbrev  0x00002f90       0x25 c:/program files (x86)/microchip/mplabc32/v2.02/bin/../lib/gcc/pic32mx/4.5.1/../../../../pic32mx/lib/speed\libc.a(default-on-reset.o)
 .debug_abbrev  0x00002fb5       0x25 c:/program files (x86)/microchip/mplabc32/v2.02/bin/../lib/gcc/pic32mx/4.5.1/../../../../pic32mx/lib/speed\libc.a(default-on-bootstrap.o)
 .debug_abbrev  0x00002fda        0x1 c:/program files (x86)/microchip/mplabc32/v2.02/bin/../lib/gcc/pic32mx/4.5.1/../../../../pic32mx/lib/speed\libc.a(errno.o)
 .debug_abbrev  0x00002fdb       0x25 c:/program files (x86)/microchip/mplabc32/v2.02/bin/../lib/gcc/pic32mx/4.5.1/../../../../pic32mx/lib/speed\libc.a(doprnt_cdnopuxX.eo)
 .debug_abbrev  0x00003000       0x25 c:/program files (x86)/microchip/mplabc32/v2.02/bin/../lib/gcc/pic32mx/4.5.1/../../../../pic32mx/lib/speed\libc.a(_fputc_simple.o)
 .debug_abbrev  0x00003025       0x25 c:/program files (x86)/microchip/mplabc32/v2.02/bin/../lib/gcc/pic32mx/4.5.1/../../../../pic32mx/lib/speed\libc.a(write.o)
 .debug_abbrev  0x0000304a        0x1 c:/program files (x86)/microchip/mplabc32/v2.02/bin/../lib/gcc/pic32mx/4.5.1/../../../../pic32mx/lib/speed\libc.a(_iob.o)
 .debug_abbrev  0x0000304b       0x25 c:/program files (x86)/microchip/mplabc32/v2.02/bin/../lib/gcc/pic32mx/4.5.1/../../../../pic32mx/lib/speed\libc.a(_flsbuf_simple.o)
 .debug_abbrev  0x00003070       0x25 c:/program files (x86)/microchip/mplabc32/v2.02/bin/../lib/gcc/pic32mx/4.5.1/../../../../pic32mx/lib/speed\libc.a(_mon_putc.o)
 .debug_abbrev  0x00003095        0x1 c:/program files (x86)/microchip/mplabc32/v2.02/bin/../lib/gcc/pic32mx/4.5.1/../../../../pic32mx/lib/speed\libc.a(c32_uart.o)
 .debug_abbrev  0x00003096       0x25 c:/program files (x86)/microchip/mplabc32/v2.02/bin/../lib/gcc/pic32mx/4.5.1/../../../../pic32mx/lib/speed\libmchp_peripheral_32MX795F512L.a(pcache.o)
 .debug_abbrev  0x000030bb       0x25 c:/program files (x86)/microchip/mplabc32/v2.02/bin/../lib/gcc/pic32mx/4.5.1/../../../../pic32mx/lib/speed\libmchp_peripheral_32MX795F512L.a(int_disable_interrupts_lib.o)
 .debug_abbrev  0x000030e0       0x25 c:/program files (x86)/microchip/mplabc32/v2.02/bin/../lib/gcc/pic32mx/4.5.1/../../../../pic32mx/lib/speed\libmchp_peripheral_32MX795F512L.a(int_restore_interrupts_lib.o)
 .debug_abbrev  0x00003105       0x25 c:/program files (x86)/microchip/mplabc32/v2.02/bin/../lib/gcc/pic32mx/4.5.1/../../../../pic32mx/lib/speed\libmchp_peripheral_32MX795F512L.a(int_enable_mv_int_lib.o)
 .debug_abbrev  0x0000312a       0x25 c:/program files (x86)/microchip/mplabc32/v2.02/bin/../lib/gcc/pic32mx/4.5.1/../../../../pic32mx/lib/speed\libmchp_peripheral_32MX795F512L.a(int_tbl_lib.o)
 .debug_abbrev  0x0000314f       0x25 c:/program files (x86)/microchip/mplabc32/v2.02/bin/../lib/gcc/pic32mx/4.5.1/../../../../pic32mx/lib/speed\libmchp_peripheral_32MX795F512L.a(int_tbl_legacy_lib.o)
 .debug_abbrev  0x00003174       0x25 c:/program files (x86)/microchip/mplabc32/v2.02/bin/../lib/gcc/pic32mx/4.5.1/../../../../pic32mx/lib/speed\libmchp_peripheral_32MX795F512L.a(spi_chn_configure_lib.o)
 .debug_abbrev  0x00003199       0x25 c:/program files (x86)/microchip/mplabc32/v2.02/bin/../lib/gcc/pic32mx/4.5.1/../../../../pic32mx/lib/speed\libmchp_peripheral_32MX795F512L.a(spi_chn_enable_lib.o)
 .debug_abbrev  0x000031be        0x1 c:/program files (x86)/microchip/mplabc32/v2.02/bin/../lib/gcc/pic32mx/4.5.1/../../../../pic32mx/lib/speed\libmchp_peripheral_32MX795F512L.a(spi_map_tbl_libp.o)
 .debug_abbrev  0x000031bf       0x25 c:/program files (x86)/microchip/mplabc32/v2.02/bin/../lib/gcc/pic32mx/4.5.1/../../../../pic32mx/lib/speed\libmchp_peripheral_32MX795F512L.a(dma_chn_set_ev_enable_flags_lib.o)
 .debug_abbrev  0x000031e4       0x25 c:/program files (x86)/microchip/mplabc32/v2.02/bin/../lib/gcc/pic32mx/4.5.1/../../../../pic32mx/lib/speed\libmchp_peripheral_32MX795F512L.a(dma_chn_clr_ev_flags_lib.o)
 .debug_abbrev  0x00003209       0x25 c:/program files (x86)/microchip/mplabc32/v2.02/bin/../lib/gcc/pic32mx/4.5.1/../../../../pic32mx/lib/speed\libmchp_peripheral_32MX795F512L.a(dma_chn_configure_lib.o)
 .debug_abbrev  0x0000322e       0x25 c:/program files (x86)/microchip/mplabc32/v2.02/bin/../lib/gcc/pic32mx/4.5.1/../../../../pic32mx/lib/speed\libmchp_peripheral_32MX795F512L.a(dma_chn_disable_lib.o)
 .debug_abbrev  0x00003253       0x25 c:/program files (x86)/microchip/mplabc32/v2.02/bin/../lib/gcc/pic32mx/4.5.1/../../../../pic32mx/lib/speed\libmchp_peripheral_32MX795F512L.a(dma_chn_enable_lib.o)
 .debug_abbrev  0x00003278       0x25 c:/program files (x86)/microchip/mplabc32/v2.02/bin/../lib/gcc/pic32mx/4.5.1/../../../../pic32mx/lib/speed\libmchp_peripheral_32MX795F512L.a(dma_chn_write_event_control_flags_lib.o)
 .debug_abbrev  0x0000329d       0x34 c:/program files (x86)/microchip/mplabc32/v2.02/bin/../lib/gcc/pic32mx/4.5.1/../../../../pic32mx/lib/speed\libmchp_peripheral_32MX795F512L.a(dma_chn_set_txfer_lib.o)
 .debug_abbrev  0x000032d1        0x1 c:/program files (x86)/microchip/mplabc32/v2.02/bin/../lib/gcc/pic32mx/4.5.1/../../../../pic32mx/lib/speed\libmchp_peripheral_32MX795F512L.a(dma_reg_map_tbl_lib.o)
 .debug_abbrev  0x000032d2       0x25 c:/program files (x86)/microchip/mplabc32/v2.02/bin/../lib/gcc/pic32mx/4.5.1/../../../../pic32mx/lib/speed\libmchp_peripheral_32MX795F512L.a(port_set_pins_digital_out_lib.o)
 .debug_abbrev  0x000032f7       0x25 c:/program files (x86)/microchip/mplabc32/v2.02/bin/../lib/gcc/pic32mx/4.5.1/../../../../pic32mx/lib/speed\libmchp_peripheral_32MX795F512L.a(port_clear_bits_lib.o)
 .debug_abbrev  0x0000331c       0x25 c:/program files (x86)/microchip/mplabc32/v2.02/bin/../lib/gcc/pic32mx/4.5.1/../../../../pic32mx/lib/speed\libmchp_peripheral_32MX795F512L.a(port_set_bits_lib.o)
 .debug_abbrev  0x00003341        0x1 c:/program files (x86)/microchip/mplabc32/v2.02/bin/../lib/gcc/pic32mx/4.5.1/../../../../pic32mx/lib/speed\libmchp_peripheral_32MX795F512L.a(_ports_tbl_libp.o)
 .debug_abbrev  0x00003342       0x25 c:/program files (x86)/microchip/mplabc32/v2.02/bin/../lib/gcc/pic32mx/4.5.1/../../../../pic32mx/lib/speed\libmchp_peripheral_32MX795F512L.a(I2CBusIsIdle.o)
 .debug_abbrev  0x00003367       0x25 c:/program files (x86)/microchip/mplabc32/v2.02/bin/../lib/gcc/pic32mx/4.5.1/../../../../pic32mx/lib/speed\libmchp_peripheral_32MX795F512L.a(I2CByteWasAcknowledged.o)
 .debug_abbrev  0x0000338c       0x25 c:/program files (x86)/microchip/mplabc32/v2.02/bin/../lib/gcc/pic32mx/4.5.1/../../../../pic32mx/lib/speed\libmchp_peripheral_32MX795F512L.a(I2CConfigure.o)
 .debug_abbrev  0x000033b1       0x25 c:/program files (x86)/microchip/mplabc32/v2.02/bin/../lib/gcc/pic32mx/4.5.1/../../../../pic32mx/lib/speed\libmchp_peripheral_32MX795F512L.a(I2CEnable.o)
 .debug_abbrev  0x000033d6       0x25 c:/program files (x86)/microchip/mplabc32/v2.02/bin/../lib/gcc/pic32mx/4.5.1/../../../../pic32mx/lib/speed\libmchp_peripheral_32MX795F512L.a(I2CGetStatus.o)
 .debug_abbrev  0x000033fb       0x25 c:/program files (x86)/microchip/mplabc32/v2.02/bin/../lib/gcc/pic32mx/4.5.1/../../../../pic32mx/lib/speed\libmchp_peripheral_32MX795F512L.a(I2CSendByte.o)
 .debug_abbrev  0x00003420       0x25 c:/program files (x86)/microchip/mplabc32/v2.02/bin/../lib/gcc/pic32mx/4.5.1/../../../../pic32mx/lib/speed\libmchp_peripheral_32MX795F512L.a(I2CSetFrequency.o)
 .debug_abbrev  0x00003445       0x25 c:/program files (x86)/microchip/mplabc32/v2.02/bin/../lib/gcc/pic32mx/4.5.1/../../../../pic32mx/lib/speed\libmchp_peripheral_32MX795F512L.a(I2CStart.o)
 .debug_abbrev  0x0000346a       0x25 c:/program files (x86)/microchip/mplabc32/v2.02/bin/../lib/gcc/pic32mx/4.5.1/../../../../pic32mx/lib/speed\libmchp_peripheral_32MX795F512L.a(I2CStop.o)
 .debug_abbrev  0x0000348f       0x25 c:/program files (x86)/microchip/mplabc32/v2.02/bin/../lib/gcc/pic32mx/4.5.1/../../../../pic32mx/lib/speed\libmchp_peripheral_32MX795F512L.a(I2CTransmissionHasCompleted.o)
 .debug_abbrev  0x000034b4       0x25 c:/program files (x86)/microchip/mplabc32/v2.02/bin/../lib/gcc/pic32mx/4.5.1/../../../../pic32mx/lib/speed\libmchp_peripheral_32MX795F512L.a(int_enable_interrupts_lib.o)
 .debug_abbrev  0x000034d9        0x1 c:/program files (x86)/microchip/mplabc32/v2.02/bin/../lib/gcc/pic32mx/4.5.1/../../../../pic32mx/lib/speed\libmchp_peripheral_32MX795F512L.a(I2CPrivate.o)

.debug_line     0x00000000     0x9a5d
 *(.debug_line)
 .debug_line    0x00000000      0x318 ..\libgfxusbmsdPIC32MX795F512L_ADK.a(Button.o)
 .debug_line    0x00000318      0x58d ..\libgfxusbmsdPIC32MX795F512L_ADK.a(GOL.o)
 .debug_line    0x000008a5      0x192 ..\libgfxusbmsdPIC32MX795F512L_ADK.a(GOLFontDefault.o)
 .debug_line    0x00000a37     0x149f ..\libgfxusbmsdPIC32MX795F512L_ADK.a(Primitive.o)
 .debug_line    0x00001ed6      0x2e8 ..\libgfxusbmsdPIC32MX795F512L_ADK.a(RadioButton.o)
 .debug_line    0x000021be      0x5ab ..\libgfxusbmsdPIC32MX795F512L_ADK.a(Slider.o)
 .debug_line    0x00002769      0x18e ..\libgfxusbmsdPIC32MX795F512L_ADK.a(TimeDelay.o)
 .debug_line    0x000028f7      0xc27 ..\libgfxusbmsdPIC32MX795F512L_ADK.a(DisplayDriver.o)
 .debug_line    0x0000351e     0x31f6 ..\libgfxusbmsdPIC32MX795F512L_ADK.a(FSIO.o)
 .debug_line    0x00006714      0x4be ..\libgfxusbmsdPIC32MX795F512L_ADK.a(usb_host_msd.o)
 .debug_line    0x00006bd2      0x2e6 ..\libgfxusbmsdPIC32MX795F512L_ADK.a(usb_host_msd_scsi.o)
 .debug_line    0x00006eb8     0x1102 ..\libgfxusbmsdPIC32MX795F512L_ADK.a(usb_host.o)
 .debug_line    0x00007fba      0x22c ..\libgfxusbmsdPIC32MX795F512L_ADK.a(Tick.o)
 .debug_line    0x000081e6      0x16e ..\libgfxusbmsdPIC32MX795F512L_ADK.a(usb_config.o)
 .debug_line    0x00008354      0x118 c:/program files (x86)/microchip/mplabc32/v2.02/bin/../lib/gcc/pic32mx/4.5.1/speed\libgcc.a(_udivdi3.o)
 .debug_line    0x0000846c      0x12e c:/program files (x86)/microchip/mplabc32/v2.02/bin/../lib/gcc/pic32mx/4.5.1/speed\libgcc.a(_umoddi3.o)
 .debug_line    0x0000859a        0x0 c:/program files (x86)/microchip/mplabc32/v2.02/bin/../lib/gcc/pic32mx/4.5.1/../../../../pic32mx/lib/speed\libc.a(ctype.o)
 .debug_line    0x0000859a       0x87 c:/program files (x86)/microchip/mplabc32/v2.02/bin/../lib/gcc/pic32mx/4.5.1/../../../../pic32mx/lib/speed\libc.a(ctypef.o)
 .debug_line    0x00008621       0x87 c:/program files (x86)/microchip/mplabc32/v2.02/bin/../lib/gcc/pic32mx/4.5.1/../../../../pic32mx/lib/speed\libc.a(malloc.o)
 .debug_line    0x000086a8       0x87 c:/program files (x86)/microchip/mplabc32/v2.02/bin/../lib/gcc/pic32mx/4.5.1/../../../../pic32mx/lib/speed\libc.a(strchr.o)
 .debug_line    0x0000872f       0x88 c:/program files (x86)/microchip/mplabc32/v2.02/bin/../lib/gcc/pic32mx/4.5.1/../../../../pic32mx/lib/speed\libc.a(strncpy.o)
 .debug_line    0x000087b7       0x93 c:/program files (x86)/microchip/mplabc32/v2.02/bin/../lib/gcc/pic32mx/4.5.1/../../../../pic32mx/lib/speed\libc.a(sprintf_cdnopuxX.eo)
 .debug_line    0x0000884a       0x87 c:/program files (x86)/microchip/mplabc32/v2.02/bin/../lib/gcc/pic32mx/4.5.1/../../../../pic32mx/lib/speed\libc.a(sbrk.o)
 .debug_line    0x000088d1       0xa4 c:/program files (x86)/microchip/mplabc32/v2.02/bin/../lib/gcc/pic32mx/4.5.1/../../../../pic32mx/lib/speed\libc.a(default-general-exception-handler.o)
 .debug_line    0x00008975       0xa6 c:/program files (x86)/microchip/mplabc32/v2.02/bin/../lib/gcc/pic32mx/4.5.1/../../../../pic32mx/lib/speed\libc.a(default-bootstrap-exception-handler.o)
 .debug_line    0x00008a1b       0x93 c:/program files (x86)/microchip/mplabc32/v2.02/bin/../lib/gcc/pic32mx/4.5.1/../../../../pic32mx/lib/speed\libc.a(default-on-reset.o)
 .debug_line    0x00008aae       0x97 c:/program files (x86)/microchip/mplabc32/v2.02/bin/../lib/gcc/pic32mx/4.5.1/../../../../pic32mx/lib/speed\libc.a(default-on-bootstrap.o)
 .debug_line    0x00008b45        0x0 c:/program files (x86)/microchip/mplabc32/v2.02/bin/../lib/gcc/pic32mx/4.5.1/../../../../pic32mx/lib/speed\libc.a(errno.o)
 .debug_line    0x00008b45       0x92 c:/program files (x86)/microchip/mplabc32/v2.02/bin/../lib/gcc/pic32mx/4.5.1/../../../../pic32mx/lib/speed\libc.a(doprnt_cdnopuxX.eo)
 .debug_line    0x00008bd7       0x91 c:/program files (x86)/microchip/mplabc32/v2.02/bin/../lib/gcc/pic32mx/4.5.1/../../../../pic32mx/lib/speed\libc.a(_fputc_simple.o)
 .debug_line    0x00008c68       0x88 c:/program files (x86)/microchip/mplabc32/v2.02/bin/../lib/gcc/pic32mx/4.5.1/../../../../pic32mx/lib/speed\libc.a(write.o)
 .debug_line    0x00008cf0        0x0 c:/program files (x86)/microchip/mplabc32/v2.02/bin/../lib/gcc/pic32mx/4.5.1/../../../../pic32mx/lib/speed\libc.a(_iob.o)
 .debug_line    0x00008cf0       0x92 c:/program files (x86)/microchip/mplabc32/v2.02/bin/../lib/gcc/pic32mx/4.5.1/../../../../pic32mx/lib/speed\libc.a(_flsbuf_simple.o)
 .debug_line    0x00008d82       0x8c c:/program files (x86)/microchip/mplabc32/v2.02/bin/../lib/gcc/pic32mx/4.5.1/../../../../pic32mx/lib/speed\libc.a(_mon_putc.o)
 .debug_line    0x00008e0e        0x0 c:/program files (x86)/microchip/mplabc32/v2.02/bin/../lib/gcc/pic32mx/4.5.1/../../../../pic32mx/lib/speed\libc.a(c32_uart.o)
 .debug_line    0x00008e0e       0x62 c:/program files (x86)/microchip/mplabc32/v2.02/bin/../lib/gcc/pic32mx/4.5.1/../../../../pic32mx/lib/speed\libmchp_peripheral_32MX795F512L.a(pcache.o)
 .debug_line    0x00008e70       0x73 c:/program files (x86)/microchip/mplabc32/v2.02/bin/../lib/gcc/pic32mx/4.5.1/../../../../pic32mx/lib/speed\libmchp_peripheral_32MX795F512L.a(int_disable_interrupts_lib.o)
 .debug_line    0x00008ee3       0x73 c:/program files (x86)/microchip/mplabc32/v2.02/bin/../lib/gcc/pic32mx/4.5.1/../../../../pic32mx/lib/speed\libmchp_peripheral_32MX795F512L.a(int_restore_interrupts_lib.o)