Archive member included because of file (symbol)

..\libgfxusbmsdPIC32MX795F512L_ADK.a(GOL.o)
                              build/default/production/_ext/1360937237/MainDemo.o (GOLCreateScheme)
..\libgfxusbmsdPIC32MX795F512L_ADK.a(GOLFontDefault.o)
                              ..\libgfxusbmsdPIC32MX795F512L_ADK.a(GOL.o) (GOLFontDefault)
..\libgfxusbmsdPIC32MX795F512L_ADK.a(Primitive.o)
                              build/default/production/_ext/1360937237/MainDemo.o (InitGraph)
..\libgfxusbmsdPIC32MX795F512L_ADK.a(TimeDelay.o)
                              build/default/production/_ext/1360937237/MainDemo.o (DelayMs)
..\libgfxusbmsdPIC32MX795F512L_ADK.a(DisplayDriver.o)
                              ..\libgfxusbmsdPIC32MX795F512L_ADK.a(Primitive.o) (ResetDevice)
..\libgfxusbmsdPIC32MX795F512L_ADK.a(FSIO.o)
                              build/default/production/_ext/1360937237/MainDemo.o (FSInit)
..\libgfxusbmsdPIC32MX795F512L_ADK.a(usb_host_msd.o)
                              build/default/production/_ext/1360937237/MainDemo.o (USBHostMSDTasks)
..\libgfxusbmsdPIC32MX795F512L_ADK.a(usb_host_msd_scsi.o)
                              build/default/production/_ext/1360937237/MainDemo.o (USBHostMSDSCSIMediaDetect)
..\libgfxusbmsdPIC32MX795F512L_ADK.a(usb_host.o)
                              ..\libgfxusbmsdPIC32MX795F512L_ADK.a(usb_host_msd.o) (USBHostClearEndpointErrors)
..\libgfxusbmsdPIC32MX795F512L_ADK.a(Tick.o)
                              build/default/production/_ext/1360937237/MainDemo.o (TickInit)
..\libgfxusbmsdPIC32MX795F512L_ADK.a(usb_config.o)
                              ..\libgfxusbmsdPIC32MX795F512L_ADK.a(usb_host_msd.o) (usbMediaInterfaceTable)
c:/program files (x86)/microchip/mplabc32/v2.02/bin/../lib/gcc/pic32mx/4.5.1/speed\libgcc.a(_udivdi3.o)
                              build/default/production/_ext/1360937237/MainDemo.o (__udivdi3)
c:/program files (x86)/microchip/mplabc32/v2.02/bin/../lib/gcc/pic32mx/4.5.1/speed\libgcc.a(_umoddi3.o)
                              ..\libgfxusbmsdPIC32MX795F512L_ADK.a(FSIO.o) (__umoddi3)
c:/program files (x86)/microchip/mplabc32/v2.02/bin/../lib/gcc/pic32mx/4.5.1/../../../../pic32mx/lib/speed\libc.a(memset.o)
                              ..\libgfxusbmsdPIC32MX795F512L_ADK.a(FSIO.o) (memset)
c:/program files (x86)/microchip/mplabc32/v2.02/bin/../lib/gcc/pic32mx/4.5.1/../../../../pic32mx/lib/speed\libc.a(strcpy.o)
                              ..\libgfxusbmsdPIC32MX795F512L_ADK.a(FSIO.o) (strcpy)
c:/program files (x86)/microchip/mplabc32/v2.02/bin/../lib/gcc/pic32mx/4.5.1/../../../../pic32mx/lib/speed\libc.a(strlen.o)
                              ..\libgfxusbmsdPIC32MX795F512L_ADK.a(FSIO.o) (strlen)
c:/program files (x86)/microchip/mplabc32/v2.02/bin/../lib/gcc/pic32mx/4.5.1/../../../../pic32mx/lib/speed\libc.a(general-exception.o)
                              c:/program files (x86)/microchip/mplabc32/v2.02/bin/../lib/gcc/pic32mx/4.5.1/../../../../pic32mx/lib/speed/crt0.o (_general_exception_context)
c:/program files (x86)/microchip/mplabc32/v2.02/bin/../lib/gcc/pic32mx/4.5.1/../../../../pic32mx/lib/speed\libc.a(atoi.o)
                              build/default/production/_ext/1360937237/MainDemo.o (atoi)
c:/program files (x86)/microchip/mplabc32/v2.02/bin/../lib/gcc/pic32mx/4.5.1/../../../../pic32mx/lib/speed\libc.a(ctype.o)
                              ..\libgfxusbmsdPIC32MX795F512L_ADK.a(FSIO.o) (_ctype)
c:/program files (x86)/microchip/mplabc32/v2.02/bin/../lib/gcc/pic32mx/4.5.1/../../../../pic32mx/lib/speed\libc.a(ctypef.o)
                              ..\libgfxusbmsdPIC32MX795F512L_ADK.a(FSIO.o) (tolower)
c:/program files (x86)/microchip/mplabc32/v2.02/bin/../lib/gcc/pic32mx/4.5.1/../../../../pic32mx/lib/speed\libc.a(malloc.o)
                              build/default/production/_ext/1360937237/WM8960Drv.o (malloc)
c:/program files (x86)/microchip/mplabc32/v2.02/bin/../lib/gcc/pic32mx/4.5.1/../../../../pic32mx/lib/speed\libc.a(strchr.o)
                              ..\libgfxusbmsdPIC32MX795F512L_ADK.a(FSIO.o) (strchr)
c:/program files (x86)/microchip/mplabc32/v2.02/bin/../lib/gcc/pic32mx/4.5.1/../../../../pic32mx/lib/speed\libc.a(strncpy.o)
                              ..\libgfxusbmsdPIC32MX795F512L_ADK.a(FSIO.o) (strncpy)
c:/program files (x86)/microchip/mplabc32/v2.02/bin/../lib/gcc/pic32mx/4.5.1/../../../../pic32mx/lib/speed\libc.a(strtok.o)
                              build/default/production/_ext/1360937237/MainDemo.o (strtok)
c:/program files (x86)/microchip/mplabc32/v2.02/bin/../lib/gcc/pic32mx/4.5.1/../../../../pic32mx/lib/speed\libc.a(sbrk.o)
                              c:/program files (x86)/microchip/mplabc32/v2.02/bin/../lib/gcc/pic32mx/4.5.1/../../../../pic32mx/lib/speed\libc.a(malloc.o) (sbrk)
c:/program files (x86)/microchip/mplabc32/v2.02/bin/../lib/gcc/pic32mx/4.5.1/../../../../pic32mx/lib/speed\libc.a(default-general-exception-handler.o)
[...]
Memory Configuration

Name             Origin             Length             Attributes
kseg0_program_mem 0x9d000000         0x00080000         xr
kseg0_boot_mem   0x9fc00490         0x00000970
exception_mem    0x9fc01000         0x00001000
kseg1_boot_mem   0xbfc00000         0x00000490
debug_exec_mem   0xbfc02000         0x00000ff0
config3          0xbfc02ff0         0x00000004
config2          0xbfc02ff4         0x00000004
config1          0xbfc02ff8         0x00000004
config0          0xbfc02ffc         0x00000004
kseg1_data_mem   0xa0000000         0x00020000         w !x
sfrs             0xbf800000         0x00100000
configsfrs       0xbfc02ff0         0x00000010
*default*        0x00000000         0xffffffff

Linker script and memory map

LOAD c:/program files (x86)/microchip/mplabc32/v2.02/bin/../lib/gcc/pic32mx/4.5.1/../../../../pic32mx/lib/speed/crt0.o
LOAD build/default/production/_ext/1360937237/Font25PixelsHeight.o
LOAD build/default/production/_ext/1360937237/icons_adb.o
LOAD build/default/production/_ext/1360937237/MainDemo.o
LOAD build/default/production/_ext/1360937237/WM8960Drv.o
LOAD ..\libgfxusbmsdPIC32MX795F512L_ADK.a
                0x00000001                __MPLAB_BUILD = 0x1
                0x00005dc0                _min_heap_size = 0x5dc0
                0x00000800                _min_stack_size = 0x800
LOAD c:/program files (x86)/microchip/mplabc32/v2.02/bin/../lib/gcc/pic32mx/4.5.1/speed\libgcc.a
START GROUP
LOAD c:/program files (x86)/microchip/mplabc32/v2.02/bin/../lib/gcc/pic32mx/4.5.1/../../../../pic32mx/lib/speed\libdebug.a
LOAD c:/program files (x86)/microchip/mplabc32/v2.02/bin/../lib/gcc/pic32mx/4.5.1/../../../../pic32mx/lib/speed\libc.a
LOAD c:/program files (x86)/microchip/mplabc32/v2.02/bin/../lib/gcc/pic32mx/4.5.1/../../../../pic32mx/lib/speed\libm.a
LOAD c:/program files (x86)/microchip/mplabc32/v2.02/bin/../lib/gcc/pic32mx/4.5.1/../../../../pic32mx/lib/speed\libe.a
LOAD c:/program files (x86)/microchip/mplabc32/v2.02/bin/../lib/gcc/pic32mx/4.5.1/../../../../pic32mx/lib/speed\libdsp.a
LOAD c:/program files (x86)/microchip/mplabc32/v2.02/bin/../lib/gcc/pic32mx/4.5.1/../../../../pic32mx/lib/speed\libmchp_peripheral.a
LOAD c:/program files (x86)/microchip/mplabc32/v2.02/bin/../lib/gcc/pic32mx/4.5.1/../../../../pic32mx/lib/speed\libmchp_peripheral_32MX795F512L.a
END GROUP
LOAD c:/program files (x86)/microchip/mplabc32/v2.02/bin/../lib/gcc/pic32mx/4.5.1/speed\libgcc.a
                0x00000400                PROVIDE (_min_stack_size, 0x400)
                0x00000000                PROVIDE (_min_heap_size, 0x0)
LOAD c:/program files (x86)/microchip/mplabc32/v2.02/bin/../lib/gcc/pic32mx/4.5.1/../../../../pic32mx/lib/./proc/32MX795F512L\processor.o
                0x00000001                PROVIDE (_vector_spacing, 0x1)
                0x9fc01000                _ebase_address = 0x9fc01000
                0xbfc00000                _RESET_ADDR = 0xbfc00000
                0xbfc00380                _BEV_EXCPT_ADDR = 0xbfc00380
                0xbfc00480                _DBG_EXCPT_ADDR = 0xbfc00480
                0xbfc02000                _DBG_CODE_ADDR = 0xbfc02000
                0x00000ff0                _DBG_CODE_SIZE = 0xff0
                0x9fc01180                _GEN_EXCPT_ADDR = (_ebase_address + 0x180)

.config_BFC02FF0
 *(.config_BFC02FF0)

.config_BFC02FF4
                0xbfc02ff4        0x4
 *(.config_BFC02FF4)
 .config_BFC02FF4
                0xbfc02ff4        0x4 build/default/production/_ext/1360937237/MainDemo.o

.config_BFC02FF8
                0xbfc02ff8        0x4
 *(.config_BFC02FF8)
 .config_BFC02FF8
                0xbfc02ff8        0x4 build/default/production/_ext/1360937237/MainDemo.o

.config_BFC02FFC
                0xbfc02ffc        0x4
 *(.config_BFC02FFC)
 .config_BFC02FFC
                0xbfc02ffc        0x4 build/default/production/_ext/1360937237/MainDemo.o
                0xbfc02000                PROVIDE (_DBG_CODE_ADDR, 0xbfc02000)
                0x00000ff0                PROVIDE (_DBG_CODE_SIZE, 0xff0)

.reset          0xbfc00000      0x1f4
 *(.reset)
 .reset         0xbfc00000       0x10 c:/program files (x86)/microchip/mplabc32/v2.02/bin/../lib/gcc/pic32mx/4.5.1/../../../../pic32mx/lib/speed/crt0.o
                0xbfc00000                _reset
 *(.reset.startup)
 .reset.startup
                0xbfc00010      0x1e4 c:/program files (x86)/microchip/mplabc32/v2.02/bin/../lib/gcc/pic32mx/4.5.1/../../../../pic32mx/lib/speed/crt0.o

.bev_excpt      0xbfc00380       0x10
 *(.bev_handler)
 .bev_handler   0xbfc00380       0x10 c:/program files (x86)/microchip/mplabc32/v2.02/bin/../lib/gcc/pic32mx/4.5.1/../../../../pic32mx/lib/speed/crt0.o

.dbg_excpt      0xbfc00480        0x0
                0xbfc00480                . = (. + DEFINED (_DEBUGGER)?0x8:0x0)

.dbg_code       0xbfc02000        0x0
                0xbfc02000                . = (. + DEFINED (_DEBUGGER)?_DBG_CODE_SIZE:0x0)

.app_excpt      0x9fc01180       0x10
 *(.gen_handler)
 .gen_handler   0x9fc01180       0x10 c:/program files (x86)/microchip/mplabc32/v2.02/bin/../lib/gcc/pic32mx/4.5.1/../../../../pic32mx/lib/speed/crt0.o

.vector_0       0x9fc01200        0x0
 *(.vector_0)
                0x00000001                ASSERT (((_vector_spacing == 0x0) || (SIZEOF (.vector_0) <= (_vector_spacing << 0x5))), function at exception vector 0 too large)

.vector_1       0x9fc01220        0x0
 *(.vector_1)
                0x00000001                ASSERT (((_vector_spacing == 0x0) || (SIZEOF (.vector_1) <= (_vector_spacing << 0x5))), function at exception vector 1 too large)

.vector_2       0x9fc01240        0x0
 *(.vector_2)
                0x00000001                ASSERT (((_vector_spacing == 0x0) || (SIZEOF (.vector_2) <= (_vector_spacing << 0x5))), function at exception vector 2 too large)

.vector_3       0x9fc01260        0x0
 *(.vector_3)
                0x00000001                ASSERT (((_vector_spacing == 0x0) || (SIZEOF (.vector_3) <= (_vector_spacing << 0x5))), function at exception vector 3 too large)

.vector_4       0x9fc01280        0x8
 *(.vector_4)
 .vector_4      0x9fc01280        0x8 ..\libgfxusbmsdPIC32MX795F512L_ADK.a(Tick.o)
                0x00000001                ASSERT (((_vector_spacing == 0x0) || (SIZEOF (.vector_4) <= (_vector_spacing << 0x5))), function at exception vector 4 too large)

.vector_5       0x9fc012a0        0x0
 *(.vector_5)
                0x00000001                ASSERT (((_vector_spacing == 0x0) || (SIZEOF (.vector_5) <= (_vector_spacing << 0x5))), function at exception vector 5 too large)

.vector_6       0x9fc012c0        0x0
 *(.vector_6)
                0x00000001                ASSERT (((_vector_spacing == 0x0) || (SIZEOF (.vector_6) <= (_vector_spacing << 0x5))), function at exception vector 6 too large)

.vector_7       0x9fc012e0        0x0
 *(.vector_7)
                0x00000001                ASSERT (((_vector_spacing == 0x0) || (SIZEOF (.vector_7) <= (_vector_spacing << 0x5))), function at exception vector 7 too large)

.vector_8       0x9fc01300        0x0
 *(.vector_8)
                0x00000001                ASSERT (((_vector_spacing == 0x0) || (SIZEOF (.vector_8) <= (_vector_spacing << 0x5))), function at exception vector 8 too large)

.vector_9       0x9fc01320        0x0
 *(.vector_9)
                0x00000001                ASSERT (((_vector_spacing == 0x0) || (SIZEOF (.vector_9) <= (_vector_spacing << 0x5))), function at exception vector 9 too large)

.vector_10      0x9fc01340        0x0
 *(.vector_10)
                0x00000001                ASSERT (((_vector_spacing == 0x0) || (SIZEOF (.vector_10) <= (_vector_spacing << 0x5))), function at exception vector 10 too large)

.vector_11      0x9fc01360        0x0
 *(.vector_11)
                0x00000001                ASSERT (((_vector_spacing == 0x0) || (SIZEOF (.vector_11) <= (_vector_spacing << 0x5))), function at exception vector 11 too large)

.vector_12      0x9fc01380        0x0
 *(.vector_12)
                0x00000001                ASSERT (((_vector_spacing == 0x0) || (SIZEOF (.vector_12) <= (_vector_spacing << 0x5))), function at exception vector 12 too large)

.vector_13      0x9fc013a0        0x0
 *(.vector_13)
                0x00000001                ASSERT (((_vector_spacing == 0x0) || (SIZEOF (.vector_13) <= (_vector_spacing << 0x5))), function at exception vector 13 too large)

.vector_14      0x9fc013c0        0x0
 *(.vector_14)
                0x00000001                ASSERT (((_vector_spacing == 0x0) || (SIZEOF (.vector_14) <= (_vector_spacing << 0x5))), function at exception vector 14 too large)

.vector_15      0x9fc013e0        0x0
 *(.vector_15)
                0x00000001                ASSERT (((_vector_spacing == 0x0) || (SIZEOF (.vector_15) <= (_vector_spacing << 0x5))), function at exception vector 15 too large)

.vector_16      0x9fc01400        0x0
 *(.vector_16)
                0x00000001                ASSERT (((_vector_spacing == 0x0) || (SIZEOF (.vector_16) <= (_vector_spacing << 0x5))), function at exception vector 16 too large)

.vector_17      0x9fc01420        0x0
 *(.vector_17)
                0x00000001                ASSERT (((_vector_spacing == 0x0) || (SIZEOF (.vector_17) <= (_vector_spacing << 0x5))), function at exception vector 17 too large)

.vector_18      0x9fc01440        0x0
 *(.vector_18)
                0x00000001                ASSERT (((_vector_spacing == 0x0) || (SIZEOF (.vector_18) <= (_vector_spacing << 0x5))), function at exception vector 18 too large)

.vector_19      0x9fc01460        0x0
 *(.vector_19)
                0x00000001                ASSERT (((_vector_spacing == 0x0) || (SIZEOF (.vector_19) <= (_vector_spacing << 0x5))), function at exception vector 19 too large)

.vector_20      0x9fc01480        0x0
 *(.vector_20)
                0x00000001                ASSERT (((_vector_spacing == 0x0) || (SIZEOF (.vector_20) <= (_vector_spacing << 0x5))), function at exception vector 20 too large)

.vector_21      0x9fc014a0        0x0
 *(.vector_21)
                0x00000001                ASSERT (((_vector_spacing == 0x0) || (SIZEOF (.vector_21) <= (_vector_spacing << 0x5))), function at exception vector 21 too large)

.vector_22      0x9fc014c0        0x0
 *(.vector_22)
                0x00000001                ASSERT (((_vector_spacing == 0x0) || (SIZEOF (.vector_22) <= (_vector_spacing << 0x5))), function at exception vector 22 too large)

.vector_23      0x9fc014e0        0x0
 *(.vector_23)
                0x00000001                ASSERT (((_vector_spacing == 0x0) || (SIZEOF (.vector_23) <= (_vector_spacing << 0x5))), function at exception vector 23 too large)

.vector_24      0x9fc01500        0x0
 *(.vector_24)
                0x00000001                ASSERT (((_vector_spacing == 0x0) || (SIZEOF (.vector_24) <= (_vector_spacing << 0x5))), function at exception vector 24 too large)

.vector_25      0x9fc01520        0x0
 *(.vector_25)
                0x00000001                ASSERT (((_vector_spacing == 0x0) || (SIZEOF (.vector_25) <= (_vector_spacing << 0x5))), function at exception vector 25 too large)

.vector_26      0x9fc01540        0x0
 *(.vector_26)
                0x00000001                ASSERT (((_vector_spacing == 0x0) || (SIZEOF (.vector_26) <= (_vector_spacing << 0x5))), function at exception vector 26 too large)

.vector_27      0x9fc01560        0x0
 *(.vector_27)
                0x00000001                ASSERT (((_vector_spacing == 0x0) || (SIZEOF (.vector_27) <= (_vector_spacing << 0x5))), function at exception vector 27 too large)

.vector_28      0x9fc01580        0x0
 *(.vector_28)
                0x00000001                ASSERT (((_vector_spacing == 0x0) || (SIZEOF (.vector_28) <= (_vector_spacing << 0x5))), function at exception vector 28 too large)

.vector_29      0x9fc015a0        0x0
 *(.vector_29)
                0x00000001                ASSERT (((_vector_spacing == 0x0) || (SIZEOF (.vector_29) <= (_vector_spacing << 0x5))), function at exception vector 29 too large)

.vector_30      0x9fc015c0        0x0
 *(.vector_30)
                0x00000001                ASSERT (((_vector_spacing == 0x0) || (SIZEOF (.vector_30) <= (_vector_spacing << 0x5))), function at exception vector 30 too large)

.vector_31      0x9fc015e0        0x0
 *(.vector_31)
                0x00000001                ASSERT (((_vector_spacing == 0x0) || (SIZEOF (.vector_31) <= (_vector_spacing << 0x5))), function at exception vector 31 too large)

.vector_32      0x9fc01600        0x0
 *(.vector_32)
                0x00000001                ASSERT (((_vector_spacing == 0x0) || (SIZEOF (.vector_32) <= (_vector_spacing << 0x5))), function at exception vector 32 too large)

.vector_33      0x9fc01620        0x0
 *(.vector_33)
                0x00000001                ASSERT (((_vector_spacing == 0x0) || (SIZEOF (.vector_33) <= (_vector_spacing << 0x5))), function at exception vector 33 too large)

.vector_34      0x9fc01640        0x0
 *(.vector_34)
                0x00000001                ASSERT (((_vector_spacing == 0x0) || (SIZEOF (.vector_34) <= (_vector_spacing << 0x5))), function at exception vector 34 too large)

.vector_35      0x9fc01660        0x0
 *(.vector_35)
                0x00000001                ASSERT (((_vector_spacing == 0x0) || (SIZEOF (.vector_35) <= (_vector_spacing << 0x5))), function at exception vector 35 too large)

.vector_36      0x9fc01680        0x8
 *(.vector_36)
 .vector_36     0x9fc01680        0x8 build/default/production/_ext/1360937237/WM8960Drv.o
                0x00000001                ASSERT (((_vector_spacing == 0x0) || (SIZEOF (.vector_36) <= (_vector_spacing << 0x5))), function at exception vector 36 too large)

.vector_37      0x9fc016a0        0x8
 *(.vector_37)
 .vector_37     0x9fc016a0        0x8 build/default/production/_ext/1360937237/WM8960Drv.o
                0x00000001                ASSERT (((_vector_spacing == 0x0) || (SIZEOF (.vector_37) <= (_vector_spacing << 0x5))), function at exception vector 37 too large)

.vector_38      0x9fc016c0        0x0
 *(.vector_38)
                0x00000001                ASSERT (((_vector_spacing == 0x0) || (SIZEOF (.vector_38) <= (_vector_spacing << 0x5))), function at exception vector 38 too large)

.vector_39      0x9fc016e0        0x0
 *(.vector_39)
                0x00000001                ASSERT (((_vector_spacing == 0x0) || (SIZEOF (.vector_39) <= (_vector_spacing << 0x5))), function at exception vector 39 too large)

.vector_40      0x9fc01700        0x0
 *(.vector_40)
                0x00000001                ASSERT (((_vector_spacing == 0x0) || (SIZEOF (.vector_40) <= (_vector_spacing << 0x5))), function at exception vector 40 too large)

.vector_41      0x9fc01720        0x0
 *(.vector_41)
                0x00000001                ASSERT (((_vector_spacing == 0x0) || (SIZEOF (.vector_41) <= (_vector_spacing << 0x5))), function at exception vector 41 too large)

.vector_42      0x9fc01740        0x0
 *(.vector_42)
                0x00000001                ASSERT (((_vector_spacing == 0x0) || (SIZEOF (.vector_42) <= (_vector_spacing << 0x5))), function at exception vector 42 too large)

.vector_43      0x9fc01760        0x0
 *(.vector_43)
                0x00000001                ASSERT (((_vector_spacing == 0x0) || (SIZEOF (.vector_43) <= (_vector_spacing << 0x5))), function at exception vector 43 too large)

.vector_44      0x9fc01780        0x0
 *(.vector_44)
                0x00000001                ASSERT (((_vector_spacing == 0x0) || (SIZEOF (.vector_44) <= (_vector_spacing << 0x5))), function at exception vector 44 too large)

.vector_45      0x9fc017a0        0x8
 *(.vector_45)
 .vector_45     0x9fc017a0        0x8 ..\libgfxusbmsdPIC32MX795F512L_ADK.a(usb_host.o)
                0x00000001                ASSERT (((_vector_spacing == 0x0) || (SIZEOF (.vector_45) <= (_vector_spacing << 0x5))), function at exception vector 45 too large)

.vector_46      0x9fc017c0        0x0
 *(.vector_46)
                0x00000001                ASSERT (((_vector_spacing == 0x0) || (SIZEOF (.vector_46) <= (_vector_spacing << 0x5))), function at exception vector 46 too large)

.vector_47      0x9fc017e0        0x0
 *(.vector_47)
                0x00000001                ASSERT (((_vector_spacing == 0x0) || (SIZEOF (.vector_47) <= (_vector_spacing << 0x5))), function at exception vector 47 too large)

.vector_48      0x9fc01800        0x0
 *(.vector_48)
                0x00000001                ASSERT (((_vector_spacing == 0x0) || (SIZEOF (.vector_48) <= (_vector_spacing << 0x5))), function at exception vector 48 too large)

.vector_49      0x9fc01820        0x0
 *(.vector_49)
                0x00000001                ASSERT (((_vector_spacing == 0x0) || (SIZEOF (.vector_49) <= (_vector_spacing << 0x5))), function at exception vector 49 too large)

.vector_50      0x9fc01840        0x0
 *(.vector_50)
                0x00000001                ASSERT (((_vector_spacing == 0x0) || (SIZEOF (.vector_50) <= (_vector_spacing << 0x5))), function at exception vector 50 too large)

.vector_51      0x9fc01860        0x0
 *(.vector_51)
                0x00000001                ASSERT (((_vector_spacing == 0x0) || (SIZEOF (.vector_51) <= (_vector_spacing << 0x5))), function at exception vector 51 too large)

.vector_52      0x9fc01880        0x0
 *(.vector_52)
                0x00000001                ASSERT (((_vector_spacing == 0x0) || (SIZEOF (.vector_52) <= (_vector_spacing << 0x5))), function at exception vector 52 too large)

.vector_53      0x9fc018a0        0x0
 *(.vector_53)
                0x00000001                ASSERT (((_vector_spacing == 0x0) || (SIZEOF (.vector_53) <= (_vector_spacing << 0x5))), function at exception vector 53 too large)

.vector_54      0x9fc018c0        0x0
 *(.vector_54)
                0x00000001                ASSERT (((_vector_spacing == 0x0) || (SIZEOF (.vector_54) <= (_vector_spacing << 0x5))), function at exception vector 54 too large)

.vector_55      0x9fc018e0        0x0
 *(.vector_55)
                0x00000001                ASSERT (((_vector_spacing == 0x0) || (SIZEOF (.vector_55) <= (_vector_spacing << 0x5))), function at exception vector 55 too large)

.vector_56      0x9fc01900        0x0
 *(.vector_56)
                0x00000001                ASSERT (((_vector_spacing == 0x0) || (SIZEOF (.vector_56) <= (_vector_spacing << 0x5))), function at exception vector 56 too large)

.vector_57      0x9fc01920        0x0
 *(.vector_57)
                0x00000001                ASSERT (((_vector_spacing == 0x0) || (SIZEOF (.vector_57) <= (_vector_spacing << 0x5))), function at exception vector 57 too large)

.vector_58      0x9fc01940        0x0
 *(.vector_58)
                0x00000001                ASSERT (((_vector_spacing == 0x0) || (SIZEOF (.vector_58) <= (_vector_spacing << 0x5))), function at exception vector 58 too large)

.vector_59      0x9fc01960        0x0
 *(.vector_59)
                0x00000001                ASSERT (((_vector_spacing == 0x0) || (SIZEOF (.vector_59) <= (_vector_spacing << 0x5))), function at exception vector 59 too large)

.vector_60      0x9fc01980        0x0
 *(.vector_60)
                0x00000001                ASSERT (((_vector_spacing == 0x0) || (SIZEOF (.vector_60) <= (_vector_spacing << 0x5))), function at exception vector 60 too large)

.vector_61      0x9fc019a0        0x0
 *(.vector_61)
                0x00000001                ASSERT (((_vector_spacing == 0x0) || (SIZEOF (.vector_61) <= (_vector_spacing << 0x5))), function at exception vector 61 too large)

.vector_62      0x9fc019c0        0x0
 *(.vector_62)
                0x00000001                ASSERT (((_vector_spacing == 0x0) || (SIZEOF (.vector_62) <= (_vector_spacing << 0x5))), function at exception vector 62 too large)

.vector_63      0x9fc019e0        0x0
 *(.vector_63)
                0x00000001                ASSERT (((_vector_spacing == 0x0) || (SIZEOF (.vector_63) <= (_vector_spacing << 0x5))), function at exception vector 63 too large)

.startup
 *(.startup)

.text
 *(.stub .gnu.linkonce.t.*)
 *(.text.*personality*)
 *(.mips16.fn.*)
 *(.mips16.call.*)
 *(.gnu.warning)

.rodata         0x9d000000        0x0
 *(.rodata.* .gnu.linkonce.r.*)
 *(.rodata1)
                0x9d000000                . = ALIGN (0x4)

.sdata2         0x9fc00490        0x0
 *(.sdata2 .sdata2.* .gnu.linkonce.s2.*)
                0x9fc00490                . = ALIGN (0x4)

.sbss2          0x9fc00490        0x0
 *(.sbss2 .sbss2.* .gnu.linkonce.sb2.*)
                0x9fc00490                . = ALIGN (0x4)

.eh_frame_hdr
 *(.eh_frame_hdr)

.eh_frame
 *(.eh_frame)

.dbg_data       0xa0000000        0x0
                0xa0000000                . = (. + DEFINED (_DEBUGGER)?0x200:0x0)

.persist        0xa0000000        0x0
                0xa0000000                _persist_begin = .
 *(.persist .persist.*)
                0xa0000000                . = ALIGN (0x4)
                0xa0000000                _persist_end = .

.eh_frame       0xa0000000       0x3c
 *(.eh_frame)
 .eh_frame      0xa0000000       0x28 c:/program files (x86)/microchip/mplabc32/v2.02/bin/../lib/gcc/pic32mx/4.5.1/speed\libgcc.a(_udivdi3.o)
 .eh_frame      0xa0000028       0x14 c:/program files (x86)/microchip/mplabc32/v2.02/bin/../lib/gcc/pic32mx/4.5.1/speed\libgcc.a(_umoddi3.o)
                                 0x28 (size before relaxing)
                0xa000003c                . = .
                0xa0008030                _gp = (ALIGN (0x10) + 0x7ff0)

.got
 *(.got.plt)
 *(.got)

.sdata          0xa000003c       0x40
                0xa000003c                _sdata_begin = .
 *(.sdata .sdata.* .gnu.linkonce.s.*)
 .sdata         0xa000003c       0x24 build/default/production/_ext/1360937237/MainDemo.o
                0xa000003c                playFlag
                0xa0000040                muteFlag
                0xa0000044                playbackFlag
                0xa0000048                fxDataCount
                0xa000004a                volADC
                0xa000004b                volDAC
                0xa000004c                tabSetting
                0xa000004d                countDemo
                0xa000004e                countSetting
 .sdata         0xa0000060        0x4 ..\libgfxusbmsdPIC32MX795F512L_ADK.a(Primitive.o)
 .sdata         0xa0000064        0xc ..\libgfxusbmsdPIC32MX795F512L_ADK.a(FSIO.o)
                0xa0000064                gLastFATSectorRead
                0xa0000068                gLastDataSectorRead
                0xa000006c                cwdptr
 .sdata         0xa0000070        0x4 ..\libgfxusbmsdPIC32MX795F512L_ADK.a(usb_host_msd.o)
 .sdata         0xa0000074        0x8 ..\libgfxusbmsdPIC32MX795F512L_ADK.a(usb_config.o)
                0xa0000074                usbTPL
                0xa000007c                _sdata_end = .

.lit8
 *(.lit8)

.lit4
 *(.lit4)
                0xa000007c                . = ALIGN (0x4)
                0xa000007c                _data_end = .
                0xa000007c                _bss_begin = .

.sbss           0xa000007c      0x218
                0xa000007c                _sbss_begin = .
 *(.dynsbss)
 *(.sbss .sbss.* .gnu.linkonce.sb.*)
 .sbss          0xa000007c       0x34 build/default/production/_ext/1360937237/MainDemo.o
                0xa000007c                fxPointer
                0xa0000080                tmpCounter
                0xa0000084                charArraySize
                0xa0000088                stateScreen
                0xa000008c                screenTab
                0xa0000090                buttonsFlag
                0xa0000094                recordFlag
                0xa0000098                secCount
                0xa000009a                audioIn
                0xa000009c                currentSampleRate
 .sbss          0xa00000b0        0x4 build/default/production/_ext/1360937237/WM8960Drv.o
 .sbss          0xa00000b4       0x28 ..\libgfxusbmsdPIC32MX795F512L_ADK.a(GOL.o)
                0xa00000b4                _pGolObjects
                0xa00000b8                _pDefaultGolScheme
                0xa00000bc                _pObjectFocused
                0xa00000c0                GRADIENT
                0xa00000c4                _pRpnlBitmap
 .sbss          0xa00000dc       0x8c ..\libgfxusbmsdPIC32MX795F512L_ADK.a(Primitive.o)
                0xa00000dc                _bevelDrawType
 .sbss          0xa0000168       0x18 ..\libgfxusbmsdPIC32MX795F512L_ADK.a(FSIO.o)
                0xa0000168                gNeedFATWrite
                0xa000016c                gBufferOwner
                0xa0000170                gNeedDataWrite
                0xa0000174                nextClusterIsLast
                0xa0000178                gBufferZeroed
                0xa000017c                recache
 .sbss          0xa0000180        0xc ..\libgfxusbmsdPIC32MX795F512L_ADK.a(usb_host_msd_scsi.o)
 .sbss          0xa000018c       0x30 ..\libgfxusbmsdPIC32MX795F512L_ADK.a(usb_host.o)
                0xa000018c                pCurrentConfigurationDescriptor
                0xa0000190                pDeviceDescriptor
 .sbss          0xa00001bc        0xc ..\libgfxusbmsdPIC32MX795F512L_ADK.a(Tick.o)
 .sbss          0xa00001c8        0x8 c:/program files (x86)/microchip/mplabc32/v2.02/bin/../lib/gcc/pic32mx/4.5.1/../../../../pic32mx/lib/speed\libc.a(sbrk.o)
                0xa00001c8                _minbrk
                0xa00001cc                _maxbrk
 .sbss          0xa00001d0        0x4 c:/program files (x86)/microchip/mplabc32/v2.02/bin/../lib/gcc/pic32mx/4.5.1/../../../../pic32mx/lib/speed\libc.a(errno.o)
                0xa00001d0                errno
 *(.scommon)
 .scommon       0xa00001d4       0x3c build/default/production/_ext/1360937237/MainDemo.o
                0xa00001d4                playback
                0xa00001d8                AUDIO_IN
                0xa00001dc                fxCurrectData
                0xa00001e0                pCodecHandle
                0xa00001e4                tickStart
                0xa00001e8                charBuffer
                0xa00001ec                volADCIndication
                0xa00001f0                settings
                0xa00001f4                record
                0xa00001f8                graphicsMessage
                0xa0000200                altScheme
                0xa0000204                loopback
                0xa0000208                volDACIndication
                0xa000020c                fxFile
 .scommon       0xa0000210        0x0 build/default/production/_ext/1360937237/WM8960Drv.o
 .scommon       0xa0000210       0x1a ..\libgfxusbmsdPIC32MX795F512L_ADK.a(GOL.o)
                0xa0000210                _rpnlFaceColor
                0xa0000214                _rpnlEmbossLtColor
                0xa0000216                _rpnlX1
                0xa0000218                _rpnlEmbossDkColor
                0xa000021c                _rpnlR
                0xa000021e                _rpnlGradientType
                0xa0000220                _rpnlX2
                0xa0000222                _rpnlGradientColor
                0xa0000224                _rpnlEmbossSize
                0xa0000226                _rpnlY1
                0xa0000228                _rpnlY2
 *fill*         0xa000022a        0x2 00
 .scommon       0xa000022c       0x21 ..\libgfxusbmsdPIC32MX795F512L_ADK.a(Primitive.o)
                0xa000022c                _fontFirstChar
                0xa0000230                _lineType
                0xa0000234                _fontLastChar
                0xa0000238                _cursorY
                0xa000023c                _fontHeight
                0xa0000240                _lineThickness
                0xa0000244                _font
                0xa0000248                _cursorX
                0xa000024c                _fontOrientation
 *fill*         0xa000024d        0x1 00
 .scommon       0xa000024e        0xe ..\libgfxusbmsdPIC32MX795F512L_ADK.a(DisplayDriver.o)
                0xa000024e                _clipTop
                0xa0000250                _clipBottom
                0xa0000252                _color
                0xa0000254                _clipLeft
                0xa0000256                _page
                0xa0000258                _clipRgn
                0xa000025a                _clipRight
 .scommon       0xa000025c       0x2a ..\libgfxusbmsdPIC32MX795F512L_ADK.a(FSIO.o)
                0xa000025c                TempClusterCalc
                0xa0000260                gTimeCrtTime
                0xa0000264                gFileSlotOpen
                0xa0000268                gTimeAccDate
                0xa000026c                gTimeCrtDate
                0xa0000270                FSerrno
                0xa0000274                dirCleared
                0xa0000278                gTimeWrtTime
                0xa000027c                FatRootDirClusterValue
                0xa0000280                gTimeCrtMS
                0xa0000284                gTimeWrtDate
 *fill*         0xa0000286        0x2 00
 .scommon       0xa0000288        0x2 ..\libgfxusbmsdPIC32MX795F512L_ADK.a(usb_host.o)
                0xa0000288                usbOverrideHostState
 *fill*         0xa000028a        0x2 00
 .scommon       0xa000028c        0x8 ..\libgfxusbmsdPIC32MX795F512L_ADK.a(Tick.o)
                0xa000028c                dwTicksPerMillisecond
                0xa0000290                dwTicksPerSecond
                0xa0000294                _sbss_end = .

.bss            0xa0000294     0xa614
 *(.dynbss)
 *(COMMON)
 COMMON         0xa0000294     0xa0a2 build/default/production/_ext/1360937237/MainDemo.o
                0xa0000294                Sin
                0xa0001294                fxData
                0xa00012c8                din
                0xa00032c8                charArray
                0xa000332c                temp
                0xa000532c                dout
                0xa000732c                scratch
                0xa000932c                Sout
                0xa000a32c                secBuffer
 *fill*         0xa000a336        0x2 00
 COMMON         0xa000a338      0x56d ..\libgfxusbmsdPIC32MX795F512L_ADK.a(FSIO.o)
                0xa000a338                tempCWDobj
                0xa000a374                gDiskData
                0xa000a39c                gFATBuffer
                0xa000a59c                cwd
                0xa000a5d8                gDataBuffer
                0xa000a7d8                gFileArray
                0xa000a850                gFileTemp
                0xa000a88c                defaultArray
                0xa000a898                defaultString
                0xa000a8a8                . = ALIGN (0x4)
 *fill*         0xa000a8a5        0x3 00
                0xa000a8a8                . = ALIGN (0x4)
                0xa000a8a8                _end = .
                0xa000a8a8                _bss_end = .
                0x00020000                _bmxdudba_address = 0x20000
                0x00020000                _bmxdupba_address = 0x20000

/DISCARD/
 *(.pdr)
 *(.reginfo)
 *(.rel.dyn)
 *(.note.GNU-stack)
 *(.note.GNU-stack)
 *(.gnu_debuglink)
 *(.gnu.lto_*)
 *(.discard)

.stab
 *(.stab)

.stabstr
 *(.stabstr)

.stab.excl
 *(.stab.excl)

.stab.exclstr
 *(.stab.exclstr)

.stab.index
 *(.stab.index)

.stab.indexstr
 *(.stab.indexstr)

.comment        0x00000000      0x2d7
 *(.comment)
 .comment       0x00000000       0x51 build/default/production/_ext/1360937237/Font25PixelsHeight.o
                                 0x52 (size before relaxing)
 .comment       0x00000000       0x52 build/default/production/_ext/1360937237/icons_adb.o
 .comment       0x00000000       0x52 build/default/production/_ext/1360937237/MainDemo.o
 .comment       0x00000000       0x52 build/default/production/_ext/1360937237/WM8960Drv.o
 .comment       0x00000051       0x51 ..\libgfxusbmsdPIC32MX795F512L_ADK.a(GOL.o)
                                 0x52 (size before relaxing)
 .comment       0x00000000       0x52 ..\libgfxusbmsdPIC32MX795F512L_ADK.a(GOLFontDefault.o)
 .comment       0x00000000       0x52 ..\libgfxusbmsdPIC32MX795F512L_ADK.a(Primitive.o)
 .comment       0x00000000       0x52 ..\libgfxusbmsdPIC32MX795F512L_ADK.a(TimeDelay.o)
 .comment       0x00000000       0x52 ..\libgfxusbmsdPIC32MX795F512L_ADK.a(DisplayDriver.o)
 .comment       0x00000000       0x52 ..\libgfxusbmsdPIC32MX795F512L_ADK.a(FSIO.o)
 .comment       0x00000000       0x52 ..\libgfxusbmsdPIC32MX795F512L_ADK.a(usb_host_msd.o)
 .comment       0x00000000       0x52 ..\libgfxusbmsdPIC32MX795F512L_ADK.a(usb_host_msd_scsi.o)
 .comment       0x00000000       0x52 ..\libgfxusbmsdPIC32MX795F512L_ADK.a(usb_host.o)
 .comment       0x00000000       0x52 ..\libgfxusbmsdPIC32MX795F512L_ADK.a(Tick.o)
 .comment       0x00000000       0x52 ..\libgfxusbmsdPIC32MX795F512L_ADK.a(usb_config.o)
 .comment       0x00000000       0x52 c:/program files (x86)/microchip/mplabc32/v2.02/bin/../lib/gcc/pic32mx/4.5.1/speed\libgcc.a(_udivdi3.o)
 .comment       0x00000000       0x52 c:/program files (x86)/microchip/mplabc32/v2.02/bin/../lib/gcc/pic32mx/4.5.1/speed\libgcc.a(_umoddi3.o)
 .comment       0x000000a2       0x55 c:/program files (x86)/microchip/mplabc32/v2.02/bin/../lib/gcc/pic32mx/4.5.1/../../../../pic32mx/lib/speed\libc.a(memset.o)
                                 0x56 (size before relaxing)
 .comment       0x000000f7       0x55 c:/program files (x86)/microchip/mplabc32/v2.02/bin/../lib/gcc/pic32mx/4.5.1/../../../../pic32mx/lib/speed\libc.a(strcpy.o)
                                 0x56 (size before relaxing)
 .comment       0x0000014c       0x55 c:/program files (x86)/microchip/mplabc32/v2.02/bin/../lib/gcc/pic32mx/4.5.1/../../../../pic32mx/lib/speed\libc.a(strlen.o)
                                 0x56 (size before relaxing)
 .comment       0x00000000       0x52 c:/program files (x86)/microchip/mplabc32/v2.02/bin/../lib/gcc/pic32mx/4.5.1/../../../../pic32mx/lib/speed\libc.a(atoi.o)
 .comment       0x000001a1       0x4e c:/program files (x86)/microchip/mplabc32/v2.02/bin/../lib/gcc/pic32mx/4.5.1/../../../../pic32mx/lib/speed\libc.a(ctype.o)
                                 0xa0 (size before relaxing)
 .comment       0x000001ef       0x4f c:/program files (x86)/microchip/mplabc32/v2.02/bin/../lib/gcc/pic32mx/4.5.1/../../../../pic32mx/lib/speed\libc.a(ctypef.o)
                                 0xa1 (size before relaxing)
 .comment       0x00000000       0x52 c:/program files (x86)/microchip/mplabc32/v2.02/bin/../lib/gcc/pic32mx/4.5.1/../../../../pic32mx/lib/speed\libc.a(malloc.o)
 .comment       0x00000000       0x52 c:/program files (x86)/microchip/mplabc32/v2.02/bin/../lib/gcc/pic32mx/4.5.1/../../../../pic32mx/lib/speed\libc.a(strchr.o)
 .comment       0x00000000       0x52 c:/program files (x86)/microchip/mplabc32/v2.02/bin/../lib/gcc/pic32mx/4.5.1/../../../../pic32mx/lib/speed\libc.a(strncpy.o)
 .comment       0x00000000       0x52 c:/program files (x86)/microchip/mplabc32/v2.02/bin/../lib/gcc/pic32mx/4.5.1/../../../../pic32mx/lib/speed\libc.a(strtok.o)
 .comment       0x0000023e       0x4b c:/program files (x86)/microchip/mplabc32/v2.02/bin/../lib/gcc/pic32mx/4.5.1/../../../../pic32mx/lib/speed\libc.a(sbrk.o)
                                 0x9d (size before relaxing)
 .comment       0x00000000       0x52 c:/program files (x86)/microchip/mplabc32/v2.02/bin/../lib/gcc/pic32mx/4.5.1/../../../../pic32mx/lib/speed\libc.a(default-general-exception-handler.o)
 .comment       0x00000000       0x52 c:/program files (x86)/microchip/mplabc32/v2.02/bin/../lib/gcc/pic32mx/4.5.1/../../../../pic32mx/lib/speed\libc.a(default-bootstrap-exception-handler.o)
 .comment       0x00000000       0x52 c:/program files (x86)/microchip/mplabc32/v2.02/bin/../lib/gcc/pic32mx/4.5.1/../../../../pic32mx/lib/speed\libc.a(default-on-reset.o)
 .comment       0x00000000       0x52 c:/program files (x86)/microchip/mplabc32/v2.02/bin/../lib/gcc/pic32mx/4.5.1/../../../../pic32mx/lib/speed\libc.a(default-on-bootstrap.o)
 .comment       0x00000000       0x52 c:/program files (x86)/microchip/mplabc32/v2.02/bin/../lib/gcc/pic32mx/4.5.1/../../../../pic32mx/lib/speed\libc.a(errno.o)
 .comment       0x00000000       0x52 c:/program files (x86)/microchip/mplabc32/v2.02/bin/../lib/gcc/pic32mx/4.5.1/../../../../pic32mx/lib/speed\libc.a(strcspn.o)
 .comment       0x00000000       0x52 c:/program files (x86)/microchip/mplabc32/v2.02/bin/../lib/gcc/pic32mx/4.5.1/../../../../pic32mx/lib/speed\libc.a(strspn.o)
 .comment       0x00000000       0x52 c:/program files (x86)/microchip/mplabc32/v2.02/bin/../lib/gcc/pic32mx/4.5.1/../../../../pic32mx/lib/speed\libm.a(w_expf.o)
 .comment       0x00000000       0x52 c:/program files (x86)/microchip/mplabc32/v2.02/bin/../lib/gcc/pic32mx/4.5.1/../../../../pic32mx/lib/speed\libm.a(s_lib_ver.o)
 .comment       0x00000000       0x52 c:/program files (x86)/microchip/mplabc32/v2.02/bin/../lib/gcc/pic32mx/4.5.1/../../../../pic32mx/lib/speed\libmchp_peripheral_32MX795F512L.a(pcache.o)
 .comment       0x00000000       0x52 c:/program files (x86)/microchip/mplabc32/v2.02/bin/../lib/gcc/pic32mx/4.5.1/../../../../pic32mx/lib/speed\libmchp_peripheral_32MX795F512L.a(int_disable_interrupts_lib.o)
 .comment       0x00000000       0x52 c:/program files (x86)/microchip/mplabc32/v2.02/bin/../lib/gcc/pic32mx/4.5.1/../../../../pic32mx/lib/speed\libmchp_peripheral_32MX795F512L.a(int_restore_interrupts_lib.o)
 .comment       0x00000000       0x52 c:/program files (x86)/microchip/mplabc32/v2.02/bin/../lib/gcc/pic32mx/4.5.1/../../../../pic32mx/lib/speed\libmchp_peripheral_32MX795F512L.a(int_enable_mv_int_lib.o)
 .comment       0x00000000       0x52 c:/program files (x86)/microchip/mplabc32/v2.02/bin/../lib/gcc/pic32mx/4.5.1/../../../../pic32mx/lib/speed\libmchp_peripheral_32MX795F512L.a(int_tbl_lib.o)
 .comment       0x00000000       0x52 c:/program files (x86)/microchip/mplabc32/v2.02/bin/../lib/gcc/pic32mx/4.5.1/../../../../pic32mx/lib/speed\libmchp_peripheral_32MX795F512L.a(int_tbl_legacy_lib.o)
 .comment       0x00000000       0x52 c:/program files (x86)/microchip/mplabc32/v2.02/bin/../lib/gcc/pic32mx/4.5.1/../../../../pic32mx/lib/speed\libmchp_peripheral_32MX795F512L.a(spi_chn_configure_lib.o)
 .comment       0x00000000       0x52 c:/program files (x86)/microchip/mplabc32/v2.02/bin/../lib/gcc/pic32mx/4.5.1/../../../../pic32mx/lib/speed\libmchp_peripheral_32MX795F512L.a(spi_chn_enable_lib.o)
 .comment       0x00000000       0x52 c:/program files (x86)/microchip/mplabc32/v2.02/bin/../lib/gcc/pic32mx/4.5.1/../../../../pic32mx/lib/speed\libmchp_peripheral_32MX795F512L.a(spi_map_tbl_libp.o)
 .comment       0x00000000       0x52 c:/program files (x86)/microchip/mplabc32/v2.02/bin/../lib/gcc/pic32mx/4.5.1/../../../../pic32mx/lib/speed\libmchp_peripheral_32MX795F512L.a(dma_chn_set_ev_enable_flags_lib.o)
 .comment       0x00000000       0x52 c:/program files (x86)/microchip/mplabc32/v2.02/bin/../lib/gcc/pic32mx/4.5.1/../../../../pic32mx/lib/speed\libmchp_peripheral_32MX795F512L.a(dma_chn_clr_ev_flags_lib.o)
 .comment       0x00000000       0x52 c:/program files (x86)/microchip/mplabc32/v2.02/bin/../lib/gcc/pic32mx/4.5.1/../../../../pic32mx/lib/speed\libmchp_peripheral_32MX795F512L.a(dma_chn_configure_lib.o)
 .comment       0x00000000       0x52 c:/program files (x86)/microchip/mplabc32/v2.02/bin/../lib/gcc/pic32mx/4.5.1/../../../../pic32mx/lib/speed\libmchp_peripheral_32MX795F512L.a(dma_chn_disable_lib.o)
 .comment       0x00000000       0x52 c:/program files (x86)/microchip/mplabc32/v2.02/bin/../lib/gcc/pic32mx/4.5.1/../../../../pic32mx/lib/speed\libmchp_peripheral_32MX795F512L.a(dma_chn_enable_lib.o)
 .comment       0x00000000       0x52 c:/program files (x86)/microchip/mplabc32/v2.02/bin/../lib/gcc/pic32mx/4.5.1/../../../../pic32mx/lib/speed\libmchp_peripheral_32MX795F512L.a(dma_chn_write_event_control_flags_lib.o)
 .comment       0x00000000       0x52 c:/program files (x86)/microchip/mplabc32/v2.02/bin/../lib/gcc/pic32mx/4.5.1/../../../../pic32mx/lib/speed\libmchp_peripheral_32MX795F512L.a(dma_chn_set_txfer_lib.o)
 .comment       0x00000000       0x52 c:/program files (x86)/microchip/mplabc32/v2.02/bin/../lib/gcc/pic32mx/4.5.1/../../../../pic32mx/lib/speed\libmchp_peripheral_32MX795F512L.a(dma_reg_map_tbl_lib.o)
 .comment       0x00000000       0x52 c:/program files (x86)/microchip/mplabc32/v2.02/bin/../lib/gcc/pic32mx/4.5.1/../../../../pic32mx/lib/speed\libmchp_peripheral_32MX795F512L.a(port_set_pins_digital_out_lib.o)
 .comment       0x00000000       0x52 c:/program files (x86)/microchip/mplabc32/v2.02/bin/../lib/gcc/pic32mx/4.5.1/../../../../pic32mx/lib/speed\libmchp_peripheral_32MX795F512L.a(port_clear_bits_lib.o)
 .comment       0x00000000       0x52 c:/program files (x86)/microchip/mplabc32/v2.02/bin/../lib/gcc/pic32mx/4.5.1/../../../../pic32mx/lib/speed\libmchp_peripheral_32MX795F512L.a(port_set_bits_lib.o)
 .comment       0x00000000       0x52 c:/program files (x86)/microchip/mplabc32/v2.02/bin/../lib/gcc/pic32mx/4.5.1/../../../../pic32mx/lib/speed\libmchp_peripheral_32MX795F512L.a(_ports_tbl_libp.o)
 .comment       0x00000000       0x52 c:/program files (x86)/microchip/mplabc32/v2.02/bin/../lib/gcc/pic32mx/4.5.1/../../../../pic32mx/lib/speed\libmchp_peripheral_32MX795F512L.a(I2CBusIsIdle.o)
 .comment       0x00000000       0x52 c:/program files (x86)/microchip/mplabc32/v2.02/bin/../lib/gcc/pic32mx/4.5.1/../../../../pic32mx/lib/speed\libmchp_peripheral_32MX795F512L.a(I2CByteWasAcknowledged.o)
 .comment       0x00000000       0x52 c:/program files (x86)/microchip/mplabc32/v2.02/bin/../lib/gcc/pic32mx/4.5.1/../../../../pic32mx/lib/speed\libmchp_peripheral_32MX795F512L.a(I2CConfigure.o)
 .comment       0x00000000       0x52 c:/program files (x86)/microchip/mplabc32/v2.02/bin/../lib/gcc/pic32mx/4.5.1/../../../../pic32mx/lib/speed\libmchp_peripheral_32MX795F512L.a(I2CEnable.o)
 .comment       0x00000000       0x52 c:/program files (x86)/microchip/mplabc32/v2.02/bin/../lib/gcc/pic32mx/4.5.1/../../../../pic32mx/lib/speed\libmchp_peripheral_32MX795F512L.a(I2CGetStatus.o)
 .comment       0x00000000       0x52 c:/program files (x86)/microchip/mplabc32/v2.02/bin/../lib/gcc/pic32mx/4.5.1/../../../../pic32mx/lib/speed\libmchp_peripheral_32MX795F512L.a(I2CSendByte.o)
 .comment       0x00000000       0x52 c:/program files (x86)/microchip/mplabc32/v2.02/bin/../lib/gcc/pic32mx/4.5.1/../../../../pic32mx/lib/speed\libmchp_peripheral_32MX795F512L.a(I2CSetFrequency.o)
 .comment       0x00000000       0x52 c:/program files (x86)/microchip/mplabc32/v2.02/bin/../lib/gcc/pic32mx/4.5.1/../../../../pic32mx/lib/speed\libmchp_peripheral_32MX795F512L.a(I2CStart.o)
 .comment       0x00000000       0x52 c:/program files (x86)/microchip/mplabc32/v2.02/bin/../lib/gcc/pic32mx/4.5.1/../../../../pic32mx/lib/speed\libmchp_peripheral_32MX795F512L.a(I2CStop.o)
 .comment       0x00000000       0x52 c:/program files (x86)/microchip/mplabc32/v2.02/bin/../lib/gcc/pic32mx/4.5.1/../../../../pic32mx/lib/speed\libmchp_peripheral_32MX795F512L.a(I2CTransmissionHasCompleted.o)
 .comment       0x00000000       0x52 c:/program files (x86)/microchip/mplabc32/v2.02/bin/../lib/gcc/pic32mx/4.5.1/../../../../pic32mx/lib/speed\libmchp_peripheral_32MX795F512L.a(int_enable_interrupts_lib.o)
 .comment       0x00000000       0x52 c:/program files (x86)/microchip/mplabc32/v2.02/bin/../lib/gcc/pic32mx/4.5.1/../../../../pic32mx/lib/speed\libmchp_peripheral_32MX795F512L.a(I2CPrivate.o)
 .comment       0x00000000       0x52 c:/program files (x86)/microchip/mplabc32/v2.02/bin/../lib/gcc/pic32mx/4.5.1/../../../../pic32mx/lib/speed\libc.a(isinf.o)
 .comment       0x00000289       0x4e c:/program files (x86)/microchip/mplabc32/v2.02/bin/../lib/gcc/pic32mx/4.5.1/../../../../pic32mx/lib/speed\libe.a(_unorddf2.o)
                                 0xa0 (size before relaxing)

.debug
 *(.debug)

.line
 *(.line)

.debug_srcinfo
 *(.debug_srcinfo)

.debug_sfnames
 *(.debug_sfnames)

.debug_aranges  0x00000000      0x840
 *(.debug_aranges)
 .debug_aranges
                0x00000000       0x20 ..\libgfxusbmsdPIC32MX795F512L_ADK.a(GOL.o)
 .debug_aranges
                0x00000020       0x20 ..\libgfxusbmsdPIC32MX795F512L_ADK.a(Primitive.o)
 .debug_aranges
                0x00000040       0x20 ..\libgfxusbmsdPIC32MX795F512L_ADK.a(TimeDelay.o)
 .debug_aranges
                0x00000060       0x20 ..\libgfxusbmsdPIC32MX795F512L_ADK.a(DisplayDriver.o)
 .debug_aranges
                0x00000080       0x20 ..\libgfxusbmsdPIC32MX795F512L_ADK.a(FSIO.o)
 .debug_aranges
                0x000000a0       0x20 ..\libgfxusbmsdPIC32MX795F512L_ADK.a(usb_host_msd.o)
 .debug_aranges
                0x000000c0       0x20 ..\libgfxusbmsdPIC32MX795F512L_ADK.a(usb_host_msd_scsi.o)
 .debug_aranges
                0x000000e0       0x20 ..\libgfxusbmsdPIC32MX795F512L_ADK.a(usb_host.o)
 .debug_aranges
                0x00000100       0x20 ..\libgfxusbmsdPIC32MX795F512L_ADK.a(Tick.o)
 .debug_aranges
                0x00000120       0x20 c:/program files (x86)/microchip/mplabc32/v2.02/bin/../lib/gcc/pic32mx/4.5.1/speed\libgcc.a(_udivdi3.o)
 .debug_aranges
                0x00000140       0x20 c:/program files (x86)/microchip/mplabc32/v2.02/bin/../lib/gcc/pic32mx/4.5.1/speed\libgcc.a(_umoddi3.o)
 .debug_aranges
                0x00000160       0x20 c:/program files (x86)/microchip/mplabc32/v2.02/bin/../lib/gcc/pic32mx/4.5.1/../../../../pic32mx/lib/speed\libc.a(atoi.o)
 .debug_aranges
                0x00000180       0xa0 c:/program files (x86)/microchip/mplabc32/v2.02/bin/../lib/gcc/pic32mx/4.5.1/../../../../pic32mx/lib/speed\libc.a(ctypef.o)
 .debug_aranges
                0x00000220       0x30 c:/program files (x86)/microchip/mplabc32/v2.02/bin/../lib/gcc/pic32mx/4.5.1/../../../../pic32mx/lib/speed\libc.a(malloc.o)
 .debug_aranges
                0x00000250       0x20 c:/program files (x86)/microchip/mplabc32/v2.02/bin/../lib/gcc/pic32mx/4.5.1/../../../../pic32mx/lib/speed\libc.a(strchr.o)
 .debug_aranges
                0x00000270       0x20 c:/program files (x86)/microchip/mplabc32/v2.02/bin/../lib/gcc/pic32mx/4.5.1/../../../../pic32mx/lib/speed\libc.a(strncpy.o)
 .debug_aranges
                0x00000290       0x20 c:/program files (x86)/microchip/mplabc32/v2.02/bin/../lib/gcc/pic32mx/4.5.1/../../../../pic32mx/lib/speed\libc.a(strtok.o)
 .debug_aranges
                0x000002b0       0x40 c:/program files (x86)/microchip/mplabc32/v2.02/bin/../lib/gcc/pic32mx/4.5.1/../../../../pic32mx/lib/speed\libc.a(sbrk.o)
 .debug_aranges
                0x000002f0       0x20 c:/program files (x86)/microchip/mplabc32/v2.02/bin/../lib/gcc/pic32mx/4.5.1/../../../../pic32mx/lib/speed\libc.a(default-general-exception-handler.o)
 .debug_aranges
                0x00000310       0x20 c:/program files (x86)/microchip/mplabc32/v2.02/bin/../lib/gcc/pic32mx/4.5.1/../../../../pic32mx/lib/speed\libc.a(default-bootstrap-exception-handler.o)
 .debug_aranges
                0x00000330       0x20 c:/program files (x86)/microchip/mplabc32/v2.02/bin/../lib/gcc/pic32mx/4.5.1/../../../../pic32mx/lib/speed\libc.a(default-on-reset.o)
 .debug_aranges
                0x00000350       0x20 c:/program files (x86)/microchip/mplabc32/v2.02/bin/../lib/gcc/pic32mx/4.5.1/../../../../pic32mx/lib/speed\libc.a(default-on-bootstrap.o)
 .debug_aranges
                0x00000370       0x20 c:/program files (x86)/microchip/mplabc32/v2.02/bin/../lib/gcc/pic32mx/4.5.1/../../../../pic32mx/lib/speed\libc.a(strcspn.o)
 .debug_aranges
                0x00000390       0x20 c:/program files (x86)/microchip/mplabc32/v2.02/bin/../lib/gcc/pic32mx/4.5.1/../../../../pic32mx/lib/speed\libc.a(strspn.o)
 .debug_aranges
                0x000003b0       0x20 c:/program files (x86)/microchip/mplabc32/v2.02/bin/../lib/gcc/pic32mx/4.5.1/../../../../pic32mx/lib/speed\libm.a(w_expf.o)
 .debug_aranges
                0x000003d0       0x28 c:/program files (x86)/microchip/mplabc32/v2.02/bin/../lib/gcc/pic32mx/4.5.1/../../../../pic32mx/lib/speed\libmchp_peripheral_32MX795F512L.a(pcache.o)
 .debug_aranges
                0x000003f8       0x20 c:/program files (x86)/microchip/mplabc32/v2.02/bin/../lib/gcc/pic32mx/4.5.1/../../../../pic32mx/lib/speed\libmchp_peripheral_32MX795F512L.a(int_disable_interrupts_lib.o)
 .debug_aranges
                0x00000418       0x20 c:/program files (x86)/microchip/mplabc32/v2.02/bin/../lib/gcc/pic32mx/4.5.1/../../../../pic32mx/lib/speed\libmchp_peripheral_32MX795F512L.a(int_restore_interrupts_lib.o)
 .debug_aranges
                0x00000438       0x20 c:/program files (x86)/microchip/mplabc32/v2.02/bin/../lib/gcc/pic32mx/4.5.1/../../../../pic32mx/lib/speed\libmchp_peripheral_32MX795F512L.a(int_enable_mv_int_lib.o)
 .debug_aranges
                0x00000458       0x60 c:/program files (x86)/microchip/mplabc32/v2.02/bin/../lib/gcc/pic32mx/4.5.1/../../../../pic32mx/lib/speed\libmchp_peripheral_32MX795F512L.a(int_tbl_lib.o)
 .debug_aranges
                0x000004b8       0x40 c:/program files (x86)/microchip/mplabc32/v2.02/bin/../lib/gcc/pic32mx/4.5.1/../../../../pic32mx/lib/speed\libmchp_peripheral_32MX795F512L.a(int_tbl_legacy_lib.o)
 .debug_aranges
                0x000004f8       0x20 c:/program files (x86)/microchip/mplabc32/v2.02/bin/../lib/gcc/pic32mx/4.5.1/../../../../pic32mx/lib/speed\libmchp_peripheral_32MX795F512L.a(spi_chn_configure_lib.o)
 .debug_aranges
                0x00000518       0x20 c:/program files (x86)/microchip/mplabc32/v2.02/bin/../lib/gcc/pic32mx/4.5.1/../../../../pic32mx/lib/speed\libmchp_peripheral_32MX795F512L.a(spi_chn_enable_lib.o)
 .debug_aranges
                0x00000538       0x20 c:/program files (x86)/microchip/mplabc32/v2.02/bin/../lib/gcc/pic32mx/4.5.1/../../../../pic32mx/lib/speed\libmchp_peripheral_32MX795F512L.a(dma_chn_set_ev_enable_flags_lib.o)
 .debug_aranges
                0x00000558       0x20 c:/program files (x86)/microchip/mplabc32/v2.02/bin/../lib/gcc/pic32mx/4.5.1/../../../../pic32mx/lib/speed\libmchp_peripheral_32MX795F512L.a(dma_chn_clr_ev_flags_lib.o)
 .debug_aranges
                0x00000578       0x20 c:/program files (x86)/microchip/mplabc32/v2.02/bin/../lib/gcc/pic32mx/4.5.1/../../../../pic32mx/lib/speed\libmchp_peripheral_32MX795F512L.a(dma_chn_configure_lib.o)
 .debug_aranges
                0x00000598       0x20 c:/program files (x86)/microchip/mplabc32/v2.02/bin/../lib/gcc/pic32mx/4.5.1/../../../../pic32mx/lib/speed\libmchp_peripheral_32MX795F512L.a(dma_chn_disable_lib.o)
 .debug_aranges
                0x000005b8       0x20 c:/program files (x86)/microchip/mplabc32/v2.02/bin/../lib/gcc/pic32mx/4.5.1/../../../../pic32mx/lib/speed\libmchp_peripheral_32MX795F512L.a(dma_chn_enable_lib.o)
 .debug_aranges
                0x000005d8       0x20 c:/program files (x86)/microchip/mplabc32/v2.02/bin/../lib/gcc/pic32mx/4.5.1/../../../../pic32mx/lib/speed\libmchp_peripheral_32MX795F512L.a(dma_chn_write_event_control_flags_lib.o)
 .debug_aranges
                0x000005f8       0x20 c:/program files (x86)/microchip/mplabc32/v2.02/bin/../lib/gcc/pic32mx/4.5.1/../../../../pic32mx/lib/speed\libmchp_peripheral_32MX795F512L.a(dma_chn_set_txfer_lib.o)
 .debug_aranges
                0x00000618       0x20 c:/program files (x86)/microchip/mplabc32/v2.02/bin/../lib/gcc/pic32mx/4.5.1/../../../../pic32mx/lib/speed\libmchp_peripheral_32MX795F512L.a(port_set_pins_digital_out_lib.o)
 .debug_aranges
                0x00000638       0x20 c:/program files (x86)/microchip/mplabc32/v2.02/bin/../lib/gcc/pic32mx/4.5.1/../../../../pic32mx/lib/speed\libmchp_peripheral_32MX795F512L.a(port_clear_bits_lib.o)
 .debug_aranges
                0x00000658       0x20 c:/program files (x86)/microchip/mplabc32/v2.02/bin/../lib/gcc/pic32mx/4.5.1/../../../../pic32mx/lib/speed\libmchp_peripheral_32MX795F512L.a(port_set_bits_lib.o)
 .debug_aranges
                0x00000678       0x20 c:/program files (x86)/microchip/mplabc32/v2.02/bin/../lib/gcc/pic32mx/4.5.1/../../../../pic32mx/lib/speed\libmchp_peripheral_32MX795F512L.a(I2CBusIsIdle.o)
 .debug_aranges
                0x00000698       0x20 c:/program files (x86)/microchip/mplabc32/v2.02/bin/../lib/gcc/pic32mx/4.5.1/../../../../pic32mx/lib/speed\libmchp_peripheral_32MX795F512L.a(I2CByteWasAcknowledged.o)
 .debug_aranges
                0x000006b8       0x20 c:/program files (x86)/microchip/mplabc32/v2.02/bin/../lib/gcc/pic32mx/4.5.1/../../../../pic32mx/lib/speed\libmchp_peripheral_32MX795F512L.a(I2CConfigure.o)
 .debug_aranges
                0x000006d8       0x20 c:/program files (x86)/microchip/mplabc32/v2.02/bin/../lib/gcc/pic32mx/4.5.1/../../../../pic32mx/lib/speed\libmchp_peripheral_32MX795F512L.a(I2CEnable.o)
 .debug_aranges
                0x000006f8       0x20 c:/program files (x86)/microchip/mplabc32/v2.02/bin/../lib/gcc/pic32mx/4.5.1/../../../../pic32mx/lib/speed\libmchp_peripheral_32MX795F512L.a(I2CGetStatus.o)
 .debug_aranges
                0x00000718       0x20 c:/program files (x86)/microchip/mplabc32/v2.02/bin/../lib/gcc/pic32mx/4.5.1/../../../../pic32mx/lib/speed\libmchp_peripheral_32MX795F512L.a(I2CSendByte.o)
 .debug_aranges
                0x00000738       0x20 c:/program files (x86)/microchip/mplabc32/v2.02/bin/../lib/gcc/pic32mx/4.5.1/../../../../pic32mx/lib/speed\libmchp_peripheral_32MX795F512L.a(I2CSetFrequency.o)
 .debug_aranges
                0x00000758       0x20 c:/program files (x86)/microchip/mplabc32/v2.02/bin/../lib/gcc/pic32mx/4.5.1/../../../../pic32mx/lib/speed\libmchp_peripheral_32MX795F512L.a(I2CStart.o)
 .debug_aranges
                0x00000778       0x20 c:/program files (x86)/microchip/mplabc32/v2.02/bin/../lib/gcc/pic32mx/4.5.1/../../../../pic32mx/lib/speed\libmchp_peripheral_32MX795F512L.a(I2CStop.o)
 .debug_aranges
                0x00000798       0x20 c:/program files (x86)/microchip/mplabc32/v2.02/bin/../lib/gcc/pic32mx/4.5.1/../../../../pic32mx/lib/speed\libmchp_peripheral_32MX795F512L.a(I2CTransmissionHasCompleted.o)
 .debug_aranges
                0x000007b8       0x20 c:/program files (x86)/microchip/mplabc32/v2.02/bin/../lib/gcc/pic32mx/4.5.1/../../../../pic32mx/lib/speed\libmchp_peripheral_32MX795F512L.a(int_enable_interrupts_lib.o)
 .debug_aranges
                0x000007d8       0x48 c:/program files (x86)/microchip/mplabc32/v2.02/bin/../lib/gcc/pic32mx/4.5.1/../../../../pic32mx/lib/speed\libc.a(isinf.o)
 .debug_aranges
                0x00000820       0x20 c:/program files (x86)/microchip/mplabc32/v2.02/bin/../lib/gcc/pic32mx/4.5.1/../../../../pic32mx/lib/speed\libe.a(_unorddf2.o)

.debug_pubnames
                0x00000000     0x1be7
 *(.debug_pubnames)
 .debug_pubnames
                0x00000000      0x247 ..\libgfxusbmsdPIC32MX795F512L_ADK.a(GOL.o)
 .debug_pubnames
                0x00000247       0x30 ..\libgfxusbmsdPIC32MX795F512L_ADK.a(GOLFontDefault.o)
 .debug_pubnames
                0x00000277      0x21d ..\libgfxusbmsdPIC32MX795F512L_ADK.a(Primitive.o)
 .debug_pubnames
                0x00000494       0x2c ..\libgfxusbmsdPIC32MX795F512L_ADK.a(TimeDelay.o)
 .debug_pubnames
                0x000004c0       0xcd ..\libgfxusbmsdPIC32MX795F512L_ADK.a(DisplayDriver.o)
 .debug_pubnames
                0x0000058d      0x63a ..\libgfxusbmsdPIC32MX795F512L_ADK.a(FSIO.o)
 .debug_pubnames
                0x00000bc7      0x121 ..\libgfxusbmsdPIC32MX795F512L_ADK.a(usb_host_msd.o)
 .debug_pubnames
                0x00000ce8      0x10a ..\libgfxusbmsdPIC32MX795F512L_ADK.a(usb_host_msd_scsi.o)
 .debug_pubnames
                0x00000df2      0x3e6 ..\libgfxusbmsdPIC32MX795F512L_ADK.a(usb_host.o)
 .debug_pubnames
                0x000011d8       0xad ..\libgfxusbmsdPIC32MX795F512L_ADK.a(Tick.o)
 .debug_pubnames
                0x00001285       0x4e ..\libgfxusbmsdPIC32MX795F512L_ADK.a(usb_config.o)
 .debug_pubnames
                0x000012d3       0x20 c:/program files (x86)/microchip/mplabc32/v2.02/bin/../lib/gcc/pic32mx/4.5.1/speed\libgcc.a(_udivdi3.o)
 .debug_pubnames
                0x000012f3       0x20 c:/program files (x86)/microchip/mplabc32/v2.02/bin/../lib/gcc/pic32mx/4.5.1/speed\libgcc.a(_umoddi3.o)
 .debug_pubnames
                0x00001313       0x1b c:/program files (x86)/microchip/mplabc32/v2.02/bin/../lib/gcc/pic32mx/4.5.1/../../../../pic32mx/lib/speed\libc.a(atoi.o)
 .debug_pubnames
                0x0000132e       0xe1 c:/program files (x86)/microchip/mplabc32/v2.02/bin/../lib/gcc/pic32mx/4.5.1/../../../../pic32mx/lib/speed\libc.a(ctypef.o)
 .debug_pubnames
                0x0000140f       0x32 c:/program files (x86)/microchip/mplabc32/v2.02/bin/../lib/gcc/pic32mx/4.5.1/../../../../pic32mx/lib/speed\libc.a(malloc.o)
 .debug_pubnames
                0x00001441       0x1d c:/program files (x86)/microchip/mplabc32/v2.02/bin/../lib/gcc/pic32mx/4.5.1/../../../../pic32mx/lib/speed\libc.a(strchr.o)
 .debug_pubnames
                0x0000145e       0x1e c:/program files (x86)/microchip/mplabc32/v2.02/bin/../lib/gcc/pic32mx/4.5.1/../../../../pic32mx/lib/speed\libc.a(strncpy.o)
 .debug_pubnames
                0x0000147c       0x1d c:/program files (x86)/microchip/mplabc32/v2.02/bin/../lib/gcc/pic32mx/4.5.1/../../../../pic32mx/lib/speed\libc.a(strtok.o)
 .debug_pubnames
                0x00001499       0x5c c:/program files (x86)/microchip/mplabc32/v2.02/bin/../lib/gcc/pic32mx/4.5.1/../../../../pic32mx/lib/speed\libc.a(sbrk.o)
 .debug_pubnames
                0x000014f5       0x31 c:/program files (x86)/microchip/mplabc32/v2.02/bin/../lib/gcc/pic32mx/4.5.1/../../../../pic32mx/lib/speed\libc.a(default-general-exception-handler.o)
 .debug_pubnames
                0x00001526       0x33 c:/program files (x86)/microchip/mplabc32/v2.02/bin/../lib/gcc/pic32mx/4.5.1/../../../../pic32mx/lib/speed\libc.a(default-bootstrap-exception-handler.o)
 .debug_pubnames
                0x00001559       0x20 c:/program files (x86)/microchip/mplabc32/v2.02/bin/../lib/gcc/pic32mx/4.5.1/../../../../pic32mx/lib/speed\libc.a(default-on-reset.o)
 .debug_pubnames
                0x00001579       0x24 c:/program files (x86)/microchip/mplabc32/v2.02/bin/../lib/gcc/pic32mx/4.5.1/../../../../pic32mx/lib/speed\libc.a(default-on-bootstrap.o)
 .debug_pubnames
                0x0000159d       0x1e c:/program files (x86)/microchip/mplabc32/v2.02/bin/../lib/gcc/pic32mx/4.5.1/../../../../pic32mx/lib/speed\libc.a(strcspn.o)
 .debug_pubnames
                0x000015bb       0x1d c:/program files (x86)/microchip/mplabc32/v2.02/bin/../lib/gcc/pic32mx/4.5.1/../../../../pic32mx/lib/speed\libc.a(strspn.o)
 .debug_pubnames
                0x000015d8       0x1b c:/program files (x86)/microchip/mplabc32/v2.02/bin/../lib/gcc/pic32mx/4.5.1/../../../../pic32mx/lib/speed\libm.a(w_expf.o)
 .debug_pubnames
                0x000015f3       0x3b c:/program files (x86)/microchip/mplabc32/v2.02/bin/../lib/gcc/pic32mx/4.5.1/../../../../pic32mx/lib/speed\libmchp_peripheral_32MX795F512L.a(pcache.o)
 .debug_pubnames
                0x0000162e       0x2b c:/program files (x86)/microchip/mplabc32/v2.02/bin/../lib/gcc/pic32mx/4.5.1/../../../../pic32mx/lib/speed\libmchp_peripheral_32MX795F512L.a(int_disable_interrupts_lib.o)
 .debug_pubnames
                0x00001659       0x2b c:/program files (x86)/microchip/mplabc32/v2.02/bin/../lib/gcc/pic32mx/4.5.1/../../../../pic32mx/lib/speed\libmchp_peripheral_32MX795F512L.a(int_restore_interrupts_lib.o)
 .debug_pubnames
                0x00001684       0x36 c:/program files (x86)/microchip/mplabc32/v2.02/bin/../lib/gcc/pic32mx/4.5.1/../../../../pic32mx/lib/speed\libmchp_peripheral_32MX795F512L.a(int_enable_mv_int_lib.o)
 .debug_pubnames
                0x000016ba       0xca c:/program files (x86)/microchip/mplabc32/v2.02/bin/../lib/gcc/pic32mx/4.5.1/../../../../pic32mx/lib/speed\libmchp_peripheral_32MX795F512L.a(int_tbl_lib.o)
 .debug_pubnames
                0x00001784       0x85 c:/program files (x86)/microchip/mplabc32/v2.02/bin/../lib/gcc/pic32mx/4.5.1/../../../../pic32mx/lib/speed\libmchp_peripheral_32MX795F512L.a(int_tbl_legacy_lib.o)
 .debug_pubnames
                0x00001809       0x26 c:/program files (x86)/microchip/mplabc32/v2.02/bin/../lib/gcc/pic32mx/4.5.1/../../../../pic32mx/lib/speed\libmchp_peripheral_32MX795F512L.a(spi_chn_configure_lib.o)
 .debug_pubnames
                0x0000182f       0x23 c:/program files (x86)/microchip/mplabc32/v2.02/bin/../lib/gcc/pic32mx/4.5.1/../../../../pic32mx/lib/speed\libmchp_peripheral_32MX795F512L.a(spi_chn_enable_lib.o)
 .debug_pubnames
                0x00001852       0x2d c:/program files (x86)/microchip/mplabc32/v2.02/bin/../lib/gcc/pic32mx/4.5.1/../../../../pic32mx/lib/speed\libmchp_peripheral_32MX795F512L.a(dma_chn_set_ev_enable_flags_lib.o)
 .debug_pubnames
                0x0000187f       0x27 c:/program files (x86)/microchip/mplabc32/v2.02/bin/../lib/gcc/pic32mx/4.5.1/../../../../pic32mx/lib/speed\libmchp_peripheral_32MX795F512L.a(dma_chn_clr_ev_flags_lib.o)
 .debug_pubnames
                0x000018a6       0x26 c:/program files (x86)/microchip/mplabc32/v2.02/bin/../lib/gcc/pic32mx/4.5.1/../../../../pic32mx/lib/speed\libmchp_peripheral_32MX795F512L.a(dma_chn_configure_lib.o)
 .debug_pubnames
                0x000018cc       0x24 c:/program files (x86)/microchip/mplabc32/v2.02/bin/../lib/gcc/pic32mx/4.5.1/../../../../pic32mx/lib/speed\libmchp_peripheral_32MX795F512L.a(dma_chn_disable_lib.o)
 .debug_pubnames
                0x000018f0       0x23 c:/program files (x86)/microchip/mplabc32/v2.02/bin/../lib/gcc/pic32mx/4.5.1/../../../../pic32mx/lib/speed\libmchp_peripheral_32MX795F512L.a(dma_chn_enable_lib.o)
 .debug_pubnames
                0x00001913       0x33 c:/program files (x86)/microchip/mplabc32/v2.02/bin/../lib/gcc/pic32mx/4.5.1/../../../../pic32mx/lib/speed\libmchp_peripheral_32MX795F512L.a(dma_chn_write_event_control_flags_lib.o)
 .debug_pubnames
                0x00001946       0x25 c:/program files (x86)/microchip/mplabc32/v2.02/bin/../lib/gcc/pic32mx/4.5.1/../../../../pic32mx/lib/speed\libmchp_peripheral_32MX795F512L.a(dma_chn_set_txfer_lib.o)
 .debug_pubnames
                0x0000196b       0x2c c:/program files (x86)/microchip/mplabc32/v2.02/bin/../lib/gcc/pic32mx/4.5.1/../../../../pic32mx/lib/speed\libmchp_peripheral_32MX795F512L.a(port_set_pins_digital_out_lib.o)
 .debug_pubnames
                0x00001997       0x24 c:/program files (x86)/microchip/mplabc32/v2.02/bin/../lib/gcc/pic32mx/4.5.1/../../../../pic32mx/lib/speed\libmchp_peripheral_32MX795F512L.a(port_clear_bits_lib.o)
 .debug_pubnames
                0x000019bb       0x22 c:/program files (x86)/microchip/mplabc32/v2.02/bin/../lib/gcc/pic32mx/4.5.1/../../../../pic32mx/lib/speed\libmchp_peripheral_32MX795F512L.a(port_set_bits_lib.o)
 .debug_pubnames
                0x000019dd       0x23 c:/program files (x86)/microchip/mplabc32/v2.02/bin/../lib/gcc/pic32mx/4.5.1/../../../../pic32mx/lib/speed\libmchp_peripheral_32MX795F512L.a(I2CBusIsIdle.o)
 .debug_pubnames
                0x00001a00       0x2d c:/program files (x86)/microchip/mplabc32/v2.02/bin/../lib/gcc/pic32mx/4.5.1/../../../../pic32mx/lib/speed\libmchp_peripheral_32MX795F512L.a(I2CByteWasAcknowledged.o)
 .debug_pubnames
                0x00001a2d       0x23 c:/program files (x86)/microchip/mplabc32/v2.02/bin/../lib/gcc/pic32mx/4.5.1/../../../../pic32mx/lib/speed\libmchp_peripheral_32MX795F512L.a(I2CConfigure.o)
 .debug_pubnames
                0x00001a50       0x20 c:/program files (x86)/microchip/mplabc32/v2.02/bin/../lib/gcc/pic32mx/4.5.1/../../../../pic32mx/lib/speed\libmchp_peripheral_32MX795F512L.a(I2CEnable.o)
 .debug_pubnames
                0x00001a70       0x23 c:/program files (x86)/microchip/mplabc32/v2.02/bin/../lib/gcc/pic32mx/4.5.1/../../../../pic32mx/lib/speed\libmchp_peripheral_32MX795F512L.a(I2CGetStatus.o)
 .debug_pubnames
                0x00001a93       0x22 c:/program files (x86)/microchip/mplabc32/v2.02/bin/../lib/gcc/pic32mx/4.5.1/../../../../pic32mx/lib/speed\libmchp_peripheral_32MX795F512L.a(I2CSendByte.o)
 .debug_pubnames
                0x00001ab5       0x26 c:/program files (x86)/microchip/mplabc32/v2.02/bin/../lib/gcc/pic32mx/4.5.1/../../../../pic32mx/lib/speed\libmchp_peripheral_32MX795F512L.a(I2CSetFrequency.o)
 .debug_pubnames
                0x00001adb       0x1f c:/program files (x86)/microchip/mplabc32/v2.02/bin/../lib/gcc/pic32mx/4.5.1/../../../../pic32mx/lib/speed\libmchp_peripheral_32MX795F512L.a(I2CStart.o)
 .debug_pubnames
                0x00001afa       0x1e c:/program files (x86)/microchip/mplabc32/v2.02/bin/../lib/gcc/pic32mx/4.5.1/../../../../pic32mx/lib/speed\libmchp_peripheral_32MX795F512L.a(I2CStop.o)
 .debug_pubnames
                0x00001b18       0x32 c:/program files (x86)/microchip/mplabc32/v2.02/bin/../lib/gcc/pic32mx/4.5.1/../../../../pic32mx/lib/speed\libmchp_peripheral_32MX795F512L.a(I2CTransmissionHasCompleted.o)
 .debug_pubnames
                0x00001b4a       0x2a c:/program files (x86)/microchip/mplabc32/v2.02/bin/../lib/gcc/pic32mx/4.5.1/../../../../pic32mx/lib/speed\libmchp_peripheral_32MX795F512L.a(int_enable_interrupts_lib.o)
 .debug_pubnames
                0x00001b74       0x52 c:/program files (x86)/microchip/mplabc32/v2.02/bin/../lib/gcc/pic32mx/4.5.1/../../../../pic32mx/lib/speed\libc.a(isinf.o)
 .debug_pubnames
                0x00001bc6       0x21 c:/program files (x86)/microchip/mplabc32/v2.02/bin/../lib/gcc/pic32mx/4.5.1/../../../../pic32mx/lib/speed\libe.a(_unorddf2.o)

.debug_info     0x00000000    0x24939
 *(.debug_info .gnu.linkonce.wi.*)
 .debug_info    0x00000000     0x2707 ..\libgfxusbmsdPIC32MX795F512L_ADK.a(GOL.o)
 .debug_info    0x00002707     0x1609 ..\libgfxusbmsdPIC32MX795F512L_ADK.a(GOLFontDefault.o)
 .debug_info    0x00003d10     0x46a0 ..\libgfxusbmsdPIC32MX795F512L_ADK.a(Primitive.o)
 .debug_info    0x000083b0     0x12a9 ..\libgfxusbmsdPIC32MX795F512L_ADK.a(TimeDelay.o)
 .debug_info    0x00009659     0x2cd6 ..\libgfxusbmsdPIC32MX795F512L_ADK.a(DisplayDriver.o)
 .debug_info    0x0000c32f     0x8ab6 ..\libgfxusbmsdPIC32MX795F512L_ADK.a(FSIO.o)
 .debug_info    0x00014de5     0x2191 ..\libgfxusbmsdPIC32MX795F512L_ADK.a(usb_host_msd.o)
 .debug_info    0x00016f76     0x199a ..\libgfxusbmsdPIC32MX795F512L_ADK.a(usb_host_msd_scsi.o)
 .debug_info    0x00018910     0x5060 ..\libgfxusbmsdPIC32MX795F512L_ADK.a(usb_host.o)
 .debug_info    0x0001d970     0x20d8 ..\libgfxusbmsdPIC32MX795F512L_ADK.a(Tick.o)
 .debug_info    0x0001fa48     0x1820 ..\libgfxusbmsdPIC32MX795F512L_ADK.a(usb_config.o)
 .debug_info    0x00021268      0x78c c:/program files (x86)/microchip/mplabc32/v2.02/bin/../lib/gcc/pic32mx/4.5.1/speed\libgcc.a(_udivdi3.o)
 .debug_info    0x000219f4      0x7c9 c:/program files (x86)/microchip/mplabc32/v2.02/bin/../lib/gcc/pic32mx/4.5.1/speed\libgcc.a(_umoddi3.o)
 .debug_info    0x000221bd       0xcd c:/program files (x86)/microchip/mplabc32/v2.02/bin/../lib/gcc/pic32mx/4.5.1/../../../../pic32mx/lib/speed\libc.a(atoi.o)
 .debug_info    0x0002228a        0x0 c:/program files (x86)/microchip/mplabc32/v2.02/bin/../lib/gcc/pic32mx/4.5.1/../../../../pic32mx/lib/speed\libc.a(ctype.o)
 .debug_info    0x0002228a      0x235 c:/program files (x86)/microchip/mplabc32/v2.02/bin/../lib/gcc/pic32mx/4.5.1/../../../../pic32mx/lib/speed\libc.a(ctypef.o)
 .debug_info    0x000224bf      0x100 c:/program files (x86)/microchip/mplabc32/v2.02/bin/../lib/gcc/pic32mx/4.5.1/../../../../pic32mx/lib/speed\libc.a(malloc.o)
 .debug_info    0x000225bf       0xd1 c:/program files (x86)/microchip/mplabc32/v2.02/bin/../lib/gcc/pic32mx/4.5.1/../../../../pic32mx/lib/speed\libc.a(strchr.o)
 .debug_info    0x00022690       0xd3 c:/program files (x86)/microchip/mplabc32/v2.02/bin/../lib/gcc/pic32mx/4.5.1/../../../../pic32mx/lib/speed\libc.a(strncpy.o)
 .debug_info    0x00022763       0xd1 c:/program files (x86)/microchip/mplabc32/v2.02/bin/../lib/gcc/pic32mx/4.5.1/../../../../pic32mx/lib/speed\libc.a(strtok.o)
 .debug_info    0x00022834      0x139 c:/program files (x86)/microchip/mplabc32/v2.02/bin/../lib/gcc/pic32mx/4.5.1/../../../../pic32mx/lib/speed\libc.a(sbrk.o)
 .debug_info    0x0002296d      0x102 c:/program files (x86)/microchip/mplabc32/v2.02/bin/../lib/gcc/pic32mx/4.5.1/../../../../pic32mx/lib/speed\libc.a(default-general-exception-handler.o)
 .debug_info    0x00022a6f      0x106 c:/program files (x86)/microchip/mplabc32/v2.02/bin/../lib/gcc/pic32mx/4.5.1/../../../../pic32mx/lib/speed\libc.a(default-bootstrap-exception-handler.o)
 .debug_info    0x00022b75       0xe0 c:/program files (x86)/microchip/mplabc32/v2.02/bin/../lib/gcc/pic32mx/4.5.1/../../../../pic32mx/lib/speed\libc.a(default-on-reset.o)
 .debug_info    0x00022c55       0xe8 c:/program files (x86)/microchip/mplabc32/v2.02/bin/../lib/gcc/pic32mx/4.5.1/../../../../pic32mx/lib/speed\libc.a(default-on-bootstrap.o)
 .debug_info    0x00022d3d        0x0 c:/program files (x86)/microchip/mplabc32/v2.02/bin/../lib/gcc/pic32mx/4.5.1/../../../../pic32mx/lib/speed\libc.a(errno.o)
 .debug_info    0x00022d3d       0xd3 c:/program files (x86)/microchip/mplabc32/v2.02/bin/../lib/gcc/pic32mx/4.5.1/../../../../pic32mx/lib/speed\libc.a(strcspn.o)
 .debug_info    0x00022e10       0xd1 c:/program files (x86)/microchip/mplabc32/v2.02/bin/../lib/gcc/pic32mx/4.5.1/../../../../pic32mx/lib/speed\libc.a(strspn.o)
 .debug_info    0x00022ee1       0xd2 c:/program files (x86)/microchip/mplabc32/v2.02/bin/../lib/gcc/pic32mx/4.5.1/../../../../pic32mx/lib/speed\libm.a(w_expf.o)
 .debug_info    0x00022fb3        0x0 c:/program files (x86)/microchip/mplabc32/v2.02/bin/../lib/gcc/pic32mx/4.5.1/../../../../pic32mx/lib/speed\libm.a(s_lib_ver.o)
 .debug_info    0x00022fb3       0xd4 c:/program files (x86)/microchip/mplabc32/v2.02/bin/../lib/gcc/pic32mx/4.5.1/../../../../pic32mx/lib/speed\libmchp_peripheral_32MX795F512L.a(pcache.o)
 .debug_info    0x00023087       0xcb c:/program files (x86)/microchip/mplabc32/v2.02/bin/../lib/gcc/pic32mx/4.5.1/../../../../pic32mx/lib/speed\libmchp_peripheral_32MX795F512L.a(int_disable_interrupts_lib.o)
 .debug_info    0x00023152       0xcb c:/program files (x86)/microchip/mplabc32/v2.02/bin/../lib/gcc/pic32mx/4.5.1/../../../../pic32mx/lib/speed\libmchp_peripheral_32MX795F512L.a(int_restore_interrupts_lib.o)
 .debug_info    0x0002321d       0xd1 c:/program files (x86)/microchip/mplabc32/v2.02/bin/../lib/gcc/pic32mx/4.5.1/../../../../pic32mx/lib/speed\libmchp_peripheral_32MX795F512L.a(int_enable_mv_int_lib.o)
 .debug_info    0x000232ee      0x1ab c:/program files (x86)/microchip/mplabc32/v2.02/bin/../lib/gcc/pic32mx/4.5.1/../../../../pic32mx/lib/speed\libmchp_peripheral_32MX795F512L.a(int_tbl_lib.o)
 .debug_info    0x00023499      0x145 c:/program files (x86)/microchip/mplabc32/v2.02/bin/../lib/gcc/pic32mx/4.5.1/../../../../pic32mx/lib/speed\libmchp_peripheral_32MX795F512L.a(int_tbl_legacy_lib.o)
 .debug_info    0x000235de       0xc1 c:/program files (x86)/microchip/mplabc32/v2.02/bin/../lib/gcc/pic32mx/4.5.1/../../../../pic32mx/lib/speed\libmchp_peripheral_32MX795F512L.a(spi_chn_configure_lib.o)
 .debug_info    0x0002369f       0xbb c:/program files (x86)/microchip/mplabc32/v2.02/bin/../lib/gcc/pic32mx/4.5.1/../../../../pic32mx/lib/speed\libmchp_peripheral_32MX795F512L.a(spi_chn_enable_lib.o)
 .debug_info    0x0002375a        0x0 c:/program files (x86)/microchip/mplabc32/v2.02/bin/../lib/gcc/pic32mx/4.5.1/../../../../pic32mx/lib/speed\libmchp_peripheral_32MX795F512L.a(spi_map_tbl_libp.o)
 .debug_info    0x0002375a       0xd2 c:/program files (x86)/microchip/mplabc32/v2.02/bin/../lib/gcc/pic32mx/4.5.1/../../../../pic32mx/lib/speed\libmchp_peripheral_32MX795F512L.a(dma_chn_set_ev_enable_flags_lib.o)
 .debug_info    0x0002382c       0xc5 c:/program files (x86)/microchip/mplabc32/v2.02/bin/../lib/gcc/pic32mx/4.5.1/../../../../pic32mx/lib/speed\libmchp_peripheral_32MX795F512L.a(dma_chn_clr_ev_flags_lib.o)
 .debug_info    0x000238f1       0xc1 c:/program files (x86)/microchip/mplabc32/v2.02/bin/../lib/gcc/pic32mx/4.5.1/../../../../pic32mx/lib/speed\libmchp_peripheral_32MX795F512L.a(dma_chn_configure_lib.o)
 .debug_info    0x000239b2       0xbd c:/program files (x86)/microchip/mplabc32/v2.02/bin/../lib/gcc/pic32mx/4.5.1/../../../../pic32mx/lib/speed\libmchp_peripheral_32MX795F512L.a(dma_chn_disable_lib.o)
 .debug_info    0x00023a6f       0xbb c:/program files (x86)/microchip/mplabc32/v2.02/bin/../lib/gcc/pic32mx/4.5.1/../../../../pic32mx/lib/speed\libmchp_peripheral_32MX795F512L.a(dma_chn_enable_lib.o)
 .debug_info    0x00023b2a       0xde c:/program files (x86)/microchip/mplabc32/v2.02/bin/../lib/gcc/pic32mx/4.5.1/../../../../pic32mx/lib/speed\libmchp_peripheral_32MX795F512L.a(dma_chn_write_event_control_flags_lib.o)
 .debug_info    0x00023c08       0xd1 c:/program files (x86)/microchip/mplabc32/v2.02/bin/../lib/gcc/pic32mx/4.5.1/../../../../pic32mx/lib/speed\libmchp_peripheral_32MX795F512L.a(dma_chn_set_txfer_lib.o)
 .debug_info    0x00023cd9        0x0 c:/program files (x86)/microchip/mplabc32/v2.02/bin/../lib/gcc/pic32mx/4.5.1/../../../../pic32mx/lib/speed\libmchp_peripheral_32MX795F512L.a(dma_reg_map_tbl_lib.o)
 .debug_info    0x00023cd9       0xd1 c:/program files (x86)/microchip/mplabc32/v2.02/bin/../lib/gcc/pic32mx/4.5.1/../../../../pic32mx/lib/speed\libmchp_peripheral_32MX795F512L.a(port_set_pins_digital_out_lib.o)
 .debug_info    0x00023daa       0xbf c:/program files (x86)/microchip/mplabc32/v2.02/bin/../lib/gcc/pic32mx/4.5.1/../../../../pic32mx/lib/speed\libmchp_peripheral_32MX795F512L.a(port_clear_bits_lib.o)
 .debug_info    0x00023e69       0xbb c:/program files (x86)/microchip/mplabc32/v2.02/bin/../lib/gcc/pic32mx/4.5.1/../../../../pic32mx/lib/speed\libmchp_peripheral_32MX795F512L.a(port_set_bits_lib.o)
 .debug_info    0x00023f24        0x0 c:/program files (x86)/microchip/mplabc32/v2.02/bin/../lib/gcc/pic32mx/4.5.1/../../../../pic32mx/lib/speed\libmchp_peripheral_32MX795F512L.a(_ports_tbl_libp.o)
 .debug_info    0x00023f24       0xb5 c:/program files (x86)/microchip/mplabc32/v2.02/bin/../lib/gcc/pic32mx/4.5.1/../../../../pic32mx/lib/speed\libmchp_peripheral_32MX795F512L.a(I2CBusIsIdle.o)
 .debug_info    0x00023fd9       0xc9 c:/program files (x86)/microchip/mplabc32/v2.02/bin/../lib/gcc/pic32mx/4.5.1/../../../../pic32mx/lib/speed\libmchp_peripheral_32MX795F512L.a(I2CByteWasAcknowledged.o)
 .debug_info    0x000240a2       0xb5 c:/program files (x86)/microchip/mplabc32/v2.02/bin/../lib/gcc/pic32mx/4.5.1/../../../../pic32mx/lib/speed\libmchp_peripheral_32MX795F512L.a(I2CConfigure.o)
 .debug_info    0x00024157       0xaf c:/program files (x86)/microchip/mplabc32/v2.02/bin/../lib/gcc/pic32mx/4.5.1/../../../../pic32mx/lib/speed\libmchp_peripheral_32MX795F512L.a(I2CEnable.o)
 .debug_info    0x00024206       0xb5 c:/program files (x86)/microchip/mplabc32/v2.02/bin/../lib/gcc/pic32mx/4.5.1/../../../../pic32mx/lib/speed\libmchp_peripheral_32MX795F512L.a(I2CGetStatus.o)
 .debug_info    0x000242bb       0xb3 c:/program files (x86)/microchip/mplabc32/v2.02/bin/../lib/gcc/pic32mx/4.5.1/../../../../pic32mx/lib/speed\libmchp_peripheral_32MX795F512L.a(I2CSendByte.o)
 .debug_info    0x0002436e       0xbb c:/program files (x86)/microchip/mplabc32/v2.02/bin/../lib/gcc/pic32mx/4.5.1/../../../../pic32mx/lib/speed\libmchp_peripheral_32MX795F512L.a(I2CSetFrequency.o)
 .debug_info    0x00024429       0xad c:/program files (x86)/microchip/mplabc32/v2.02/bin/../lib/gcc/pic32mx/4.5.1/../../../../pic32mx/lib/speed\libmchp_peripheral_32MX795F512L.a(I2CStart.o)
 .debug_info    0x000244d6       0xab c:/program files (x86)/microchip/mplabc32/v2.02/bin/../lib/gcc/pic32mx/4.5.1/../../../../pic32mx/lib/speed\libmchp_peripheral_32MX795F512L.a(I2CStop.o)
 .debug_info    0x00024581       0xd3 c:/program files (x86)/microchip/mplabc32/v2.02/bin/../lib/gcc/pic32mx/4.5.1/../../../../pic32mx/lib/speed\libmchp_peripheral_32MX795F512L.a(I2CTransmissionHasCompleted.o)
 .debug_info    0x00024654       0xc9 c:/program files (x86)/microchip/mplabc32/v2.02/bin/../lib/gcc/pic32mx/4.5.1/../../../../pic32mx/lib/speed\libmchp_peripheral_32MX795F512L.a(int_enable_interrupts_lib.o)
 .debug_info    0x0002471d        0x0 c:/program files (x86)/microchip/mplabc32/v2.02/bin/../lib/gcc/pic32mx/4.5.1/../../../../pic32mx/lib/speed\libmchp_peripheral_32MX795F512L.a(I2CPrivate.o)
 .debug_info    0x0002471d      0x137 c:/program files (x86)/microchip/mplabc32/v2.02/bin/../lib/gcc/pic32mx/4.5.1/../../../../pic32mx/lib/speed\libc.a(isinf.o)
 .debug_info    0x00024854       0xe5 c:/program files (x86)/microchip/mplabc32/v2.02/bin/../lib/gcc/pic32mx/4.5.1/../../../../pic32mx/lib/speed\libe.a(_unorddf2.o)

.debug_abbrev   0x00000000     0x2b93
 *(.debug_abbrev)
 .debug_abbrev  0x00000000      0x444 ..\libgfxusbmsdPIC32MX795F512L_ADK.a(GOL.o)
 .debug_abbrev  0x00000444      0x196 ..\libgfxusbmsdPIC32MX795F512L_ADK.a(GOLFontDefault.o)
 .debug_abbrev  0x000005da      0x3d9 ..\libgfxusbmsdPIC32MX795F512L_ADK.a(Primitive.o)
 .debug_abbrev  0x000009b3      0x19b ..\libgfxusbmsdPIC32MX795F512L_ADK.a(TimeDelay.o)
 .debug_abbrev  0x00000b4e      0x343 ..\libgfxusbmsdPIC32MX795F512L_ADK.a(DisplayDriver.o)
 .debug_abbrev  0x00000e91      0x466 ..\libgfxusbmsdPIC32MX795F512L_ADK.a(FSIO.o)
 .debug_abbrev  0x000012f7      0x385 ..\libgfxusbmsdPIC32MX795F512L_ADK.a(usb_host_msd.o)
 .debug_abbrev  0x0000167c      0x2b6 ..\libgfxusbmsdPIC32MX795F512L_ADK.a(usb_host_msd_scsi.o)
 .debug_abbrev  0x00001932      0x493 ..\libgfxusbmsdPIC32MX795F512L_ADK.a(usb_host.o)
 .debug_abbrev  0x00001dc5      0x25d ..\libgfxusbmsdPIC32MX795F512L_ADK.a(Tick.o)
 .debug_abbrev  0x00002022      0x205 ..\libgfxusbmsdPIC32MX795F512L_ADK.a(usb_config.o)
 .debug_abbrev  0x00002227      0x13d c:/program files (x86)/microchip/mplabc32/v2.02/bin/../lib/gcc/pic32mx/4.5.1/speed\libgcc.a(_udivdi3.o)
 .debug_abbrev  0x00002364      0x15c c:/program files (x86)/microchip/mplabc32/v2.02/bin/../lib/gcc/pic32mx/4.5.1/speed\libgcc.a(_umoddi3.o)
 .debug_abbrev  0x000024c0       0x25 c:/program files (x86)/microchip/mplabc32/v2.02/bin/../lib/gcc/pic32mx/4.5.1/../../../../pic32mx/lib/speed\libc.a(atoi.o)
 .debug_abbrev  0x000024e5        0x1 c:/program files (x86)/microchip/mplabc32/v2.02/bin/../lib/gcc/pic32mx/4.5.1/../../../../pic32mx/lib/speed\libc.a(ctype.o)
 .debug_abbrev  0x000024e6       0x25 c:/program files (x86)/microchip/mplabc32/v2.02/bin/../lib/gcc/pic32mx/4.5.1/../../../../pic32mx/lib/speed\libc.a(ctypef.o)
 .debug_abbrev  0x0000250b       0x41 c:/program files (x86)/microchip/mplabc32/v2.02/bin/../lib/gcc/pic32mx/4.5.1/../../../../pic32mx/lib/speed\libc.a(malloc.o)
 .debug_abbrev  0x0000254c       0x25 c:/program files (x86)/microchip/mplabc32/v2.02/bin/../lib/gcc/pic32mx/4.5.1/../../../../pic32mx/lib/speed\libc.a(strchr.o)
 .debug_abbrev  0x00002571       0x25 c:/program files (x86)/microchip/mplabc32/v2.02/bin/../lib/gcc/pic32mx/4.5.1/../../../../pic32mx/lib/speed\libc.a(strncpy.o)
 .debug_abbrev  0x00002596       0x25 c:/program files (x86)/microchip/mplabc32/v2.02/bin/../lib/gcc/pic32mx/4.5.1/../../../../pic32mx/lib/speed\libc.a(strtok.o)
 .debug_abbrev  0x000025bb       0x38 c:/program files (x86)/microchip/mplabc32/v2.02/bin/../lib/gcc/pic32mx/4.5.1/../../../../pic32mx/lib/speed\libc.a(sbrk.o)
 .debug_abbrev  0x000025f3       0x25 c:/program files (x86)/microchip/mplabc32/v2.02/bin/../lib/gcc/pic32mx/4.5.1/../../../../pic32mx/lib/speed\libc.a(default-general-exception-handler.o)
 .debug_abbrev  0x00002618       0x25 c:/program files (x86)/microchip/mplabc32/v2.02/bin/../lib/gcc/pic32mx/4.5.1/../../../../pic32mx/lib/speed\libc.a(default-bootstrap-exception-handler.o)
 .debug_abbrev  0x0000263d       0x25 c:/program files (x86)/microchip/mplabc32/v2.02/bin/../lib/gcc/pic32mx/4.5.1/../../../../pic32mx/lib/speed\libc.a(default-on-reset.o)
 .debug_abbrev  0x00002662       0x25 c:/program files (x86)/microchip/mplabc32/v2.02/bin/../lib/gcc/pic32mx/4.5.1/../../../../pic32mx/lib/speed\libc.a(default-on-bootstrap.o)
 .debug_abbrev  0x00002687        0x1 c:/program files (x86)/microchip/mplabc32/v2.02/bin/../lib/gcc/pic32mx/4.5.1/../../../../pic32mx/lib/speed\libc.a(errno.o)
 .debug_abbrev  0x00002688       0x25 c:/program files (x86)/microchip/mplabc32/v2.02/bin/../lib/gcc/pic32mx/4.5.1/../../../../pic32mx/lib/speed\libc.a(strcspn.o)
 .debug_abbrev  0x000026ad       0x25 c:/program files (x86)/microchip/mplabc32/v2.02/bin/../lib/gcc/pic32mx/4.5.1/../../../../pic32mx/lib/speed\libc.a(strspn.o)
 .debug_abbrev  0x000026d2       0x25 c:/program files (x86)/microchip/mplabc32/v2.02/bin/../lib/gcc/pic32mx/4.5.1/../../../../pic32mx/lib/speed\libm.a(w_expf.o)
 .debug_abbrev  0x000026f7        0x1 c:/program files (x86)/microchip/mplabc32/v2.02/bin/../lib/gcc/pic32mx/4.5.1/../../../../pic32mx/lib/speed\libm.a(s_lib_ver.o)
 .debug_abbrev  0x000026f8       0x25 c:/program files (x86)/microchip/mplabc32/v2.02/bin/../lib/gcc/pic32mx/4.5.1/../../../../pic32mx/lib/speed\libmchp_peripheral_32MX795F512L.a(pcache.o)
 .debug_abbrev  0x0000271d       0x25 c:/program files (x86)/microchip/mplabc32/v2.02/bin/../lib/gcc/pic32mx/4.5.1/../../../../pic32mx/lib/speed\libmchp_peripheral_32MX795F512L.a(int_disable_interrupts_lib.o)
 .debug_abbrev  0x00002742       0x25 c:/program files (x86)/microchip/mplabc32/v2.02/bin/../lib/gcc/pic32mx/4.5.1/../../../../pic32mx/lib/speed\libmchp_peripheral_32MX795F512L.a(int_restore_interrupts_lib.o)
 .debug_abbrev  0x00002767       0x25 c:/program files (x86)/microchip/mplabc32/v2.02/bin/../lib/gcc/pic32mx/4.5.1/../../../../pic32mx/lib/speed\libmchp_peripheral_32MX795F512L.a(int_enable_mv_int_lib.o)
 .debug_abbrev  0x0000278c       0x25 c:/program files (x86)/microchip/mplabc32/v2.02/bin/../lib/gcc/pic32mx/4.5.1/../../../../pic32mx/lib/speed\libmchp_peripheral_32MX795F512L.a(int_tbl_lib.o)
 .debug_abbrev  0x000027b1       0x25 c:/program files (x86)/microchip/mplabc32/v2.02/bin/../lib/gcc/pic32mx/4.5.1/../../../../pic32mx/lib/speed\libmchp_peripheral_32MX795F512L.a(int_tbl_legacy_lib.o)
 .debug_abbrev  0x000027d6       0x25 c:/program files (x86)/microchip/mplabc32/v2.02/bin/../lib/gcc/pic32mx/4.5.1/../../../../pic32mx/lib/speed\libmchp_peripheral_32MX795F512L.a(spi_chn_configure_lib.o)
 .debug_abbrev  0x000027fb       0x25 c:/program files (x86)/microchip/mplabc32/v2.02/bin/../lib/gcc/pic32mx/4.5.1/../../../../pic32mx/lib/speed\libmchp_peripheral_32MX795F512L.a(spi_chn_enable_lib.o)
 .debug_abbrev  0x00002820        0x1 c:/program files (x86)/microchip/mplabc32/v2.02/bin/../lib/gcc/pic32mx/4.5.1/../../../../pic32mx/lib/speed\libmchp_peripheral_32MX795F512L.a(spi_map_tbl_libp.o)
 .debug_abbrev  0x00002821       0x25 c:/program files (x86)/microchip/mplabc32/v2.02/bin/../lib/gcc/pic32mx/4.5.1/../../../../pic32mx/lib/speed\libmchp_peripheral_32MX795F512L.a(dma_chn_set_ev_enable_flags_lib.o)
 .debug_abbrev  0x00002846       0x25 c:/program files (x86)/microchip/mplabc32/v2.02/bin/../lib/gcc/pic32mx/4.5.1/../../../../pic32mx/lib/speed\libmchp_peripheral_32MX795F512L.a(dma_chn_clr_ev_flags_lib.o)
 .debug_abbrev  0x0000286b       0x25 c:/program files (x86)/microchip/mplabc32/v2.02/bin/../lib/gcc/pic32mx/4.5.1/../../../../pic32mx/lib/speed\libmchp_peripheral_32MX795F512L.a(dma_chn_configure_lib.o)
 .debug_abbrev  0x00002890       0x25 c:/program files (x86)/microchip/mplabc32/v2.02/bin/../lib/gcc/pic32mx/4.5.1/../../../../pic32mx/lib/speed\libmchp_peripheral_32MX795F512L.a(dma_chn_disable_lib.o)
 .debug_abbrev  0x000028b5       0x25 c:/program files (x86)/microchip/mplabc32/v2.02/bin/../lib/gcc/pic32mx/4.5.1/../../../../pic32mx/lib/speed\libmchp_peripheral_32MX795F512L.a(dma_chn_enable_lib.o)
 .debug_abbrev  0x000028da       0x25 c:/program files (x86)/microchip/mplabc32/v2.02/bin/../lib/gcc/pic32mx/4.5.1/../../../../pic32mx/lib/speed\libmchp_peripheral_32MX795F512L.a(dma_chn_write_event_control_flags_lib.o)
 .debug_abbrev  0x000028ff       0x34 c:/program files (x86)/microchip/mplabc32/v2.02/bin/../lib/gcc/pic32mx/4.5.1/../../../../pic32mx/lib/speed\libmchp_peripheral_32MX795F512L.a(dma_chn_set_txfer_lib.o)
 .debug_abbrev  0x00002933        0x1 c:/program files (x86)/microchip/mplabc32/v2.02/bin/../lib/gcc/pic32mx/4.5.1/../../../../pic32mx/lib/speed\libmchp_peripheral_32MX795F512L.a(dma_reg_map_tbl_lib.o)
 .debug_abbrev  0x00002934       0x25 c:/program files (x86)/microchip/mplabc32/v2.02/bin/../lib/gcc/pic32mx/4.5.1/../../../../pic32mx/lib/speed\libmchp_peripheral_32MX795F512L.a(port_set_pins_digital_out_lib.o)
 .debug_abbrev  0x00002959       0x25 c:/program files (x86)/microchip/mplabc32/v2.02/bin/../lib/gcc/pic32mx/4.5.1/../../../../pic32mx/lib/speed\libmchp_peripheral_32MX795F512L.a(port_clear_bits_lib.o)
 .debug_abbrev  0x0000297e       0x25 c:/program files (x86)/microchip/mplabc32/v2.02/bin/../lib/gcc/pic32mx/4.5.1/../../../../pic32mx/lib/speed\libmchp_peripheral_32MX795F512L.a(port_set_bits_lib.o)
 .debug_abbrev  0x000029a3        0x1 c:/program files (x86)/microchip/mplabc32/v2.02/bin/../lib/gcc/pic32mx/4.5.1/../../../../pic32mx/lib/speed\libmchp_peripheral_32MX795F512L.a(_ports_tbl_libp.o)
 .debug_abbrev  0x000029a4       0x25 c:/program files (x86)/microchip/mplabc32/v2.02/bin/../lib/gcc/pic32mx/4.5.1/../../../../pic32mx/lib/speed\libmchp_peripheral_32MX795F512L.a(I2CBusIsIdle.o)
 .debug_abbrev  0x000029c9       0x25 c:/program files (x86)/microchip/mplabc32/v2.02/bin/../lib/gcc/pic32mx/4.5.1/../../../../pic32mx/lib/speed\libmchp_peripheral_32MX795F512L.a(I2CByteWasAcknowledged.o)
 .debug_abbrev  0x000029ee       0x25 c:/program files (x86)/microchip/mplabc32/v2.02/bin/../lib/gcc/pic32mx/4.5.1/../../../../pic32mx/lib/speed\libmchp_peripheral_32MX795F512L.a(I2CConfigure.o)
 .debug_abbrev  0x00002a13       0x25 c:/program files (x86)/microchip/mplabc32/v2.02/bin/../lib/gcc/pic32mx/4.5.1/../../../../pic32mx/lib/speed\libmchp_peripheral_32MX795F512L.a(I2CEnable.o)
 .debug_abbrev  0x00002a38       0x25 c:/program files (x86)/microchip/mplabc32/v2.02/bin/../lib/gcc/pic32mx/4.5.1/../../../../pic32mx/lib/speed\libmchp_peripheral_32MX795F512L.a(I2CGetStatus.o)
 .debug_abbrev  0x00002a5d       0x25 c:/program files (x86)/microchip/mplabc32/v2.02/bin/../lib/gcc/pic32mx/4.5.1/../../../../pic32mx/lib/speed\libmchp_peripheral_32MX795F512L.a(I2CSendByte.o)
 .debug_abbrev  0x00002a82       0x25 c:/program files (x86)/microchip/mplabc32/v2.02/bin/../lib/gcc/pic32mx/4.5.1/../../../../pic32mx/lib/speed\libmchp_peripheral_32MX795F512L.a(I2CSetFrequency.o)
 .debug_abbrev  0x00002aa7       0x25 c:/program files (x86)/microchip/mplabc32/v2.02/bin/../lib/gcc/pic32mx/4.5.1/../../../../pic32mx/lib/speed\libmchp_peripheral_32MX795F512L.a(I2CStart.o)
 .debug_abbrev  0x00002acc       0x25 c:/program files (x86)/microchip/mplabc32/v2.02/bin/../lib/gcc/pic32mx/4.5.1/../../../../pic32mx/lib/speed\libmchp_peripheral_32MX795F512L.a(I2CStop.o)
 .debug_abbrev  0x00002af1       0x25 c:/program files (x86)/microchip/mplabc32/v2.02/bin/../lib/gcc/pic32mx/4.5.1/../../../../pic32mx/lib/speed\libmchp_peripheral_32MX795F512L.a(I2CTransmissionHasCompleted.o)
 .debug_abbrev  0x00002b16       0x25 c:/program files (x86)/microchip/mplabc32/v2.02/bin/../lib/gcc/pic32mx/4.5.1/../../../../pic32mx/lib/speed\libmchp_peripheral_32MX795F512L.a(int_enable_interrupts_lib.o)
 .debug_abbrev  0x00002b3b        0x1 c:/program files (x86)/microchip/mplabc32/v2.02/bin/../lib/gcc/pic32mx/4.5.1/../../../../pic32mx/lib/speed\libmchp_peripheral_32MX795F512L.a(I2CPrivate.o)
 .debug_abbrev  0x00002b3c       0x25 c:/program files (x86)/microchip/mplabc32/v2.02/bin/../lib/gcc/pic32mx/4.5.1/../../../../pic32mx/lib/speed\libc.a(isinf.o)
 .debug_abbrev  0x00002b61       0x32 c:/program files (x86)/microchip/mplabc32/v2.02/bin/../lib/gcc/pic32mx/4.5.1/../../../../pic32mx/lib/speed\libe.a(_unorddf2.o)

.debug_line     0x00000000     0x8f13
 *(.debug_line)
 .debug_line    0x00000000      0x58d ..\libgfxusbmsdPIC32MX795F512L_ADK.a(GOL.o)
 .debug_line    0x0000058d      0x192 ..\libgfxusbmsdPIC32MX795F512L_ADK.a(GOLFontDefault.o)
 .debug_line    0x0000071f     0x149f ..\libgfxusbmsdPIC32MX795F512L_ADK.a(Primitive.o)
 .debug_line    0x00001bbe      0x18e ..\libgfxusbmsdPIC32MX795F512L_ADK.a(TimeDelay.o)
 .debug_line    0x00001d4c      0xc27 ..\libgfxusbmsdPIC32MX795F512L_ADK.a(DisplayDriver.o)
 .debug_line    0x00002973     0x31f6 ..\libgfxusbmsdPIC32MX795F512L_ADK.a(FSIO.o)
 .debug_line    0x00005b69      0x4be ..\libgfxusbmsdPIC32MX795F512L_ADK.a(usb_host_msd.o)
 .debug_line    0x00006027      0x2e6 ..\libgfxusbmsdPIC32MX795F512L_ADK.a(usb_host_msd_scsi.o)
 .debug_line    0x0000630d     0x1102 ..\libgfxusbmsdPIC32MX795F512L_ADK.a(usb_host.o)
 .debug_line    0x0000740f      0x22c ..\libgfxusbmsdPIC32MX795F512L_ADK.a(Tick.o)
 .debug_line    0x0000763b      0x16e ..\libgfxusbmsdPIC32MX795F512L_ADK.a(usb_config.o)
 .debug_line    0x000077a9      0x118 c:/program files (x86)/microchip/mplabc32/v2.02/bin/../lib/gcc/pic32mx/4.5.1/speed\libgcc.a(_udivdi3.o)
 .debug_line    0x000078c1      0x12e c:/program files (x86)/microchip/mplabc32/v2.02/bin/../lib/gcc/pic32mx/4.5.1/speed\libgcc.a(_umoddi3.o)
 .debug_line    0x000079ef       0x85 c:/program files (x86)/microchip/mplabc32/v2.02/bin/../lib/gcc/pic32mx/4.5.1/../../../../pic32mx/lib/speed\libc.a(atoi.o)
 .debug_line    0x00007a74        0x0 c:/program files (x86)/microchip/mplabc32/v2.02/bin/../lib/gcc/pic32mx/4.5.1/../../../../pic32mx/lib/speed\libc.a(ctype.o)
 .debug_line    0x00007a74       0x87 c:/program files (x86)/microchip/mplabc32/v2.02/bin/../lib/gcc/pic32mx/4.5.1/../../../../pic32mx/lib/speed\libc.a(ctypef.o)
 .debug_line    0x00007afb       0x87 c:/program files (x86)/microchip/mplabc32/v2.02/bin/../lib/gcc/pic32mx/4.5.1/../../../../pic32mx/lib/speed\libc.a(malloc.o)
 .debug_line    0x00007b82       0x87 c:/program files (x86)/microchip/mplabc32/v2.02/bin/../lib/gcc/pic32mx/4.5.1/../../../../pic32mx/lib/speed\libc.a(strchr.o)
 .debug_line    0x00007c09       0x88 c:/program files (x86)/microchip/mplabc32/v2.02/bin/../lib/gcc/pic32mx/4.5.1/../../../../pic32mx/lib/speed\libc.a(strncpy.o)
 .debug_line    0x00007c91       0x87 c:/program files (x86)/microchip/mplabc32/v2.02/bin/../lib/gcc/pic32mx/4.5.1/../../../../pic32mx/lib/speed\libc.a(strtok.o)
 .debug_line    0x00007d18       0x87 c:/program files (x86)/microchip/mplabc32/v2.02/bin/../lib/gcc/pic32mx/4.5.1/../../../../pic32mx/lib/speed\libc.a(sbrk.o)
 .debug_line    0x00007d9f       0xa4 c:/program files (x86)/microchip/mplabc32/v2.02/bin/../lib/gcc/pic32mx/4.5.1/../../../../pic32mx/lib/speed\libc.a(default-general-exception-handler.o)
 .debug_line    0x00007e43       0xa6 c:/program files (x86)/microchip/mplabc32/v2.02/bin/../lib/gcc/pic32mx/4.5.1/../../../../pic32mx/lib/speed\libc.a(default-bootstrap-exception-handler.o)
 .debug_line    0x00007ee9       0x93 c:/program files (x86)/microchip/mplabc32/v2.02/bin/../lib/gcc/pic32mx/4.5.1/../../../../pic32mx/lib/speed\libc.a(default-on-reset.o)
 .debug_line    0x00007f7c       0x97 c:/program files (x86)/microchip/mplabc32/v2.02/bin/../lib/gcc/pic32mx/4.5.1/../../../../pic32mx/lib/speed\libc.a(default-on-bootstrap.o)
 .debug_line    0x00008013        0x0 c:/program files (x86)/microchip/mplabc32/v2.02/bin/../lib/gcc/pic32mx/4.5.1/../../../../pic32mx/lib/speed\libc.a(errno.o)
 .debug_line    0x00008013       0x88 c:/program files (x86)/microchip/mplabc32/v2.02/bin/../lib/gcc/pic32mx/4.5.1/../../../../pic32mx/lib/speed\libc.a(strcspn.o)
 .debug_line    0x0000809b       0x87 c:/program files (x86)/microchip/mplabc32/v2.02/bin/../lib/gcc/pic32mx/4.5.1/../../../../pic32mx/lib/speed\libc.a(strspn.o)
 .debug_line    0x00008122       0x8a c:/program files (x86)/microchip/mplabc32/v2.02/bin/../lib/gcc/pic32mx/4.5.1/../../../../pic32mx/lib/speed\libm.a(w_expf.o)
 .debug_line    0x000081ac        0x0 c:/program files (x86)/microchip/mplabc32/v2.02/bin/../lib/gcc/pic32mx/4.5.1/../../../../pic32mx/lib/speed\libm.a(s_lib_ver.o)
 .debug_line    0x000081ac       0x62 c:/program files (x86)/microchip/mplabc32/v2.02/bin/../lib/gcc/pic32mx/4.5.1/../../../../pic32mx/lib/speed\libmchp_peripheral_32MX795F512L.a(pcache.o)
 .debug_line    0x0000820e       0x73 c:/program files (x86)/microchip/mplabc32/v2.02/bin/../lib/gcc/pic32mx/4.5.1/../../../../pic32mx/lib/speed\libmchp_peripheral_32MX795F512L.a(int_disable_interrupts_lib.o)
 .debug_line    0x00008281       0x73 c:/program files (x86)/microchip/mplabc32/v2.02/bin/../lib/gcc/pic32mx/4.5.1/../../../../pic32mx/lib/speed\libmchp_peripheral_32MX795F512L.a(int_restore_interrupts_lib.o)
 .debug_line    0x000082f4       0x6e c:/program files (x86)/microchip/mplabc32/v2.02/bin/../lib/gcc/pic32mx/4.5.1/../../../../pic32mx/lib/speed\libmchp_peripheral_32MX795F512L.a(int_enable_mv_int_lib.o)
 .debug_line    0x00008362       0x64 c:/program files (x86)/microchip/mplabc32/v2.02/bin/../lib/gcc/pic32mx/4.5.1/../../../../pic32mx/lib/speed\libmchp_peripheral_32MX795F512L.a(int_tbl_lib.o)
 .debug_line    0x000083c6       0x6b c:/program files (x86)/microchip/mplabc32/v2.02/bin/../lib/gcc/pic32mx/4.5.1/../../../../pic32mx/lib/speed\libmchp_peripheral_32MX795F512L.a(int_tbl_legacy_lib.o)
 .debug_line    0x00008431       0x6e c:/program files (x86)/microchip/mplabc32/v2.02/bin/../lib/gcc/pic32mx/4.5.1/../../../../pic32mx/lib/speed\libmchp_peripheral_32MX795F512L.a(spi_chn_configure_lib.o)
 .debug_line    0x0000849f       0x6b c:/program files (x86)/microchip/mplabc32/v2.02/bin/../lib/gcc/pic32mx/4.5.1/../../../../pic32mx/lib/speed\libmchp_peripheral_32MX795F512L.a(spi_chn_enable_lib.o)
 .debug_line    0x0000850a        0x0 c:/program files (x86)/microchip/mplabc32/v2.02/bin/../lib/gcc/pic32mx/4.5.1/../../../../pic32mx/lib/speed\libmchp_peripheral_32MX795F512L.a(spi_map_tbl_libp.o)
 .debug_line    0x0000850a       0x78 c:/program files (x86)/microchip/mplabc32/v2.02/bin/../lib/gcc/pic32mx/4.5.1/../../../../pic32mx/lib/speed\libmchp_peripheral_32MX795F512L.a(dma_chn_set_ev_enable_flags_lib.o)
 .debug_line    0x00008582       0x71 c:/program files (x86)/microchip/mplabc32/v2.02/bin/../lib/gcc/pic32mx/4.5.1/../../../../pic32mx/lib/speed\libmchp_peripheral_32MX795F512L.a(dma_chn_clr_ev_flags_lib.o)
 .debug_line    0x000085f3       0x6e c:/program files (x86)/microchip/mplabc32/v2.02/bin/../lib/gcc/pic32mx/4.5.1/../../../../pic32mx/lib/speed\libmchp_peripheral_32MX795F512L.a(dma_chn_configure_lib.o)
 .debug_line    0x00008661       0x6c c:/program files (x86)/microchip/mplabc32/v2.02/bin/../lib/gcc/pic32mx/4.5.1/../../../../pic32mx/lib/speed\libmchp_peripheral_32MX795F512L.a(dma_chn_disable_lib.o)
 .debug_line    0x000086cd       0x6b c:/program files (x86)/microchip/mplabc32/v2.02/bin/../lib/gcc/pic32mx/4.5.1/../../../../pic32mx/lib/speed\libmchp_peripheral_32MX795F512L.a(dma_chn_enable_lib.o)